[0.004s][debug][gc,heap,region] Activate regions [0, 120)
[0.010s][debug][gc,heap,region] Activate regions [1887, 1888)
[0.516s][trace][gc,heap,region] GC(0) Heap Regions: E=young(eden), S=young(survivor), O=old, HS=humongous(starts), HC=humongous(continues), CS=collection set, F=free, TAMS=top-at-mark-start, PB=parsable bottom
[0.516s][trace][gc,heap,region] GC(0) |   0|0x00000000a0000000, 0x00000000a0000000, 0x00000000a1000000|  0%| F|  |TAMS 0x00000000a0000000| PB 0x00000000a0000000| Untracked
[0.516s][trace][gc,heap,region] GC(0) |   1|0x00000000a1000000, 0x00000000a1000000, 0x00000000a2000000|  0%| F|  |TAMS 0x00000000a1000000| PB 0x00000000a1000000| Untracked
[0.516s][trace][gc,heap,region] GC(0) |   2|0x00000000a2000000, 0x00000000a2000000, 0x00000000a3000000|  0%| F|  |TAMS 0x00000000a2000000| PB 0x00000000a2000000| Untracked
[0.516s][trace][gc,heap,region] GC(0) |   3|0x00000000a3000000, 0x00000000a3000000, 0x00000000a4000000|  0%| F|  |TAMS 0x00000000a3000000| PB 0x00000000a3000000| Untracked
[0.516s][trace][gc,heap,region] GC(0) |   4|0x00000000a4000000, 0x00000000a4000000, 0x00000000a5000000|  0%| F|  |TAMS 0x00000000a4000000| PB 0x00000000a4000000| Untracked
[0.516s][trace][gc,heap,region] GC(0) |   5|0x00000000a5000000, 0x00000000a5000000, 0x00000000a6000000|  0%| F|  |TAMS 0x00000000a5000000| PB 0x00000000a5000000| Untracked
[0.516s][trace][gc,heap,region] GC(0) |   6|0x00000000a6000000, 0x00000000a6000000, 0x00000000a7000000|  0%| F|  |TAMS 0x00000000a6000000| PB 0x00000000a6000000| Untracked
[0.516s][trace][gc,heap,region] GC(0) |   7|0x00000000a7000000, 0x00000000a7000000, 0x00000000a8000000|  0%| F|  |TAMS 0x00000000a7000000| PB 0x00000000a7000000| Untracked
[0.516s][trace][gc,heap,region] GC(0) |   8|0x00000000a8000000, 0x00000000a8000000, 0x00000000a9000000|  0%| F|  |TAMS 0x00000000a8000000| PB 0x00000000a8000000| Untracked
[0.516s][trace][gc,heap,region] GC(0) |   9|0x00000000a9000000, 0x00000000a9000000, 0x00000000aa000000|  0%| F|  |TAMS 0x00000000a9000000| PB 0x00000000a9000000| Untracked
[0.516s][trace][gc,heap,region] GC(0) |  10|0x00000000aa000000, 0x00000000aa000000, 0x00000000ab000000|  0%| F|  |TAMS 0x00000000aa000000| PB 0x00000000aa000000| Untracked
[0.516s][trace][gc,heap,region] GC(0) |  11|0x00000000ab000000, 0x00000000ab000000, 0x00000000ac000000|  0%| F|  |TAMS 0x00000000ab000000| PB 0x00000000ab000000| Untracked
[0.516s][trace][gc,heap,region] GC(0) |  12|0x00000000ac000000, 0x00000000ac000000, 0x00000000ad000000|  0%| F|  |TAMS 0x00000000ac000000| PB 0x00000000ac000000| Untracked
[0.516s][trace][gc,heap,region] GC(0) |  13|0x00000000ad000000, 0x00000000ad000000, 0x00000000ae000000|  0%| F|  |TAMS 0x00000000ad000000| PB 0x00000000ad000000| Untracked
[0.516s][trace][gc,heap,region] GC(0) |  14|0x00000000ae000000, 0x00000000ae000000, 0x00000000af000000|  0%| F|  |TAMS 0x00000000ae000000| PB 0x00000000ae000000| Untracked
[0.516s][trace][gc,heap,region] GC(0) |  15|0x00000000af000000, 0x00000000af000000, 0x00000000b0000000|  0%| F|  |TAMS 0x00000000af000000| PB 0x00000000af000000| Untracked
[0.516s][trace][gc,heap,region] GC(0) |  16|0x00000000b0000000, 0x00000000b0000000, 0x00000000b1000000|  0%| F|  |TAMS 0x00000000b0000000| PB 0x00000000b0000000| Untracked
[0.516s][trace][gc,heap,region] GC(0) |  17|0x00000000b1000000, 0x00000000b1000000, 0x00000000b2000000|  0%| F|  |TAMS 0x00000000b1000000| PB 0x00000000b1000000| Untracked
[0.516s][trace][gc,heap,region] GC(0) |  18|0x00000000b2000000, 0x00000000b2000000, 0x00000000b3000000|  0%| F|  |TAMS 0x00000000b2000000| PB 0x00000000b2000000| Untracked
[0.516s][trace][gc,heap,region] GC(0) |  19|0x00000000b3000000, 0x00000000b3000000, 0x00000000b4000000|  0%| F|  |TAMS 0x00000000b3000000| PB 0x00000000b3000000| Untracked
[0.516s][trace][gc,heap,region] GC(0) |  20|0x00000000b4000000, 0x00000000b4000000, 0x00000000b5000000|  0%| F|  |TAMS 0x00000000b4000000| PB 0x00000000b4000000| Untracked
[0.516s][trace][gc,heap,region] GC(0) |  21|0x00000000b5000000, 0x00000000b5000000, 0x00000000b6000000|  0%| F|  |TAMS 0x00000000b5000000| PB 0x00000000b5000000| Untracked
[0.516s][trace][gc,heap,region] GC(0) |  22|0x00000000b6000000, 0x00000000b6000000, 0x00000000b7000000|  0%| F|  |TAMS 0x00000000b6000000| PB 0x00000000b6000000| Untracked
[0.516s][trace][gc,heap,region] GC(0) |  23|0x00000000b7000000, 0x00000000b7000000, 0x00000000b8000000|  0%| F|  |TAMS 0x00000000b7000000| PB 0x00000000b7000000| Untracked
[0.516s][trace][gc,heap,region] GC(0) |  24|0x00000000b8000000, 0x00000000b8000000, 0x00000000b9000000|  0%| F|  |TAMS 0x00000000b8000000| PB 0x00000000b8000000| Untracked
[0.516s][trace][gc,heap,region] GC(0) |  25|0x00000000b9000000, 0x00000000b9000000, 0x00000000ba000000|  0%| F|  |TAMS 0x00000000b9000000| PB 0x00000000b9000000| Untracked
[0.516s][trace][gc,heap,region] GC(0) |  26|0x00000000ba000000, 0x00000000ba000000, 0x00000000bb000000|  0%| F|  |TAMS 0x00000000ba000000| PB 0x00000000ba000000| Untracked
[0.516s][trace][gc,heap,region] GC(0) |  27|0x00000000bb000000, 0x00000000bb000000, 0x00000000bc000000|  0%| F|  |TAMS 0x00000000bb000000| PB 0x00000000bb000000| Untracked
[0.516s][trace][gc,heap,region] GC(0) |  28|0x00000000bc000000, 0x00000000bc000000, 0x00000000bd000000|  0%| F|  |TAMS 0x00000000bc000000| PB 0x00000000bc000000| Untracked
[0.516s][trace][gc,heap,region] GC(0) |  29|0x00000000bd000000, 0x00000000bd000000, 0x00000000be000000|  0%| F|  |TAMS 0x00000000bd000000| PB 0x00000000bd000000| Untracked
[0.516s][trace][gc,heap,region] GC(0) |  30|0x00000000be000000, 0x00000000be000000, 0x00000000bf000000|  0%| F|  |TAMS 0x00000000be000000| PB 0x00000000be000000| Untracked
[0.516s][trace][gc,heap,region] GC(0) |  31|0x00000000bf000000, 0x00000000bf000000, 0x00000000c0000000|  0%| F|  |TAMS 0x00000000bf000000| PB 0x00000000bf000000| Untracked
[0.516s][trace][gc,heap,region] GC(0) |  32|0x00000000c0000000, 0x00000000c0000000, 0x00000000c1000000|  0%| F|  |TAMS 0x00000000c0000000| PB 0x00000000c0000000| Untracked
[0.516s][trace][gc,heap,region] GC(0) |  33|0x00000000c1000000, 0x00000000c1000000, 0x00000000c2000000|  0%| F|  |TAMS 0x00000000c1000000| PB 0x00000000c1000000| Untracked
[0.516s][trace][gc,heap,region] GC(0) |  34|0x00000000c2000000, 0x00000000c2000000, 0x00000000c3000000|  0%| F|  |TAMS 0x00000000c2000000| PB 0x00000000c2000000| Untracked
[0.516s][trace][gc,heap,region] GC(0) |  35|0x00000000c3000000, 0x00000000c3000000, 0x00000000c4000000|  0%| F|  |TAMS 0x00000000c3000000| PB 0x00000000c3000000| Untracked
[0.516s][trace][gc,heap,region] GC(0) |  36|0x00000000c4000000, 0x00000000c4000000, 0x00000000c5000000|  0%| F|  |TAMS 0x00000000c4000000| PB 0x00000000c4000000| Untracked
[0.516s][trace][gc,heap,region] GC(0) |  37|0x00000000c5000000, 0x00000000c5000000, 0x00000000c6000000|  0%| F|  |TAMS 0x00000000c5000000| PB 0x00000000c5000000| Untracked
[0.516s][trace][gc,heap,region] GC(0) |  38|0x00000000c6000000, 0x00000000c6000000, 0x00000000c7000000|  0%| F|  |TAMS 0x00000000c6000000| PB 0x00000000c6000000| Untracked
[0.516s][trace][gc,heap,region] GC(0) |  39|0x00000000c7000000, 0x00000000c7000000, 0x00000000c8000000|  0%| F|  |TAMS 0x00000000c7000000| PB 0x00000000c7000000| Untracked
[0.516s][trace][gc,heap,region] GC(0) |  40|0x00000000c8000000, 0x00000000c8000000, 0x00000000c9000000|  0%| F|  |TAMS 0x00000000c8000000| PB 0x00000000c8000000| Untracked
[0.516s][trace][gc,heap,region] GC(0) |  41|0x00000000c9000000, 0x00000000c9000000, 0x00000000ca000000|  0%| F|  |TAMS 0x00000000c9000000| PB 0x00000000c9000000| Untracked
[0.516s][trace][gc,heap,region] GC(0) |  42|0x00000000ca000000, 0x00000000ca000000, 0x00000000cb000000|  0%| F|  |TAMS 0x00000000ca000000| PB 0x00000000ca000000| Untracked
[0.516s][trace][gc,heap,region] GC(0) |  43|0x00000000cb000000, 0x00000000cb000000, 0x00000000cc000000|  0%| F|  |TAMS 0x00000000cb000000| PB 0x00000000cb000000| Untracked
[0.516s][trace][gc,heap,region] GC(0) |  44|0x00000000cc000000, 0x00000000cc000000, 0x00000000cd000000|  0%| F|  |TAMS 0x00000000cc000000| PB 0x00000000cc000000| Untracked
[0.516s][trace][gc,heap,region] GC(0) |  45|0x00000000cd000000, 0x00000000cd000000, 0x00000000ce000000|  0%| F|  |TAMS 0x00000000cd000000| PB 0x00000000cd000000| Untracked
[0.516s][trace][gc,heap,region] GC(0) |  46|0x00000000ce000000, 0x00000000ce000000, 0x00000000cf000000|  0%| F|  |TAMS 0x00000000ce000000| PB 0x00000000ce000000| Untracked
[0.516s][trace][gc,heap,region] GC(0) |  47|0x00000000cf000000, 0x00000000cf000000, 0x00000000d0000000|  0%| F|  |TAMS 0x00000000cf000000| PB 0x00000000cf000000| Untracked
[0.516s][trace][gc,heap,region] GC(0) |  48|0x00000000d0000000, 0x00000000d0000000, 0x00000000d1000000|  0%| F|  |TAMS 0x00000000d0000000| PB 0x00000000d0000000| Untracked
[0.516s][trace][gc,heap,region] GC(0) |  49|0x00000000d1000000, 0x00000000d1000000, 0x00000000d2000000|  0%| F|  |TAMS 0x00000000d1000000| PB 0x00000000d1000000| Untracked
[0.516s][trace][gc,heap,region] GC(0) |  50|0x00000000d2000000, 0x00000000d2000000, 0x00000000d3000000|  0%| F|  |TAMS 0x00000000d2000000| PB 0x00000000d2000000| Untracked
[0.516s][trace][gc,heap,region] GC(0) |  51|0x00000000d3000000, 0x00000000d3000000, 0x00000000d4000000|  0%| F|  |TAMS 0x00000000d3000000| PB 0x00000000d3000000| Untracked
[0.516s][trace][gc,heap,region] GC(0) |  52|0x00000000d4000000, 0x00000000d4000000, 0x00000000d5000000|  0%| F|  |TAMS 0x00000000d4000000| PB 0x00000000d4000000| Untracked
[0.516s][trace][gc,heap,region] GC(0) |  53|0x00000000d5000000, 0x00000000d5000000, 0x00000000d6000000|  0%| F|  |TAMS 0x00000000d5000000| PB 0x00000000d5000000| Untracked
[0.516s][trace][gc,heap,region] GC(0) |  54|0x00000000d6000000, 0x00000000d6000000, 0x00000000d7000000|  0%| F|  |TAMS 0x00000000d6000000| PB 0x00000000d6000000| Untracked
[0.516s][trace][gc,heap,region] GC(0) |  55|0x00000000d7000000, 0x00000000d7000000, 0x00000000d8000000|  0%| F|  |TAMS 0x00000000d7000000| PB 0x00000000d7000000| Untracked
[0.516s][trace][gc,heap,region] GC(0) |  56|0x00000000d8000000, 0x00000000d8000000, 0x00000000d9000000|  0%| F|  |TAMS 0x00000000d8000000| PB 0x00000000d8000000| Untracked
[0.516s][trace][gc,heap,region] GC(0) |  57|0x00000000d9000000, 0x00000000d9000000, 0x00000000da000000|  0%| F|  |TAMS 0x00000000d9000000| PB 0x00000000d9000000| Untracked
[0.516s][trace][gc,heap,region] GC(0) |  58|0x00000000da000000, 0x00000000da000000, 0x00000000db000000|  0%| F|  |TAMS 0x00000000da000000| PB 0x00000000da000000| Untracked
[0.516s][trace][gc,heap,region] GC(0) |  59|0x00000000db000000, 0x00000000db000000, 0x00000000dc000000|  0%| F|  |TAMS 0x00000000db000000| PB 0x00000000db000000| Untracked
[0.516s][trace][gc,heap,region] GC(0) |  60|0x00000000dc000000, 0x00000000dc000000, 0x00000000dd000000|  0%| F|  |TAMS 0x00000000dc000000| PB 0x00000000dc000000| Untracked
[0.516s][trace][gc,heap,region] GC(0) |  61|0x00000000dd000000, 0x00000000dd000000, 0x00000000de000000|  0%| F|  |TAMS 0x00000000dd000000| PB 0x00000000dd000000| Untracked
[0.516s][trace][gc,heap,region] GC(0) |  62|0x00000000de000000, 0x00000000de000000, 0x00000000df000000|  0%| F|  |TAMS 0x00000000de000000| PB 0x00000000de000000| Untracked
[0.516s][trace][gc,heap,region] GC(0) |  63|0x00000000df000000, 0x00000000df000000, 0x00000000e0000000|  0%| F|  |TAMS 0x00000000df000000| PB 0x00000000df000000| Untracked
[0.516s][trace][gc,heap,region] GC(0) |  64|0x00000000e0000000, 0x00000000e0000000, 0x00000000e1000000|  0%| F|  |TAMS 0x00000000e0000000| PB 0x00000000e0000000| Untracked
[0.516s][trace][gc,heap,region] GC(0) |  65|0x00000000e1000000, 0x00000000e1000000, 0x00000000e2000000|  0%| F|  |TAMS 0x00000000e1000000| PB 0x00000000e1000000| Untracked
[0.516s][trace][gc,heap,region] GC(0) |  66|0x00000000e2000000, 0x00000000e2000000, 0x00000000e3000000|  0%| F|  |TAMS 0x00000000e2000000| PB 0x00000000e2000000| Untracked
[0.516s][trace][gc,heap,region] GC(0) |  67|0x00000000e3000000, 0x00000000e3000000, 0x00000000e4000000|  0%| F|  |TAMS 0x00000000e3000000| PB 0x00000000e3000000| Untracked
[0.516s][trace][gc,heap,region] GC(0) |  68|0x00000000e4000000, 0x00000000e4000000, 0x00000000e5000000|  0%| F|  |TAMS 0x00000000e4000000| PB 0x00000000e4000000| Untracked
[0.516s][trace][gc,heap,region] GC(0) |  69|0x00000000e5000000, 0x00000000e5000000, 0x00000000e6000000|  0%| F|  |TAMS 0x00000000e5000000| PB 0x00000000e5000000| Untracked
[0.516s][trace][gc,heap,region] GC(0) |  70|0x00000000e6000000, 0x00000000e6000000, 0x00000000e7000000|  0%| F|  |TAMS 0x00000000e6000000| PB 0x00000000e6000000| Untracked
[0.516s][trace][gc,heap,region] GC(0) |  71|0x00000000e7000000, 0x00000000e7000000, 0x00000000e8000000|  0%| F|  |TAMS 0x00000000e7000000| PB 0x00000000e7000000| Untracked
[0.516s][trace][gc,heap,region] GC(0) |  72|0x00000000e8000000, 0x00000000e8000000, 0x00000000e9000000|  0%| F|  |TAMS 0x00000000e8000000| PB 0x00000000e8000000| Untracked
[0.516s][trace][gc,heap,region] GC(0) |  73|0x00000000e9000000, 0x00000000e9000000, 0x00000000ea000000|  0%| F|  |TAMS 0x00000000e9000000| PB 0x00000000e9000000| Untracked
[0.516s][trace][gc,heap,region] GC(0) |  74|0x00000000ea000000, 0x00000000ea000000, 0x00000000eb000000|  0%| F|  |TAMS 0x00000000ea000000| PB 0x00000000ea000000| Untracked
[0.516s][trace][gc,heap,region] GC(0) |  75|0x00000000eb000000, 0x00000000eb000000, 0x00000000ec000000|  0%| F|  |TAMS 0x00000000eb000000| PB 0x00000000eb000000| Untracked
[0.516s][trace][gc,heap,region] GC(0) |  76|0x00000000ec000000, 0x00000000ec000000, 0x00000000ed000000|  0%| F|  |TAMS 0x00000000ec000000| PB 0x00000000ec000000| Untracked
[0.516s][trace][gc,heap,region] GC(0) |  77|0x00000000ed000000, 0x00000000ed000000, 0x00000000ee000000|  0%| F|  |TAMS 0x00000000ed000000| PB 0x00000000ed000000| Untracked
[0.516s][trace][gc,heap,region] GC(0) |  78|0x00000000ee000000, 0x00000000ee000000, 0x00000000ef000000|  0%| F|  |TAMS 0x00000000ee000000| PB 0x00000000ee000000| Untracked
[0.516s][trace][gc,heap,region] GC(0) |  79|0x00000000ef000000, 0x00000000ef000000, 0x00000000f0000000|  0%| F|  |TAMS 0x00000000ef000000| PB 0x00000000ef000000| Untracked
[0.516s][trace][gc,heap,region] GC(0) |  80|0x00000000f0000000, 0x00000000f0000000, 0x00000000f1000000|  0%| F|  |TAMS 0x00000000f0000000| PB 0x00000000f0000000| Untracked
[0.516s][trace][gc,heap,region] GC(0) |  81|0x00000000f1000000, 0x00000000f1000000, 0x00000000f2000000|  0%| F|  |TAMS 0x00000000f1000000| PB 0x00000000f1000000| Untracked
[0.516s][trace][gc,heap,region] GC(0) |  82|0x00000000f2000000, 0x00000000f2000000, 0x00000000f3000000|  0%| F|  |TAMS 0x00000000f2000000| PB 0x00000000f2000000| Untracked
[0.516s][trace][gc,heap,region] GC(0) |  83|0x00000000f3000000, 0x00000000f3000000, 0x00000000f4000000|  0%| F|  |TAMS 0x00000000f3000000| PB 0x00000000f3000000| Untracked
[0.516s][trace][gc,heap,region] GC(0) |  84|0x00000000f4000000, 0x00000000f4000000, 0x00000000f5000000|  0%| F|  |TAMS 0x00000000f4000000| PB 0x00000000f4000000| Untracked
[0.516s][trace][gc,heap,region] GC(0) |  85|0x00000000f5000000, 0x00000000f5000000, 0x00000000f6000000|  0%| F|  |TAMS 0x00000000f5000000| PB 0x00000000f5000000| Untracked
[0.516s][trace][gc,heap,region] GC(0) |  86|0x00000000f6000000, 0x00000000f6000000, 0x00000000f7000000|  0%| F|  |TAMS 0x00000000f6000000| PB 0x00000000f6000000| Untracked
[0.516s][trace][gc,heap,region] GC(0) |  87|0x00000000f7000000, 0x00000000f7000000, 0x00000000f8000000|  0%| F|  |TAMS 0x00000000f7000000| PB 0x00000000f7000000| Untracked
[0.516s][trace][gc,heap,region] GC(0) |  88|0x00000000f8000000, 0x00000000f8000000, 0x00000000f9000000|  0%| F|  |TAMS 0x00000000f8000000| PB 0x00000000f8000000| Untracked
[0.516s][trace][gc,heap,region] GC(0) |  89|0x00000000f9000000, 0x00000000f9000000, 0x00000000fa000000|  0%| F|  |TAMS 0x00000000f9000000| PB 0x00000000f9000000| Untracked
[0.516s][trace][gc,heap,region] GC(0) |  90|0x00000000fa000000, 0x00000000fa000000, 0x00000000fb000000|  0%| F|  |TAMS 0x00000000fa000000| PB 0x00000000fa000000| Untracked
[0.516s][trace][gc,heap,region] GC(0) |  91|0x00000000fb000000, 0x00000000fb000000, 0x00000000fc000000|  0%| F|  |TAMS 0x00000000fb000000| PB 0x00000000fb000000| Untracked
[0.516s][trace][gc,heap,region] GC(0) |  92|0x00000000fc000000, 0x00000000fc000000, 0x00000000fd000000|  0%| F|  |TAMS 0x00000000fc000000| PB 0x00000000fc000000| Untracked
[0.516s][trace][gc,heap,region] GC(0) |  93|0x00000000fd000000, 0x00000000fd000000, 0x00000000fe000000|  0%| F|  |TAMS 0x00000000fd000000| PB 0x00000000fd000000| Untracked
[0.516s][trace][gc,heap,region] GC(0) |  94|0x00000000fe000000, 0x00000000fe000000, 0x00000000ff000000|  0%| F|  |TAMS 0x00000000fe000000| PB 0x00000000fe000000| Untracked
[0.516s][trace][gc,heap,region] GC(0) |  95|0x00000000ff000000, 0x00000000ff000000, 0x0000000100000000|  0%| F|  |TAMS 0x00000000ff000000| PB 0x00000000ff000000| Untracked
[0.516s][trace][gc,heap,region] GC(0) |  96|0x0000000100000000, 0x0000000100000000, 0x0000000101000000|  0%| F|  |TAMS 0x0000000100000000| PB 0x0000000100000000| Untracked
[0.516s][trace][gc,heap,region] GC(0) |  97|0x0000000101000000, 0x0000000101000000, 0x0000000102000000|  0%| F|  |TAMS 0x0000000101000000| PB 0x0000000101000000| Untracked
[0.516s][trace][gc,heap,region] GC(0) |  98|0x0000000102000000, 0x0000000102000000, 0x0000000103000000|  0%| F|  |TAMS 0x0000000102000000| PB 0x0000000102000000| Untracked
[0.516s][trace][gc,heap,region] GC(0) |  99|0x0000000103000000, 0x0000000103000000, 0x0000000104000000|  0%| F|  |TAMS 0x0000000103000000| PB 0x0000000103000000| Untracked
[0.516s][trace][gc,heap,region] GC(0) | 100|0x0000000104000000, 0x0000000104000000, 0x0000000105000000|  0%| F|  |TAMS 0x0000000104000000| PB 0x0000000104000000| Untracked
[0.516s][trace][gc,heap,region] GC(0) | 101|0x0000000105000000, 0x0000000105000000, 0x0000000106000000|  0%| F|  |TAMS 0x0000000105000000| PB 0x0000000105000000| Untracked
[0.516s][trace][gc,heap,region] GC(0) | 102|0x0000000106000000, 0x0000000106000000, 0x0000000107000000|  0%| F|  |TAMS 0x0000000106000000| PB 0x0000000106000000| Untracked
[0.516s][trace][gc,heap,region] GC(0) | 103|0x0000000107000000, 0x0000000107000000, 0x0000000108000000|  0%| F|  |TAMS 0x0000000107000000| PB 0x0000000107000000| Untracked
[0.516s][trace][gc,heap,region] GC(0) | 104|0x0000000108000000, 0x0000000108000000, 0x0000000109000000|  0%| F|  |TAMS 0x0000000108000000| PB 0x0000000108000000| Untracked
[0.516s][trace][gc,heap,region] GC(0) | 105|0x0000000109000000, 0x0000000109000000, 0x000000010a000000|  0%| F|  |TAMS 0x0000000109000000| PB 0x0000000109000000| Untracked
[0.516s][trace][gc,heap,region] GC(0) | 106|0x000000010a000000, 0x000000010a000000, 0x000000010b000000|  0%| F|  |TAMS 0x000000010a000000| PB 0x000000010a000000| Untracked
[0.516s][trace][gc,heap,region] GC(0) | 107|0x000000010b000000, 0x000000010b000000, 0x000000010c000000|  0%| F|  |TAMS 0x000000010b000000| PB 0x000000010b000000| Untracked
[0.516s][trace][gc,heap,region] GC(0) | 108|0x000000010c000000, 0x000000010c000000, 0x000000010d000000|  0%| F|  |TAMS 0x000000010c000000| PB 0x000000010c000000| Untracked
[0.517s][trace][gc,heap,region] GC(0) | 109|0x000000010d000000, 0x000000010d000000, 0x000000010e000000|  0%| F|  |TAMS 0x000000010d000000| PB 0x000000010d000000| Untracked
[0.517s][trace][gc,heap,region] GC(0) | 110|0x000000010e000000, 0x000000010e000000, 0x000000010f000000|  0%| F|  |TAMS 0x000000010e000000| PB 0x000000010e000000| Untracked
[0.517s][trace][gc,heap,region] GC(0) | 111|0x000000010f000000, 0x000000010f000000, 0x0000000110000000|  0%| F|  |TAMS 0x000000010f000000| PB 0x000000010f000000| Untracked
[0.517s][trace][gc,heap,region] GC(0) | 112|0x0000000110000000, 0x0000000110000000, 0x0000000111000000|  0%| F|  |TAMS 0x0000000110000000| PB 0x0000000110000000| Untracked
[0.517s][trace][gc,heap,region] GC(0) | 113|0x0000000111000000, 0x0000000111000000, 0x0000000112000000|  0%| F|  |TAMS 0x0000000111000000| PB 0x0000000111000000| Untracked
[0.517s][trace][gc,heap,region] GC(0) | 114|0x0000000112000000, 0x0000000113000000, 0x0000000113000000|100%| E|CS|TAMS 0x0000000112000000| PB 0x0000000112000000| Complete
[0.517s][trace][gc,heap,region] GC(0) | 115|0x0000000113000000, 0x0000000114000000, 0x0000000114000000|100%| E|CS|TAMS 0x0000000113000000| PB 0x0000000113000000| Complete
[0.517s][trace][gc,heap,region] GC(0) | 116|0x0000000114000000, 0x0000000115000000, 0x0000000115000000|100%| E|CS|TAMS 0x0000000114000000| PB 0x0000000114000000| Complete
[0.517s][trace][gc,heap,region] GC(0) | 117|0x0000000115000000, 0x0000000116000000, 0x0000000116000000|100%| E|CS|TAMS 0x0000000115000000| PB 0x0000000115000000| Complete
[0.517s][trace][gc,heap,region] GC(0) | 118|0x0000000116000000, 0x0000000117000000, 0x0000000117000000|100%| E|CS|TAMS 0x0000000116000000| PB 0x0000000116000000| Complete
[0.517s][trace][gc,heap,region] GC(0) | 119|0x0000000117000000, 0x0000000118000000, 0x0000000118000000|100%| E|CS|TAMS 0x0000000117000000| PB 0x0000000117000000| Complete
[0.517s][trace][gc,heap,region] GC(0) |1887|0x00000007ff000000, 0x00000007ff10c798, 0x0000000800000000|  6%| O|  |TAMS 0x00000007ff000000| PB 0x00000007ff000000| Untracked
[0.521s][trace][gc,heap,region] GC(0) Heap Regions: E=young(eden), S=young(survivor), O=old, HS=humongous(starts), HC=humongous(continues), CS=collection set, F=free, TAMS=top-at-mark-start, PB=parsable bottom
[0.521s][trace][gc,heap,region] GC(0) |   0|0x00000000a0000000, 0x00000000a0000000, 0x00000000a1000000|  0%| F|  |TAMS 0x00000000a0000000| PB 0x00000000a0000000| Untracked
[0.521s][trace][gc,heap,region] GC(0) |   1|0x00000000a1000000, 0x00000000a1000000, 0x00000000a2000000|  0%| F|  |TAMS 0x00000000a1000000| PB 0x00000000a1000000| Untracked
[0.521s][trace][gc,heap,region] GC(0) |   2|0x00000000a2000000, 0x00000000a2000000, 0x00000000a3000000|  0%| F|  |TAMS 0x00000000a2000000| PB 0x00000000a2000000| Untracked
[0.521s][trace][gc,heap,region] GC(0) |   3|0x00000000a3000000, 0x00000000a3000000, 0x00000000a4000000|  0%| F|  |TAMS 0x00000000a3000000| PB 0x00000000a3000000| Untracked
[0.521s][trace][gc,heap,region] GC(0) |   4|0x00000000a4000000, 0x00000000a4000000, 0x00000000a5000000|  0%| F|  |TAMS 0x00000000a4000000| PB 0x00000000a4000000| Untracked
[0.521s][trace][gc,heap,region] GC(0) |   5|0x00000000a5000000, 0x00000000a5000000, 0x00000000a6000000|  0%| F|  |TAMS 0x00000000a5000000| PB 0x00000000a5000000| Untracked
[0.521s][trace][gc,heap,region] GC(0) |   6|0x00000000a6000000, 0x00000000a6000000, 0x00000000a7000000|  0%| F|  |TAMS 0x00000000a6000000| PB 0x00000000a6000000| Untracked
[0.521s][trace][gc,heap,region] GC(0) |   7|0x00000000a7000000, 0x00000000a7000000, 0x00000000a8000000|  0%| F|  |TAMS 0x00000000a7000000| PB 0x00000000a7000000| Untracked
[0.521s][trace][gc,heap,region] GC(0) |   8|0x00000000a8000000, 0x00000000a8000000, 0x00000000a9000000|  0%| F|  |TAMS 0x00000000a8000000| PB 0x00000000a8000000| Untracked
[0.521s][trace][gc,heap,region] GC(0) |   9|0x00000000a9000000, 0x00000000a9000000, 0x00000000aa000000|  0%| F|  |TAMS 0x00000000a9000000| PB 0x00000000a9000000| Untracked
[0.521s][trace][gc,heap,region] GC(0) |  10|0x00000000aa000000, 0x00000000aa000000, 0x00000000ab000000|  0%| F|  |TAMS 0x00000000aa000000| PB 0x00000000aa000000| Untracked
[0.521s][trace][gc,heap,region] GC(0) |  11|0x00000000ab000000, 0x00000000ab000000, 0x00000000ac000000|  0%| F|  |TAMS 0x00000000ab000000| PB 0x00000000ab000000| Untracked
[0.521s][trace][gc,heap,region] GC(0) |  12|0x00000000ac000000, 0x00000000ac000000, 0x00000000ad000000|  0%| F|  |TAMS 0x00000000ac000000| PB 0x00000000ac000000| Untracked
[0.521s][trace][gc,heap,region] GC(0) |  13|0x00000000ad000000, 0x00000000ad000000, 0x00000000ae000000|  0%| F|  |TAMS 0x00000000ad000000| PB 0x00000000ad000000| Untracked
[0.521s][trace][gc,heap,region] GC(0) |  14|0x00000000ae000000, 0x00000000ae000000, 0x00000000af000000|  0%| F|  |TAMS 0x00000000ae000000| PB 0x00000000ae000000| Untracked
[0.521s][trace][gc,heap,region] GC(0) |  15|0x00000000af000000, 0x00000000af000000, 0x00000000b0000000|  0%| F|  |TAMS 0x00000000af000000| PB 0x00000000af000000| Untracked
[0.521s][trace][gc,heap,region] GC(0) |  16|0x00000000b0000000, 0x00000000b0000000, 0x00000000b1000000|  0%| F|  |TAMS 0x00000000b0000000| PB 0x00000000b0000000| Untracked
[0.521s][trace][gc,heap,region] GC(0) |  17|0x00000000b1000000, 0x00000000b1000000, 0x00000000b2000000|  0%| F|  |TAMS 0x00000000b1000000| PB 0x00000000b1000000| Untracked
[0.521s][trace][gc,heap,region] GC(0) |  18|0x00000000b2000000, 0x00000000b2000000, 0x00000000b3000000|  0%| F|  |TAMS 0x00000000b2000000| PB 0x00000000b2000000| Untracked
[0.521s][trace][gc,heap,region] GC(0) |  19|0x00000000b3000000, 0x00000000b3000000, 0x00000000b4000000|  0%| F|  |TAMS 0x00000000b3000000| PB 0x00000000b3000000| Untracked
[0.521s][trace][gc,heap,region] GC(0) |  20|0x00000000b4000000, 0x00000000b4000000, 0x00000000b5000000|  0%| F|  |TAMS 0x00000000b4000000| PB 0x00000000b4000000| Untracked
[0.521s][trace][gc,heap,region] GC(0) |  21|0x00000000b5000000, 0x00000000b5000000, 0x00000000b6000000|  0%| F|  |TAMS 0x00000000b5000000| PB 0x00000000b5000000| Untracked
[0.521s][trace][gc,heap,region] GC(0) |  22|0x00000000b6000000, 0x00000000b6000000, 0x00000000b7000000|  0%| F|  |TAMS 0x00000000b6000000| PB 0x00000000b6000000| Untracked
[0.521s][trace][gc,heap,region] GC(0) |  23|0x00000000b7000000, 0x00000000b7000000, 0x00000000b8000000|  0%| F|  |TAMS 0x00000000b7000000| PB 0x00000000b7000000| Untracked
[0.521s][trace][gc,heap,region] GC(0) |  24|0x00000000b8000000, 0x00000000b8000000, 0x00000000b9000000|  0%| F|  |TAMS 0x00000000b8000000| PB 0x00000000b8000000| Untracked
[0.521s][trace][gc,heap,region] GC(0) |  25|0x00000000b9000000, 0x00000000b9000000, 0x00000000ba000000|  0%| F|  |TAMS 0x00000000b9000000| PB 0x00000000b9000000| Untracked
[0.521s][trace][gc,heap,region] GC(0) |  26|0x00000000ba000000, 0x00000000ba000000, 0x00000000bb000000|  0%| F|  |TAMS 0x00000000ba000000| PB 0x00000000ba000000| Untracked
[0.521s][trace][gc,heap,region] GC(0) |  27|0x00000000bb000000, 0x00000000bb000000, 0x00000000bc000000|  0%| F|  |TAMS 0x00000000bb000000| PB 0x00000000bb000000| Untracked
[0.521s][trace][gc,heap,region] GC(0) |  28|0x00000000bc000000, 0x00000000bc000000, 0x00000000bd000000|  0%| F|  |TAMS 0x00000000bc000000| PB 0x00000000bc000000| Untracked
[0.521s][trace][gc,heap,region] GC(0) |  29|0x00000000bd000000, 0x00000000bd000000, 0x00000000be000000|  0%| F|  |TAMS 0x00000000bd000000| PB 0x00000000bd000000| Untracked
[0.521s][trace][gc,heap,region] GC(0) |  30|0x00000000be000000, 0x00000000be000000, 0x00000000bf000000|  0%| F|  |TAMS 0x00000000be000000| PB 0x00000000be000000| Untracked
[0.521s][trace][gc,heap,region] GC(0) |  31|0x00000000bf000000, 0x00000000bf000000, 0x00000000c0000000|  0%| F|  |TAMS 0x00000000bf000000| PB 0x00000000bf000000| Untracked
[0.521s][trace][gc,heap,region] GC(0) |  32|0x00000000c0000000, 0x00000000c0000000, 0x00000000c1000000|  0%| F|  |TAMS 0x00000000c0000000| PB 0x00000000c0000000| Untracked
[0.521s][trace][gc,heap,region] GC(0) |  33|0x00000000c1000000, 0x00000000c1000000, 0x00000000c2000000|  0%| F|  |TAMS 0x00000000c1000000| PB 0x00000000c1000000| Untracked
[0.521s][trace][gc,heap,region] GC(0) |  34|0x00000000c2000000, 0x00000000c2000000, 0x00000000c3000000|  0%| F|  |TAMS 0x00000000c2000000| PB 0x00000000c2000000| Untracked
[0.521s][trace][gc,heap,region] GC(0) |  35|0x00000000c3000000, 0x00000000c3000000, 0x00000000c4000000|  0%| F|  |TAMS 0x00000000c3000000| PB 0x00000000c3000000| Untracked
[0.521s][trace][gc,heap,region] GC(0) |  36|0x00000000c4000000, 0x00000000c4000000, 0x00000000c5000000|  0%| F|  |TAMS 0x00000000c4000000| PB 0x00000000c4000000| Untracked
[0.521s][trace][gc,heap,region] GC(0) |  37|0x00000000c5000000, 0x00000000c5000000, 0x00000000c6000000|  0%| F|  |TAMS 0x00000000c5000000| PB 0x00000000c5000000| Untracked
[0.521s][trace][gc,heap,region] GC(0) |  38|0x00000000c6000000, 0x00000000c6000000, 0x00000000c7000000|  0%| F|  |TAMS 0x00000000c6000000| PB 0x00000000c6000000| Untracked
[0.521s][trace][gc,heap,region] GC(0) |  39|0x00000000c7000000, 0x00000000c7000000, 0x00000000c8000000|  0%| F|  |TAMS 0x00000000c7000000| PB 0x00000000c7000000| Untracked
[0.521s][trace][gc,heap,region] GC(0) |  40|0x00000000c8000000, 0x00000000c8000000, 0x00000000c9000000|  0%| F|  |TAMS 0x00000000c8000000| PB 0x00000000c8000000| Untracked
[0.521s][trace][gc,heap,region] GC(0) |  41|0x00000000c9000000, 0x00000000c9000000, 0x00000000ca000000|  0%| F|  |TAMS 0x00000000c9000000| PB 0x00000000c9000000| Untracked
[0.521s][trace][gc,heap,region] GC(0) |  42|0x00000000ca000000, 0x00000000ca000000, 0x00000000cb000000|  0%| F|  |TAMS 0x00000000ca000000| PB 0x00000000ca000000| Untracked
[0.521s][trace][gc,heap,region] GC(0) |  43|0x00000000cb000000, 0x00000000cb000000, 0x00000000cc000000|  0%| F|  |TAMS 0x00000000cb000000| PB 0x00000000cb000000| Untracked
[0.521s][trace][gc,heap,region] GC(0) |  44|0x00000000cc000000, 0x00000000cc000000, 0x00000000cd000000|  0%| F|  |TAMS 0x00000000cc000000| PB 0x00000000cc000000| Untracked
[0.521s][trace][gc,heap,region] GC(0) |  45|0x00000000cd000000, 0x00000000cd000000, 0x00000000ce000000|  0%| F|  |TAMS 0x00000000cd000000| PB 0x00000000cd000000| Untracked
[0.521s][trace][gc,heap,region] GC(0) |  46|0x00000000ce000000, 0x00000000ce000000, 0x00000000cf000000|  0%| F|  |TAMS 0x00000000ce000000| PB 0x00000000ce000000| Untracked
[0.521s][trace][gc,heap,region] GC(0) |  47|0x00000000cf000000, 0x00000000cf000000, 0x00000000d0000000|  0%| F|  |TAMS 0x00000000cf000000| PB 0x00000000cf000000| Untracked
[0.521s][trace][gc,heap,region] GC(0) |  48|0x00000000d0000000, 0x00000000d0000000, 0x00000000d1000000|  0%| F|  |TAMS 0x00000000d0000000| PB 0x00000000d0000000| Untracked
[0.521s][trace][gc,heap,region] GC(0) |  49|0x00000000d1000000, 0x00000000d1000000, 0x00000000d2000000|  0%| F|  |TAMS 0x00000000d1000000| PB 0x00000000d1000000| Untracked
[0.521s][trace][gc,heap,region] GC(0) |  50|0x00000000d2000000, 0x00000000d2000000, 0x00000000d3000000|  0%| F|  |TAMS 0x00000000d2000000| PB 0x00000000d2000000| Untracked
[0.521s][trace][gc,heap,region] GC(0) |  51|0x00000000d3000000, 0x00000000d3000000, 0x00000000d4000000|  0%| F|  |TAMS 0x00000000d3000000| PB 0x00000000d3000000| Untracked
[0.521s][trace][gc,heap,region] GC(0) |  52|0x00000000d4000000, 0x00000000d4000000, 0x00000000d5000000|  0%| F|  |TAMS 0x00000000d4000000| PB 0x00000000d4000000| Untracked
[0.521s][trace][gc,heap,region] GC(0) |  53|0x00000000d5000000, 0x00000000d5000000, 0x00000000d6000000|  0%| F|  |TAMS 0x00000000d5000000| PB 0x00000000d5000000| Untracked
[0.521s][trace][gc,heap,region] GC(0) |  54|0x00000000d6000000, 0x00000000d6000000, 0x00000000d7000000|  0%| F|  |TAMS 0x00000000d6000000| PB 0x00000000d6000000| Untracked
[0.521s][trace][gc,heap,region] GC(0) |  55|0x00000000d7000000, 0x00000000d7000000, 0x00000000d8000000|  0%| F|  |TAMS 0x00000000d7000000| PB 0x00000000d7000000| Untracked
[0.521s][trace][gc,heap,region] GC(0) |  56|0x00000000d8000000, 0x00000000d8000000, 0x00000000d9000000|  0%| F|  |TAMS 0x00000000d8000000| PB 0x00000000d8000000| Untracked
[0.521s][trace][gc,heap,region] GC(0) |  57|0x00000000d9000000, 0x00000000d9000000, 0x00000000da000000|  0%| F|  |TAMS 0x00000000d9000000| PB 0x00000000d9000000| Untracked
[0.521s][trace][gc,heap,region] GC(0) |  58|0x00000000da000000, 0x00000000da000000, 0x00000000db000000|  0%| F|  |TAMS 0x00000000da000000| PB 0x00000000da000000| Untracked
[0.521s][trace][gc,heap,region] GC(0) |  59|0x00000000db000000, 0x00000000db000000, 0x00000000dc000000|  0%| F|  |TAMS 0x00000000db000000| PB 0x00000000db000000| Untracked
[0.521s][trace][gc,heap,region] GC(0) |  60|0x00000000dc000000, 0x00000000dc000000, 0x00000000dd000000|  0%| F|  |TAMS 0x00000000dc000000| PB 0x00000000dc000000| Untracked
[0.521s][trace][gc,heap,region] GC(0) |  61|0x00000000dd000000, 0x00000000dd000000, 0x00000000de000000|  0%| F|  |TAMS 0x00000000dd000000| PB 0x00000000dd000000| Untracked
[0.521s][trace][gc,heap,region] GC(0) |  62|0x00000000de000000, 0x00000000de000000, 0x00000000df000000|  0%| F|  |TAMS 0x00000000de000000| PB 0x00000000de000000| Untracked
[0.521s][trace][gc,heap,region] GC(0) |  63|0x00000000df000000, 0x00000000df000000, 0x00000000e0000000|  0%| F|  |TAMS 0x00000000df000000| PB 0x00000000df000000| Untracked
[0.521s][trace][gc,heap,region] GC(0) |  64|0x00000000e0000000, 0x00000000e0000000, 0x00000000e1000000|  0%| F|  |TAMS 0x00000000e0000000| PB 0x00000000e0000000| Untracked
[0.521s][trace][gc,heap,region] GC(0) |  65|0x00000000e1000000, 0x00000000e1000000, 0x00000000e2000000|  0%| F|  |TAMS 0x00000000e1000000| PB 0x00000000e1000000| Untracked
[0.521s][trace][gc,heap,region] GC(0) |  66|0x00000000e2000000, 0x00000000e2000000, 0x00000000e3000000|  0%| F|  |TAMS 0x00000000e2000000| PB 0x00000000e2000000| Untracked
[0.521s][trace][gc,heap,region] GC(0) |  67|0x00000000e3000000, 0x00000000e3000000, 0x00000000e4000000|  0%| F|  |TAMS 0x00000000e3000000| PB 0x00000000e3000000| Untracked
[0.521s][trace][gc,heap,region] GC(0) |  68|0x00000000e4000000, 0x00000000e4000000, 0x00000000e5000000|  0%| F|  |TAMS 0x00000000e4000000| PB 0x00000000e4000000| Untracked
[0.521s][trace][gc,heap,region] GC(0) |  69|0x00000000e5000000, 0x00000000e5000000, 0x00000000e6000000|  0%| F|  |TAMS 0x00000000e5000000| PB 0x00000000e5000000| Untracked
[0.521s][trace][gc,heap,region] GC(0) |  70|0x00000000e6000000, 0x00000000e6000000, 0x00000000e7000000|  0%| F|  |TAMS 0x00000000e6000000| PB 0x00000000e6000000| Untracked
[0.521s][trace][gc,heap,region] GC(0) |  71|0x00000000e7000000, 0x00000000e7000000, 0x00000000e8000000|  0%| F|  |TAMS 0x00000000e7000000| PB 0x00000000e7000000| Untracked
[0.521s][trace][gc,heap,region] GC(0) |  72|0x00000000e8000000, 0x00000000e8000000, 0x00000000e9000000|  0%| F|  |TAMS 0x00000000e8000000| PB 0x00000000e8000000| Untracked
[0.521s][trace][gc,heap,region] GC(0) |  73|0x00000000e9000000, 0x00000000e9000000, 0x00000000ea000000|  0%| F|  |TAMS 0x00000000e9000000| PB 0x00000000e9000000| Untracked
[0.521s][trace][gc,heap,region] GC(0) |  74|0x00000000ea000000, 0x00000000ea000000, 0x00000000eb000000|  0%| F|  |TAMS 0x00000000ea000000| PB 0x00000000ea000000| Untracked
[0.521s][trace][gc,heap,region] GC(0) |  75|0x00000000eb000000, 0x00000000eb000000, 0x00000000ec000000|  0%| F|  |TAMS 0x00000000eb000000| PB 0x00000000eb000000| Untracked
[0.521s][trace][gc,heap,region] GC(0) |  76|0x00000000ec000000, 0x00000000ec000000, 0x00000000ed000000|  0%| F|  |TAMS 0x00000000ec000000| PB 0x00000000ec000000| Untracked
[0.521s][trace][gc,heap,region] GC(0) |  77|0x00000000ed000000, 0x00000000ed000000, 0x00000000ee000000|  0%| F|  |TAMS 0x00000000ed000000| PB 0x00000000ed000000| Untracked
[0.521s][trace][gc,heap,region] GC(0) |  78|0x00000000ee000000, 0x00000000ee000000, 0x00000000ef000000|  0%| F|  |TAMS 0x00000000ee000000| PB 0x00000000ee000000| Untracked
[0.521s][trace][gc,heap,region] GC(0) |  79|0x00000000ef000000, 0x00000000ef000000, 0x00000000f0000000|  0%| F|  |TAMS 0x00000000ef000000| PB 0x00000000ef000000| Untracked
[0.521s][trace][gc,heap,region] GC(0) |  80|0x00000000f0000000, 0x00000000f0000000, 0x00000000f1000000|  0%| F|  |TAMS 0x00000000f0000000| PB 0x00000000f0000000| Untracked
[0.521s][trace][gc,heap,region] GC(0) |  81|0x00000000f1000000, 0x00000000f1000000, 0x00000000f2000000|  0%| F|  |TAMS 0x00000000f1000000| PB 0x00000000f1000000| Untracked
[0.521s][trace][gc,heap,region] GC(0) |  82|0x00000000f2000000, 0x00000000f2000000, 0x00000000f3000000|  0%| F|  |TAMS 0x00000000f2000000| PB 0x00000000f2000000| Untracked
[0.521s][trace][gc,heap,region] GC(0) |  83|0x00000000f3000000, 0x00000000f3000000, 0x00000000f4000000|  0%| F|  |TAMS 0x00000000f3000000| PB 0x00000000f3000000| Untracked
[0.521s][trace][gc,heap,region] GC(0) |  84|0x00000000f4000000, 0x00000000f4000000, 0x00000000f5000000|  0%| F|  |TAMS 0x00000000f4000000| PB 0x00000000f4000000| Untracked
[0.521s][trace][gc,heap,region] GC(0) |  85|0x00000000f5000000, 0x00000000f5000000, 0x00000000f6000000|  0%| F|  |TAMS 0x00000000f5000000| PB 0x00000000f5000000| Untracked
[0.521s][trace][gc,heap,region] GC(0) |  86|0x00000000f6000000, 0x00000000f6000000, 0x00000000f7000000|  0%| F|  |TAMS 0x00000000f6000000| PB 0x00000000f6000000| Untracked
[0.521s][trace][gc,heap,region] GC(0) |  87|0x00000000f7000000, 0x00000000f7000000, 0x00000000f8000000|  0%| F|  |TAMS 0x00000000f7000000| PB 0x00000000f7000000| Untracked
[0.521s][trace][gc,heap,region] GC(0) |  88|0x00000000f8000000, 0x00000000f8000000, 0x00000000f9000000|  0%| F|  |TAMS 0x00000000f8000000| PB 0x00000000f8000000| Untracked
[0.521s][trace][gc,heap,region] GC(0) |  89|0x00000000f9000000, 0x00000000f9000000, 0x00000000fa000000|  0%| F|  |TAMS 0x00000000f9000000| PB 0x00000000f9000000| Untracked
[0.521s][trace][gc,heap,region] GC(0) |  90|0x00000000fa000000, 0x00000000fa000000, 0x00000000fb000000|  0%| F|  |TAMS 0x00000000fa000000| PB 0x00000000fa000000| Untracked
[0.521s][trace][gc,heap,region] GC(0) |  91|0x00000000fb000000, 0x00000000fb000000, 0x00000000fc000000|  0%| F|  |TAMS 0x00000000fb000000| PB 0x00000000fb000000| Untracked
[0.521s][trace][gc,heap,region] GC(0) |  92|0x00000000fc000000, 0x00000000fc000000, 0x00000000fd000000|  0%| F|  |TAMS 0x00000000fc000000| PB 0x00000000fc000000| Untracked
[0.521s][trace][gc,heap,region] GC(0) |  93|0x00000000fd000000, 0x00000000fd000000, 0x00000000fe000000|  0%| F|  |TAMS 0x00000000fd000000| PB 0x00000000fd000000| Untracked
[0.521s][trace][gc,heap,region] GC(0) |  94|0x00000000fe000000, 0x00000000fe000000, 0x00000000ff000000|  0%| F|  |TAMS 0x00000000fe000000| PB 0x00000000fe000000| Untracked
[0.521s][trace][gc,heap,region] GC(0) |  95|0x00000000ff000000, 0x00000000ff000000, 0x0000000100000000|  0%| F|  |TAMS 0x00000000ff000000| PB 0x00000000ff000000| Untracked
[0.521s][trace][gc,heap,region] GC(0) |  96|0x0000000100000000, 0x0000000100000000, 0x0000000101000000|  0%| F|  |TAMS 0x0000000100000000| PB 0x0000000100000000| Untracked
[0.521s][trace][gc,heap,region] GC(0) |  97|0x0000000101000000, 0x0000000101000000, 0x0000000102000000|  0%| F|  |TAMS 0x0000000101000000| PB 0x0000000101000000| Untracked
[0.521s][trace][gc,heap,region] GC(0) |  98|0x0000000102000000, 0x0000000102000000, 0x0000000103000000|  0%| F|  |TAMS 0x0000000102000000| PB 0x0000000102000000| Untracked
[0.521s][trace][gc,heap,region] GC(0) |  99|0x0000000103000000, 0x0000000103000000, 0x0000000104000000|  0%| F|  |TAMS 0x0000000103000000| PB 0x0000000103000000| Untracked
[0.521s][trace][gc,heap,region] GC(0) | 100|0x0000000104000000, 0x0000000104000000, 0x0000000105000000|  0%| F|  |TAMS 0x0000000104000000| PB 0x0000000104000000| Untracked
[0.521s][trace][gc,heap,region] GC(0) | 101|0x0000000105000000, 0x0000000105000000, 0x0000000106000000|  0%| F|  |TAMS 0x0000000105000000| PB 0x0000000105000000| Untracked
[0.521s][trace][gc,heap,region] GC(0) | 102|0x0000000106000000, 0x0000000106000000, 0x0000000107000000|  0%| F|  |TAMS 0x0000000106000000| PB 0x0000000106000000| Untracked
[0.521s][trace][gc,heap,region] GC(0) | 103|0x0000000107000000, 0x0000000107000000, 0x0000000108000000|  0%| F|  |TAMS 0x0000000107000000| PB 0x0000000107000000| Untracked
[0.521s][trace][gc,heap,region] GC(0) | 104|0x0000000108000000, 0x0000000108000000, 0x0000000109000000|  0%| F|  |TAMS 0x0000000108000000| PB 0x0000000108000000| Untracked
[0.522s][trace][gc,heap,region] GC(0) | 105|0x0000000109000000, 0x0000000109000000, 0x000000010a000000|  0%| F|  |TAMS 0x0000000109000000| PB 0x0000000109000000| Untracked
[0.522s][trace][gc,heap,region] GC(0) | 106|0x000000010a000000, 0x000000010a000000, 0x000000010b000000|  0%| F|  |TAMS 0x000000010a000000| PB 0x000000010a000000| Untracked
[0.522s][trace][gc,heap,region] GC(0) | 107|0x000000010b000000, 0x000000010b000000, 0x000000010c000000|  0%| F|  |TAMS 0x000000010b000000| PB 0x000000010b000000| Untracked
[0.522s][trace][gc,heap,region] GC(0) | 108|0x000000010c000000, 0x000000010c000000, 0x000000010d000000|  0%| F|  |TAMS 0x000000010c000000| PB 0x000000010c000000| Untracked
[0.522s][trace][gc,heap,region] GC(0) | 109|0x000000010d000000, 0x000000010d000000, 0x000000010e000000|  0%| F|  |TAMS 0x000000010d000000| PB 0x000000010d000000| Untracked
[0.522s][trace][gc,heap,region] GC(0) | 110|0x000000010e000000, 0x000000010e000000, 0x000000010f000000|  0%| F|  |TAMS 0x000000010e000000| PB 0x000000010e000000| Untracked
[0.522s][trace][gc,heap,region] GC(0) | 111|0x000000010f000000, 0x000000010f000000, 0x0000000110000000|  0%| F|  |TAMS 0x000000010f000000| PB 0x000000010f000000| Untracked
[0.522s][trace][gc,heap,region] GC(0) | 112|0x0000000110000000, 0x0000000110000000, 0x0000000111000000|  0%| F|  |TAMS 0x0000000110000000| PB 0x0000000110000000| Untracked
[0.522s][trace][gc,heap,region] GC(0) | 113|0x0000000111000000, 0x00000001117d7e50, 0x0000000112000000| 49%| S|CS|TAMS 0x0000000111000000| PB 0x0000000111000000| Complete
[0.522s][trace][gc,heap,region] GC(0) | 114|0x0000000112000000, 0x0000000112000000, 0x0000000113000000|  0%| F|  |TAMS 0x0000000112000000| PB 0x0000000112000000| Untracked
[0.522s][trace][gc,heap,region] GC(0) | 115|0x0000000113000000, 0x0000000113000000, 0x0000000114000000|  0%| F|  |TAMS 0x0000000113000000| PB 0x0000000113000000| Untracked
[0.522s][trace][gc,heap,region] GC(0) | 116|0x0000000114000000, 0x0000000114000000, 0x0000000115000000|  0%| F|  |TAMS 0x0000000114000000| PB 0x0000000114000000| Untracked
[0.522s][trace][gc,heap,region] GC(0) | 117|0x0000000115000000, 0x0000000115000000, 0x0000000116000000|  0%| F|  |TAMS 0x0000000115000000| PB 0x0000000115000000| Untracked
[0.522s][trace][gc,heap,region] GC(0) | 118|0x0000000116000000, 0x0000000116000000, 0x0000000117000000|  0%| F|  |TAMS 0x0000000116000000| PB 0x0000000116000000| Untracked
[0.522s][trace][gc,heap,region] GC(0) | 119|0x0000000117000000, 0x0000000117000000, 0x0000000118000000|  0%| F|  |TAMS 0x0000000117000000| PB 0x0000000117000000| Untracked
[0.522s][trace][gc,heap,region] GC(0) |1887|0x00000007ff000000, 0x00000007ff10c798, 0x0000000800000000|  6%| O|  |TAMS 0x00000007ff000000| PB 0x00000007ff000000| Untracked
[0.730s][trace][gc,heap,region] GC(1) Heap Regions: E=young(eden), S=young(survivor), O=old, HS=humongous(starts), HC=humongous(continues), CS=collection set, F=free, TAMS=top-at-mark-start, PB=parsable bottom
[0.730s][trace][gc,heap,region] GC(1) |   0|0x00000000a0000000, 0x00000000a0000000, 0x00000000a1000000|  0%| F|  |TAMS 0x00000000a0000000| PB 0x00000000a0000000| Untracked
[0.730s][trace][gc,heap,region] GC(1) |   1|0x00000000a1000000, 0x00000000a1000000, 0x00000000a2000000|  0%| F|  |TAMS 0x00000000a1000000| PB 0x00000000a1000000| Untracked
[0.730s][trace][gc,heap,region] GC(1) |   2|0x00000000a2000000, 0x00000000a2000000, 0x00000000a3000000|  0%| F|  |TAMS 0x00000000a2000000| PB 0x00000000a2000000| Untracked
[0.730s][trace][gc,heap,region] GC(1) |   3|0x00000000a3000000, 0x00000000a3000000, 0x00000000a4000000|  0%| F|  |TAMS 0x00000000a3000000| PB 0x00000000a3000000| Untracked
[0.730s][trace][gc,heap,region] GC(1) |   4|0x00000000a4000000, 0x00000000a4000000, 0x00000000a5000000|  0%| F|  |TAMS 0x00000000a4000000| PB 0x00000000a4000000| Untracked
[0.730s][trace][gc,heap,region] GC(1) |   5|0x00000000a5000000, 0x00000000a5000000, 0x00000000a6000000|  0%| F|  |TAMS 0x00000000a5000000| PB 0x00000000a5000000| Untracked
[0.730s][trace][gc,heap,region] GC(1) |   6|0x00000000a6000000, 0x00000000a6000000, 0x00000000a7000000|  0%| F|  |TAMS 0x00000000a6000000| PB 0x00000000a6000000| Untracked
[0.730s][trace][gc,heap,region] GC(1) |   7|0x00000000a7000000, 0x00000000a7000000, 0x00000000a8000000|  0%| F|  |TAMS 0x00000000a7000000| PB 0x00000000a7000000| Untracked
[0.730s][trace][gc,heap,region] GC(1) |   8|0x00000000a8000000, 0x00000000a8000000, 0x00000000a9000000|  0%| F|  |TAMS 0x00000000a8000000| PB 0x00000000a8000000| Untracked
[0.730s][trace][gc,heap,region] GC(1) |   9|0x00000000a9000000, 0x00000000a9000000, 0x00000000aa000000|  0%| F|  |TAMS 0x00000000a9000000| PB 0x00000000a9000000| Untracked
[0.730s][trace][gc,heap,region] GC(1) |  10|0x00000000aa000000, 0x00000000aa000000, 0x00000000ab000000|  0%| F|  |TAMS 0x00000000aa000000| PB 0x00000000aa000000| Untracked
[0.730s][trace][gc,heap,region] GC(1) |  11|0x00000000ab000000, 0x00000000ab000000, 0x00000000ac000000|  0%| F|  |TAMS 0x00000000ab000000| PB 0x00000000ab000000| Untracked
[0.730s][trace][gc,heap,region] GC(1) |  12|0x00000000ac000000, 0x00000000ac000000, 0x00000000ad000000|  0%| F|  |TAMS 0x00000000ac000000| PB 0x00000000ac000000| Untracked
[0.730s][trace][gc,heap,region] GC(1) |  13|0x00000000ad000000, 0x00000000ad000000, 0x00000000ae000000|  0%| F|  |TAMS 0x00000000ad000000| PB 0x00000000ad000000| Untracked
[0.730s][trace][gc,heap,region] GC(1) |  14|0x00000000ae000000, 0x00000000ae000000, 0x00000000af000000|  0%| F|  |TAMS 0x00000000ae000000| PB 0x00000000ae000000| Untracked
[0.730s][trace][gc,heap,region] GC(1) |  15|0x00000000af000000, 0x00000000af000000, 0x00000000b0000000|  0%| F|  |TAMS 0x00000000af000000| PB 0x00000000af000000| Untracked
[0.730s][trace][gc,heap,region] GC(1) |  16|0x00000000b0000000, 0x00000000b0000000, 0x00000000b1000000|  0%| F|  |TAMS 0x00000000b0000000| PB 0x00000000b0000000| Untracked
[0.730s][trace][gc,heap,region] GC(1) |  17|0x00000000b1000000, 0x00000000b1000000, 0x00000000b2000000|  0%| F|  |TAMS 0x00000000b1000000| PB 0x00000000b1000000| Untracked
[0.730s][trace][gc,heap,region] GC(1) |  18|0x00000000b2000000, 0x00000000b2000000, 0x00000000b3000000|  0%| F|  |TAMS 0x00000000b2000000| PB 0x00000000b2000000| Untracked
[0.730s][trace][gc,heap,region] GC(1) |  19|0x00000000b3000000, 0x00000000b3000000, 0x00000000b4000000|  0%| F|  |TAMS 0x00000000b3000000| PB 0x00000000b3000000| Untracked
[0.730s][trace][gc,heap,region] GC(1) |  20|0x00000000b4000000, 0x00000000b4000000, 0x00000000b5000000|  0%| F|  |TAMS 0x00000000b4000000| PB 0x00000000b4000000| Untracked
[0.730s][trace][gc,heap,region] GC(1) |  21|0x00000000b5000000, 0x00000000b5000000, 0x00000000b6000000|  0%| F|  |TAMS 0x00000000b5000000| PB 0x00000000b5000000| Untracked
[0.730s][trace][gc,heap,region] GC(1) |  22|0x00000000b6000000, 0x00000000b6000000, 0x00000000b7000000|  0%| F|  |TAMS 0x00000000b6000000| PB 0x00000000b6000000| Untracked
[0.730s][trace][gc,heap,region] GC(1) |  23|0x00000000b7000000, 0x00000000b7000000, 0x00000000b8000000|  0%| F|  |TAMS 0x00000000b7000000| PB 0x00000000b7000000| Untracked
[0.730s][trace][gc,heap,region] GC(1) |  24|0x00000000b8000000, 0x00000000b8000000, 0x00000000b9000000|  0%| F|  |TAMS 0x00000000b8000000| PB 0x00000000b8000000| Untracked
[0.730s][trace][gc,heap,region] GC(1) |  25|0x00000000b9000000, 0x00000000b9000000, 0x00000000ba000000|  0%| F|  |TAMS 0x00000000b9000000| PB 0x00000000b9000000| Untracked
[0.730s][trace][gc,heap,region] GC(1) |  26|0x00000000ba000000, 0x00000000ba000000, 0x00000000bb000000|  0%| F|  |TAMS 0x00000000ba000000| PB 0x00000000ba000000| Untracked
[0.730s][trace][gc,heap,region] GC(1) |  27|0x00000000bb000000, 0x00000000bb000000, 0x00000000bc000000|  0%| F|  |TAMS 0x00000000bb000000| PB 0x00000000bb000000| Untracked
[0.730s][trace][gc,heap,region] GC(1) |  28|0x00000000bc000000, 0x00000000bc000000, 0x00000000bd000000|  0%| F|  |TAMS 0x00000000bc000000| PB 0x00000000bc000000| Untracked
[0.730s][trace][gc,heap,region] GC(1) |  29|0x00000000bd000000, 0x00000000bd000000, 0x00000000be000000|  0%| F|  |TAMS 0x00000000bd000000| PB 0x00000000bd000000| Untracked
[0.730s][trace][gc,heap,region] GC(1) |  30|0x00000000be000000, 0x00000000be000000, 0x00000000bf000000|  0%| F|  |TAMS 0x00000000be000000| PB 0x00000000be000000| Untracked
[0.730s][trace][gc,heap,region] GC(1) |  31|0x00000000bf000000, 0x00000000bf000000, 0x00000000c0000000|  0%| F|  |TAMS 0x00000000bf000000| PB 0x00000000bf000000| Untracked
[0.730s][trace][gc,heap,region] GC(1) |  32|0x00000000c0000000, 0x00000000c0000000, 0x00000000c1000000|  0%| F|  |TAMS 0x00000000c0000000| PB 0x00000000c0000000| Untracked
[0.730s][trace][gc,heap,region] GC(1) |  33|0x00000000c1000000, 0x00000000c1000000, 0x00000000c2000000|  0%| F|  |TAMS 0x00000000c1000000| PB 0x00000000c1000000| Untracked
[0.730s][trace][gc,heap,region] GC(1) |  34|0x00000000c2000000, 0x00000000c2000000, 0x00000000c3000000|  0%| F|  |TAMS 0x00000000c2000000| PB 0x00000000c2000000| Untracked
[0.730s][trace][gc,heap,region] GC(1) |  35|0x00000000c3000000, 0x00000000c3000000, 0x00000000c4000000|  0%| F|  |TAMS 0x00000000c3000000| PB 0x00000000c3000000| Untracked
[0.730s][trace][gc,heap,region] GC(1) |  36|0x00000000c4000000, 0x00000000c4000000, 0x00000000c5000000|  0%| F|  |TAMS 0x00000000c4000000| PB 0x00000000c4000000| Untracked
[0.730s][trace][gc,heap,region] GC(1) |  37|0x00000000c5000000, 0x00000000c5000000, 0x00000000c6000000|  0%| F|  |TAMS 0x00000000c5000000| PB 0x00000000c5000000| Untracked
[0.730s][trace][gc,heap,region] GC(1) |  38|0x00000000c6000000, 0x00000000c6000000, 0x00000000c7000000|  0%| F|  |TAMS 0x00000000c6000000| PB 0x00000000c6000000| Untracked
[0.730s][trace][gc,heap,region] GC(1) |  39|0x00000000c7000000, 0x00000000c7000000, 0x00000000c8000000|  0%| F|  |TAMS 0x00000000c7000000| PB 0x00000000c7000000| Untracked
[0.730s][trace][gc,heap,region] GC(1) |  40|0x00000000c8000000, 0x00000000c8000000, 0x00000000c9000000|  0%| F|  |TAMS 0x00000000c8000000| PB 0x00000000c8000000| Untracked
[0.730s][trace][gc,heap,region] GC(1) |  41|0x00000000c9000000, 0x00000000c9000000, 0x00000000ca000000|  0%| F|  |TAMS 0x00000000c9000000| PB 0x00000000c9000000| Untracked
[0.730s][trace][gc,heap,region] GC(1) |  42|0x00000000ca000000, 0x00000000ca000000, 0x00000000cb000000|  0%| F|  |TAMS 0x00000000ca000000| PB 0x00000000ca000000| Untracked
[0.730s][trace][gc,heap,region] GC(1) |  43|0x00000000cb000000, 0x00000000cb000000, 0x00000000cc000000|  0%| F|  |TAMS 0x00000000cb000000| PB 0x00000000cb000000| Untracked
[0.730s][trace][gc,heap,region] GC(1) |  44|0x00000000cc000000, 0x00000000cc000000, 0x00000000cd000000|  0%| F|  |TAMS 0x00000000cc000000| PB 0x00000000cc000000| Untracked
[0.730s][trace][gc,heap,region] GC(1) |  45|0x00000000cd000000, 0x00000000cd000000, 0x00000000ce000000|  0%| F|  |TAMS 0x00000000cd000000| PB 0x00000000cd000000| Untracked
[0.730s][trace][gc,heap,region] GC(1) |  46|0x00000000ce000000, 0x00000000ce000000, 0x00000000cf000000|  0%| F|  |TAMS 0x00000000ce000000| PB 0x00000000ce000000| Untracked
[0.730s][trace][gc,heap,region] GC(1) |  47|0x00000000cf000000, 0x00000000cf000000, 0x00000000d0000000|  0%| F|  |TAMS 0x00000000cf000000| PB 0x00000000cf000000| Untracked
[0.730s][trace][gc,heap,region] GC(1) |  48|0x00000000d0000000, 0x00000000d0000000, 0x00000000d1000000|  0%| F|  |TAMS 0x00000000d0000000| PB 0x00000000d0000000| Untracked
[0.730s][trace][gc,heap,region] GC(1) |  49|0x00000000d1000000, 0x00000000d1000000, 0x00000000d2000000|  0%| F|  |TAMS 0x00000000d1000000| PB 0x00000000d1000000| Untracked
[0.730s][trace][gc,heap,region] GC(1) |  50|0x00000000d2000000, 0x00000000d2000000, 0x00000000d3000000|  0%| F|  |TAMS 0x00000000d2000000| PB 0x00000000d2000000| Untracked
[0.730s][trace][gc,heap,region] GC(1) |  51|0x00000000d3000000, 0x00000000d3000000, 0x00000000d4000000|  0%| F|  |TAMS 0x00000000d3000000| PB 0x00000000d3000000| Untracked
[0.730s][trace][gc,heap,region] GC(1) |  52|0x00000000d4000000, 0x00000000d4000000, 0x00000000d5000000|  0%| F|  |TAMS 0x00000000d4000000| PB 0x00000000d4000000| Untracked
[0.730s][trace][gc,heap,region] GC(1) |  53|0x00000000d5000000, 0x00000000d5000000, 0x00000000d6000000|  0%| F|  |TAMS 0x00000000d5000000| PB 0x00000000d5000000| Untracked
[0.730s][trace][gc,heap,region] GC(1) |  54|0x00000000d6000000, 0x00000000d6000000, 0x00000000d7000000|  0%| F|  |TAMS 0x00000000d6000000| PB 0x00000000d6000000| Untracked
[0.730s][trace][gc,heap,region] GC(1) |  55|0x00000000d7000000, 0x00000000d7000000, 0x00000000d8000000|  0%| F|  |TAMS 0x00000000d7000000| PB 0x00000000d7000000| Untracked
[0.730s][trace][gc,heap,region] GC(1) |  56|0x00000000d8000000, 0x00000000d8000000, 0x00000000d9000000|  0%| F|  |TAMS 0x00000000d8000000| PB 0x00000000d8000000| Untracked
[0.730s][trace][gc,heap,region] GC(1) |  57|0x00000000d9000000, 0x00000000d9000000, 0x00000000da000000|  0%| F|  |TAMS 0x00000000d9000000| PB 0x00000000d9000000| Untracked
[0.730s][trace][gc,heap,region] GC(1) |  58|0x00000000da000000, 0x00000000da000000, 0x00000000db000000|  0%| F|  |TAMS 0x00000000da000000| PB 0x00000000da000000| Untracked
[0.730s][trace][gc,heap,region] GC(1) |  59|0x00000000db000000, 0x00000000db000000, 0x00000000dc000000|  0%| F|  |TAMS 0x00000000db000000| PB 0x00000000db000000| Untracked
[0.730s][trace][gc,heap,region] GC(1) |  60|0x00000000dc000000, 0x00000000dc000000, 0x00000000dd000000|  0%| F|  |TAMS 0x00000000dc000000| PB 0x00000000dc000000| Untracked
[0.730s][trace][gc,heap,region] GC(1) |  61|0x00000000dd000000, 0x00000000dd000000, 0x00000000de000000|  0%| F|  |TAMS 0x00000000dd000000| PB 0x00000000dd000000| Untracked
[0.730s][trace][gc,heap,region] GC(1) |  62|0x00000000de000000, 0x00000000de000000, 0x00000000df000000|  0%| F|  |TAMS 0x00000000de000000| PB 0x00000000de000000| Untracked
[0.730s][trace][gc,heap,region] GC(1) |  63|0x00000000df000000, 0x00000000df000000, 0x00000000e0000000|  0%| F|  |TAMS 0x00000000df000000| PB 0x00000000df000000| Untracked
[0.730s][trace][gc,heap,region] GC(1) |  64|0x00000000e0000000, 0x00000000e0000000, 0x00000000e1000000|  0%| F|  |TAMS 0x00000000e0000000| PB 0x00000000e0000000| Untracked
[0.730s][trace][gc,heap,region] GC(1) |  65|0x00000000e1000000, 0x00000000e1000000, 0x00000000e2000000|  0%| F|  |TAMS 0x00000000e1000000| PB 0x00000000e1000000| Untracked
[0.730s][trace][gc,heap,region] GC(1) |  66|0x00000000e2000000, 0x00000000e2000000, 0x00000000e3000000|  0%| F|  |TAMS 0x00000000e2000000| PB 0x00000000e2000000| Untracked
[0.730s][trace][gc,heap,region] GC(1) |  67|0x00000000e3000000, 0x00000000e3000000, 0x00000000e4000000|  0%| F|  |TAMS 0x00000000e3000000| PB 0x00000000e3000000| Untracked
[0.730s][trace][gc,heap,region] GC(1) |  68|0x00000000e4000000, 0x00000000e4000000, 0x00000000e5000000|  0%| F|  |TAMS 0x00000000e4000000| PB 0x00000000e4000000| Untracked
[0.730s][trace][gc,heap,region] GC(1) |  69|0x00000000e5000000, 0x00000000e5000000, 0x00000000e6000000|  0%| F|  |TAMS 0x00000000e5000000| PB 0x00000000e5000000| Untracked
[0.730s][trace][gc,heap,region] GC(1) |  70|0x00000000e6000000, 0x00000000e6000000, 0x00000000e7000000|  0%| F|  |TAMS 0x00000000e6000000| PB 0x00000000e6000000| Untracked
[0.730s][trace][gc,heap,region] GC(1) |  71|0x00000000e7000000, 0x00000000e7000000, 0x00000000e8000000|  0%| F|  |TAMS 0x00000000e7000000| PB 0x00000000e7000000| Untracked
[0.730s][trace][gc,heap,region] GC(1) |  72|0x00000000e8000000, 0x00000000e8000000, 0x00000000e9000000|  0%| F|  |TAMS 0x00000000e8000000| PB 0x00000000e8000000| Untracked
[0.730s][trace][gc,heap,region] GC(1) |  73|0x00000000e9000000, 0x00000000e9000000, 0x00000000ea000000|  0%| F|  |TAMS 0x00000000e9000000| PB 0x00000000e9000000| Untracked
[0.730s][trace][gc,heap,region] GC(1) |  74|0x00000000ea000000, 0x00000000ea000000, 0x00000000eb000000|  0%| F|  |TAMS 0x00000000ea000000| PB 0x00000000ea000000| Untracked
[0.730s][trace][gc,heap,region] GC(1) |  75|0x00000000eb000000, 0x00000000eb000000, 0x00000000ec000000|  0%| F|  |TAMS 0x00000000eb000000| PB 0x00000000eb000000| Untracked
[0.730s][trace][gc,heap,region] GC(1) |  76|0x00000000ec000000, 0x00000000ec000000, 0x00000000ed000000|  0%| F|  |TAMS 0x00000000ec000000| PB 0x00000000ec000000| Untracked
[0.730s][trace][gc,heap,region] GC(1) |  77|0x00000000ed000000, 0x00000000ed000000, 0x00000000ee000000|  0%| F|  |TAMS 0x00000000ed000000| PB 0x00000000ed000000| Untracked
[0.730s][trace][gc,heap,region] GC(1) |  78|0x00000000ee000000, 0x00000000ee000000, 0x00000000ef000000|  0%| F|  |TAMS 0x00000000ee000000| PB 0x00000000ee000000| Untracked
[0.730s][trace][gc,heap,region] GC(1) |  79|0x00000000ef000000, 0x00000000ef000000, 0x00000000f0000000|  0%| F|  |TAMS 0x00000000ef000000| PB 0x00000000ef000000| Untracked
[0.730s][trace][gc,heap,region] GC(1) |  80|0x00000000f0000000, 0x00000000f0000000, 0x00000000f1000000|  0%| F|  |TAMS 0x00000000f0000000| PB 0x00000000f0000000| Untracked
[0.730s][trace][gc,heap,region] GC(1) |  81|0x00000000f1000000, 0x00000000f1000000, 0x00000000f2000000|  0%| F|  |TAMS 0x00000000f1000000| PB 0x00000000f1000000| Untracked
[0.730s][trace][gc,heap,region] GC(1) |  82|0x00000000f2000000, 0x00000000f2000000, 0x00000000f3000000|  0%| F|  |TAMS 0x00000000f2000000| PB 0x00000000f2000000| Untracked
[0.730s][trace][gc,heap,region] GC(1) |  83|0x00000000f3000000, 0x00000000f3000000, 0x00000000f4000000|  0%| F|  |TAMS 0x00000000f3000000| PB 0x00000000f3000000| Untracked
[0.730s][trace][gc,heap,region] GC(1) |  84|0x00000000f4000000, 0x00000000f4000000, 0x00000000f5000000|  0%| F|  |TAMS 0x00000000f4000000| PB 0x00000000f4000000| Untracked
[0.730s][trace][gc,heap,region] GC(1) |  85|0x00000000f5000000, 0x00000000f5000000, 0x00000000f6000000|  0%| F|  |TAMS 0x00000000f5000000| PB 0x00000000f5000000| Untracked
[0.730s][trace][gc,heap,region] GC(1) |  86|0x00000000f6000000, 0x00000000f6000000, 0x00000000f7000000|  0%| F|  |TAMS 0x00000000f6000000| PB 0x00000000f6000000| Untracked
[0.730s][trace][gc,heap,region] GC(1) |  87|0x00000000f7000000, 0x00000000f7000000, 0x00000000f8000000|  0%| F|  |TAMS 0x00000000f7000000| PB 0x00000000f7000000| Untracked
[0.730s][trace][gc,heap,region] GC(1) |  88|0x00000000f8000000, 0x00000000f8000000, 0x00000000f9000000|  0%| F|  |TAMS 0x00000000f8000000| PB 0x00000000f8000000| Untracked
[0.730s][trace][gc,heap,region] GC(1) |  89|0x00000000f9000000, 0x00000000f9000000, 0x00000000fa000000|  0%| F|  |TAMS 0x00000000f9000000| PB 0x00000000f9000000| Untracked
[0.730s][trace][gc,heap,region] GC(1) |  90|0x00000000fa000000, 0x00000000fa000000, 0x00000000fb000000|  0%| F|  |TAMS 0x00000000fa000000| PB 0x00000000fa000000| Untracked
[0.730s][trace][gc,heap,region] GC(1) |  91|0x00000000fb000000, 0x00000000fb000000, 0x00000000fc000000|  0%| F|  |TAMS 0x00000000fb000000| PB 0x00000000fb000000| Untracked
[0.730s][trace][gc,heap,region] GC(1) |  92|0x00000000fc000000, 0x00000000fc000000, 0x00000000fd000000|  0%| F|  |TAMS 0x00000000fc000000| PB 0x00000000fc000000| Untracked
[0.730s][trace][gc,heap,region] GC(1) |  93|0x00000000fd000000, 0x00000000fd000000, 0x00000000fe000000|  0%| F|  |TAMS 0x00000000fd000000| PB 0x00000000fd000000| Untracked
[0.730s][trace][gc,heap,region] GC(1) |  94|0x00000000fe000000, 0x00000000fe000000, 0x00000000ff000000|  0%| F|  |TAMS 0x00000000fe000000| PB 0x00000000fe000000| Untracked
[0.730s][trace][gc,heap,region] GC(1) |  95|0x00000000ff000000, 0x00000000ff000000, 0x0000000100000000|  0%| F|  |TAMS 0x00000000ff000000| PB 0x00000000ff000000| Untracked
[0.731s][trace][gc,heap,region] GC(1) |  96|0x0000000100000000, 0x0000000100000000, 0x0000000101000000|  0%| F|  |TAMS 0x0000000100000000| PB 0x0000000100000000| Untracked
[0.731s][trace][gc,heap,region] GC(1) |  97|0x0000000101000000, 0x0000000101000000, 0x0000000102000000|  0%| F|  |TAMS 0x0000000101000000| PB 0x0000000101000000| Untracked
[0.731s][trace][gc,heap,region] GC(1) |  98|0x0000000102000000, 0x0000000102000000, 0x0000000103000000|  0%| F|  |TAMS 0x0000000102000000| PB 0x0000000102000000| Untracked
[0.731s][trace][gc,heap,region] GC(1) |  99|0x0000000103000000, 0x0000000103000000, 0x0000000104000000|  0%| F|  |TAMS 0x0000000103000000| PB 0x0000000103000000| Untracked
[0.731s][trace][gc,heap,region] GC(1) | 100|0x0000000104000000, 0x0000000104000000, 0x0000000105000000|  0%| F|  |TAMS 0x0000000104000000| PB 0x0000000104000000| Untracked
[0.731s][trace][gc,heap,region] GC(1) | 101|0x0000000105000000, 0x0000000105000000, 0x0000000106000000|  0%| F|  |TAMS 0x0000000105000000| PB 0x0000000105000000| Untracked
[0.731s][trace][gc,heap,region] GC(1) | 102|0x0000000106000000, 0x0000000106000000, 0x0000000107000000|  0%| F|  |TAMS 0x0000000106000000| PB 0x0000000106000000| Untracked
[0.731s][trace][gc,heap,region] GC(1) | 103|0x0000000107000000, 0x0000000107000000, 0x0000000108000000|  0%| F|  |TAMS 0x0000000107000000| PB 0x0000000107000000| Untracked
[0.731s][trace][gc,heap,region] GC(1) | 104|0x0000000108000000, 0x0000000108000000, 0x0000000109000000|  0%| F|  |TAMS 0x0000000108000000| PB 0x0000000108000000| Untracked
[0.731s][trace][gc,heap,region] GC(1) | 105|0x0000000109000000, 0x0000000109000000, 0x000000010a000000|  0%| F|  |TAMS 0x0000000109000000| PB 0x0000000109000000| Untracked
[0.731s][trace][gc,heap,region] GC(1) | 106|0x000000010a000000, 0x000000010a000000, 0x000000010b000000|  0%| F|  |TAMS 0x000000010a000000| PB 0x000000010a000000| Untracked
[0.731s][trace][gc,heap,region] GC(1) | 107|0x000000010b000000, 0x000000010b000000, 0x000000010c000000|  0%| F|  |TAMS 0x000000010b000000| PB 0x000000010b000000| Untracked
[0.731s][trace][gc,heap,region] GC(1) | 108|0x000000010c000000, 0x000000010c000000, 0x000000010d000000|  0%| F|  |TAMS 0x000000010c000000| PB 0x000000010c000000| Untracked
[0.731s][trace][gc,heap,region] GC(1) | 109|0x000000010d000000, 0x000000010d000000, 0x000000010e000000|  0%| F|  |TAMS 0x000000010d000000| PB 0x000000010d000000| Untracked
[0.731s][trace][gc,heap,region] GC(1) | 110|0x000000010e000000, 0x000000010e000000, 0x000000010f000000|  0%| F|  |TAMS 0x000000010e000000| PB 0x000000010e000000| Untracked
[0.731s][trace][gc,heap,region] GC(1) | 111|0x000000010f000000, 0x000000010f000000, 0x0000000110000000|  0%| F|  |TAMS 0x000000010f000000| PB 0x000000010f000000| Untracked
[0.731s][trace][gc,heap,region] GC(1) | 112|0x0000000110000000, 0x0000000110000000, 0x0000000111000000|  0%| F|  |TAMS 0x0000000110000000| PB 0x0000000110000000| Untracked
[0.731s][trace][gc,heap,region] GC(1) | 113|0x0000000111000000, 0x00000001117d7e50, 0x0000000112000000| 49%| S|CS|TAMS 0x0000000111000000| PB 0x0000000111000000| Complete
[0.731s][trace][gc,heap,region] GC(1) | 114|0x0000000112000000, 0x0000000112000000, 0x0000000113000000|  0%| F|  |TAMS 0x0000000112000000| PB 0x0000000112000000| Untracked
[0.731s][trace][gc,heap,region] GC(1) | 115|0x0000000113000000, 0x0000000114000000, 0x0000000114000000|100%| E|CS|TAMS 0x0000000113000000| PB 0x0000000113000000| Complete
[0.731s][trace][gc,heap,region] GC(1) | 116|0x0000000114000000, 0x0000000115000000, 0x0000000115000000|100%| E|CS|TAMS 0x0000000114000000| PB 0x0000000114000000| Complete
[0.731s][trace][gc,heap,region] GC(1) | 117|0x0000000115000000, 0x0000000116000000, 0x0000000116000000|100%| E|CS|TAMS 0x0000000115000000| PB 0x0000000115000000| Complete
[0.731s][trace][gc,heap,region] GC(1) | 118|0x0000000116000000, 0x0000000117000000, 0x0000000117000000|100%| E|CS|TAMS 0x0000000116000000| PB 0x0000000116000000| Complete
[0.731s][trace][gc,heap,region] GC(1) | 119|0x0000000117000000, 0x0000000118000000, 0x0000000118000000|100%| E|CS|TAMS 0x0000000117000000| PB 0x0000000117000000| Complete
[0.731s][trace][gc,heap,region] GC(1) |1887|0x00000007ff000000, 0x00000007ff10c798, 0x0000000800000000|  6%| O|  |TAMS 0x00000007ff000000| PB 0x00000007ff000000| Untracked
[0.734s][trace][gc,heap,region] GC(1) Heap Regions: E=young(eden), S=young(survivor), O=old, HS=humongous(starts), HC=humongous(continues), CS=collection set, F=free, TAMS=top-at-mark-start, PB=parsable bottom
[0.734s][trace][gc,heap,region] GC(1) |   0|0x00000000a0000000, 0x00000000a0000000, 0x00000000a1000000|  0%| F|  |TAMS 0x00000000a0000000| PB 0x00000000a0000000| Untracked
[0.734s][trace][gc,heap,region] GC(1) |   1|0x00000000a1000000, 0x00000000a1000000, 0x00000000a2000000|  0%| F|  |TAMS 0x00000000a1000000| PB 0x00000000a1000000| Untracked
[0.734s][trace][gc,heap,region] GC(1) |   2|0x00000000a2000000, 0x00000000a2000000, 0x00000000a3000000|  0%| F|  |TAMS 0x00000000a2000000| PB 0x00000000a2000000| Untracked
[0.734s][trace][gc,heap,region] GC(1) |   3|0x00000000a3000000, 0x00000000a3000000, 0x00000000a4000000|  0%| F|  |TAMS 0x00000000a3000000| PB 0x00000000a3000000| Untracked
[0.734s][trace][gc,heap,region] GC(1) |   4|0x00000000a4000000, 0x00000000a4000000, 0x00000000a5000000|  0%| F|  |TAMS 0x00000000a4000000| PB 0x00000000a4000000| Untracked
[0.734s][trace][gc,heap,region] GC(1) |   5|0x00000000a5000000, 0x00000000a5000000, 0x00000000a6000000|  0%| F|  |TAMS 0x00000000a5000000| PB 0x00000000a5000000| Untracked
[0.734s][trace][gc,heap,region] GC(1) |   6|0x00000000a6000000, 0x00000000a6000000, 0x00000000a7000000|  0%| F|  |TAMS 0x00000000a6000000| PB 0x00000000a6000000| Untracked
[0.734s][trace][gc,heap,region] GC(1) |   7|0x00000000a7000000, 0x00000000a7000000, 0x00000000a8000000|  0%| F|  |TAMS 0x00000000a7000000| PB 0x00000000a7000000| Untracked
[0.734s][trace][gc,heap,region] GC(1) |   8|0x00000000a8000000, 0x00000000a8000000, 0x00000000a9000000|  0%| F|  |TAMS 0x00000000a8000000| PB 0x00000000a8000000| Untracked
[0.734s][trace][gc,heap,region] GC(1) |   9|0x00000000a9000000, 0x00000000a9000000, 0x00000000aa000000|  0%| F|  |TAMS 0x00000000a9000000| PB 0x00000000a9000000| Untracked
[0.734s][trace][gc,heap,region] GC(1) |  10|0x00000000aa000000, 0x00000000aa000000, 0x00000000ab000000|  0%| F|  |TAMS 0x00000000aa000000| PB 0x00000000aa000000| Untracked
[0.734s][trace][gc,heap,region] GC(1) |  11|0x00000000ab000000, 0x00000000ab000000, 0x00000000ac000000|  0%| F|  |TAMS 0x00000000ab000000| PB 0x00000000ab000000| Untracked
[0.734s][trace][gc,heap,region] GC(1) |  12|0x00000000ac000000, 0x00000000ac000000, 0x00000000ad000000|  0%| F|  |TAMS 0x00000000ac000000| PB 0x00000000ac000000| Untracked
[0.734s][trace][gc,heap,region] GC(1) |  13|0x00000000ad000000, 0x00000000ad000000, 0x00000000ae000000|  0%| F|  |TAMS 0x00000000ad000000| PB 0x00000000ad000000| Untracked
[0.734s][trace][gc,heap,region] GC(1) |  14|0x00000000ae000000, 0x00000000ae000000, 0x00000000af000000|  0%| F|  |TAMS 0x00000000ae000000| PB 0x00000000ae000000| Untracked
[0.734s][trace][gc,heap,region] GC(1) |  15|0x00000000af000000, 0x00000000af000000, 0x00000000b0000000|  0%| F|  |TAMS 0x00000000af000000| PB 0x00000000af000000| Untracked
[0.734s][trace][gc,heap,region] GC(1) |  16|0x00000000b0000000, 0x00000000b0000000, 0x00000000b1000000|  0%| F|  |TAMS 0x00000000b0000000| PB 0x00000000b0000000| Untracked
[0.734s][trace][gc,heap,region] GC(1) |  17|0x00000000b1000000, 0x00000000b1000000, 0x00000000b2000000|  0%| F|  |TAMS 0x00000000b1000000| PB 0x00000000b1000000| Untracked
[0.734s][trace][gc,heap,region] GC(1) |  18|0x00000000b2000000, 0x00000000b2000000, 0x00000000b3000000|  0%| F|  |TAMS 0x00000000b2000000| PB 0x00000000b2000000| Untracked
[0.734s][trace][gc,heap,region] GC(1) |  19|0x00000000b3000000, 0x00000000b3000000, 0x00000000b4000000|  0%| F|  |TAMS 0x00000000b3000000| PB 0x00000000b3000000| Untracked
[0.734s][trace][gc,heap,region] GC(1) |  20|0x00000000b4000000, 0x00000000b4000000, 0x00000000b5000000|  0%| F|  |TAMS 0x00000000b4000000| PB 0x00000000b4000000| Untracked
[0.734s][trace][gc,heap,region] GC(1) |  21|0x00000000b5000000, 0x00000000b5000000, 0x00000000b6000000|  0%| F|  |TAMS 0x00000000b5000000| PB 0x00000000b5000000| Untracked
[0.734s][trace][gc,heap,region] GC(1) |  22|0x00000000b6000000, 0x00000000b6000000, 0x00000000b7000000|  0%| F|  |TAMS 0x00000000b6000000| PB 0x00000000b6000000| Untracked
[0.734s][trace][gc,heap,region] GC(1) |  23|0x00000000b7000000, 0x00000000b7000000, 0x00000000b8000000|  0%| F|  |TAMS 0x00000000b7000000| PB 0x00000000b7000000| Untracked
[0.734s][trace][gc,heap,region] GC(1) |  24|0x00000000b8000000, 0x00000000b8000000, 0x00000000b9000000|  0%| F|  |TAMS 0x00000000b8000000| PB 0x00000000b8000000| Untracked
[0.734s][trace][gc,heap,region] GC(1) |  25|0x00000000b9000000, 0x00000000b9000000, 0x00000000ba000000|  0%| F|  |TAMS 0x00000000b9000000| PB 0x00000000b9000000| Untracked
[0.734s][trace][gc,heap,region] GC(1) |  26|0x00000000ba000000, 0x00000000ba000000, 0x00000000bb000000|  0%| F|  |TAMS 0x00000000ba000000| PB 0x00000000ba000000| Untracked
[0.734s][trace][gc,heap,region] GC(1) |  27|0x00000000bb000000, 0x00000000bb000000, 0x00000000bc000000|  0%| F|  |TAMS 0x00000000bb000000| PB 0x00000000bb000000| Untracked
[0.734s][trace][gc,heap,region] GC(1) |  28|0x00000000bc000000, 0x00000000bc000000, 0x00000000bd000000|  0%| F|  |TAMS 0x00000000bc000000| PB 0x00000000bc000000| Untracked
[0.734s][trace][gc,heap,region] GC(1) |  29|0x00000000bd000000, 0x00000000bd000000, 0x00000000be000000|  0%| F|  |TAMS 0x00000000bd000000| PB 0x00000000bd000000| Untracked
[0.734s][trace][gc,heap,region] GC(1) |  30|0x00000000be000000, 0x00000000be000000, 0x00000000bf000000|  0%| F|  |TAMS 0x00000000be000000| PB 0x00000000be000000| Untracked
[0.734s][trace][gc,heap,region] GC(1) |  31|0x00000000bf000000, 0x00000000bf000000, 0x00000000c0000000|  0%| F|  |TAMS 0x00000000bf000000| PB 0x00000000bf000000| Untracked
[0.734s][trace][gc,heap,region] GC(1) |  32|0x00000000c0000000, 0x00000000c0000000, 0x00000000c1000000|  0%| F|  |TAMS 0x00000000c0000000| PB 0x00000000c0000000| Untracked
[0.734s][trace][gc,heap,region] GC(1) |  33|0x00000000c1000000, 0x00000000c1000000, 0x00000000c2000000|  0%| F|  |TAMS 0x00000000c1000000| PB 0x00000000c1000000| Untracked
[0.734s][trace][gc,heap,region] GC(1) |  34|0x00000000c2000000, 0x00000000c2000000, 0x00000000c3000000|  0%| F|  |TAMS 0x00000000c2000000| PB 0x00000000c2000000| Untracked
[0.734s][trace][gc,heap,region] GC(1) |  35|0x00000000c3000000, 0x00000000c3000000, 0x00000000c4000000|  0%| F|  |TAMS 0x00000000c3000000| PB 0x00000000c3000000| Untracked
[0.734s][trace][gc,heap,region] GC(1) |  36|0x00000000c4000000, 0x00000000c4000000, 0x00000000c5000000|  0%| F|  |TAMS 0x00000000c4000000| PB 0x00000000c4000000| Untracked
[0.734s][trace][gc,heap,region] GC(1) |  37|0x00000000c5000000, 0x00000000c5000000, 0x00000000c6000000|  0%| F|  |TAMS 0x00000000c5000000| PB 0x00000000c5000000| Untracked
[0.734s][trace][gc,heap,region] GC(1) |  38|0x00000000c6000000, 0x00000000c6000000, 0x00000000c7000000|  0%| F|  |TAMS 0x00000000c6000000| PB 0x00000000c6000000| Untracked
[0.734s][trace][gc,heap,region] GC(1) |  39|0x00000000c7000000, 0x00000000c7000000, 0x00000000c8000000|  0%| F|  |TAMS 0x00000000c7000000| PB 0x00000000c7000000| Untracked
[0.734s][trace][gc,heap,region] GC(1) |  40|0x00000000c8000000, 0x00000000c8000000, 0x00000000c9000000|  0%| F|  |TAMS 0x00000000c8000000| PB 0x00000000c8000000| Untracked
[0.734s][trace][gc,heap,region] GC(1) |  41|0x00000000c9000000, 0x00000000c9000000, 0x00000000ca000000|  0%| F|  |TAMS 0x00000000c9000000| PB 0x00000000c9000000| Untracked
[0.734s][trace][gc,heap,region] GC(1) |  42|0x00000000ca000000, 0x00000000ca000000, 0x00000000cb000000|  0%| F|  |TAMS 0x00000000ca000000| PB 0x00000000ca000000| Untracked
[0.734s][trace][gc,heap,region] GC(1) |  43|0x00000000cb000000, 0x00000000cb000000, 0x00000000cc000000|  0%| F|  |TAMS 0x00000000cb000000| PB 0x00000000cb000000| Untracked
[0.734s][trace][gc,heap,region] GC(1) |  44|0x00000000cc000000, 0x00000000cc000000, 0x00000000cd000000|  0%| F|  |TAMS 0x00000000cc000000| PB 0x00000000cc000000| Untracked
[0.734s][trace][gc,heap,region] GC(1) |  45|0x00000000cd000000, 0x00000000cd000000, 0x00000000ce000000|  0%| F|  |TAMS 0x00000000cd000000| PB 0x00000000cd000000| Untracked
[0.734s][trace][gc,heap,region] GC(1) |  46|0x00000000ce000000, 0x00000000ce000000, 0x00000000cf000000|  0%| F|  |TAMS 0x00000000ce000000| PB 0x00000000ce000000| Untracked
[0.734s][trace][gc,heap,region] GC(1) |  47|0x00000000cf000000, 0x00000000cf000000, 0x00000000d0000000|  0%| F|  |TAMS 0x00000000cf000000| PB 0x00000000cf000000| Untracked
[0.734s][trace][gc,heap,region] GC(1) |  48|0x00000000d0000000, 0x00000000d0000000, 0x00000000d1000000|  0%| F|  |TAMS 0x00000000d0000000| PB 0x00000000d0000000| Untracked
[0.734s][trace][gc,heap,region] GC(1) |  49|0x00000000d1000000, 0x00000000d1000000, 0x00000000d2000000|  0%| F|  |TAMS 0x00000000d1000000| PB 0x00000000d1000000| Untracked
[0.734s][trace][gc,heap,region] GC(1) |  50|0x00000000d2000000, 0x00000000d2000000, 0x00000000d3000000|  0%| F|  |TAMS 0x00000000d2000000| PB 0x00000000d2000000| Untracked
[0.734s][trace][gc,heap,region] GC(1) |  51|0x00000000d3000000, 0x00000000d3000000, 0x00000000d4000000|  0%| F|  |TAMS 0x00000000d3000000| PB 0x00000000d3000000| Untracked
[0.734s][trace][gc,heap,region] GC(1) |  52|0x00000000d4000000, 0x00000000d4000000, 0x00000000d5000000|  0%| F|  |TAMS 0x00000000d4000000| PB 0x00000000d4000000| Untracked
[0.734s][trace][gc,heap,region] GC(1) |  53|0x00000000d5000000, 0x00000000d5000000, 0x00000000d6000000|  0%| F|  |TAMS 0x00000000d5000000| PB 0x00000000d5000000| Untracked
[0.734s][trace][gc,heap,region] GC(1) |  54|0x00000000d6000000, 0x00000000d6000000, 0x00000000d7000000|  0%| F|  |TAMS 0x00000000d6000000| PB 0x00000000d6000000| Untracked
[0.734s][trace][gc,heap,region] GC(1) |  55|0x00000000d7000000, 0x00000000d7000000, 0x00000000d8000000|  0%| F|  |TAMS 0x00000000d7000000| PB 0x00000000d7000000| Untracked
[0.734s][trace][gc,heap,region] GC(1) |  56|0x00000000d8000000, 0x00000000d8000000, 0x00000000d9000000|  0%| F|  |TAMS 0x00000000d8000000| PB 0x00000000d8000000| Untracked
[0.734s][trace][gc,heap,region] GC(1) |  57|0x00000000d9000000, 0x00000000d9000000, 0x00000000da000000|  0%| F|  |TAMS 0x00000000d9000000| PB 0x00000000d9000000| Untracked
[0.734s][trace][gc,heap,region] GC(1) |  58|0x00000000da000000, 0x00000000da000000, 0x00000000db000000|  0%| F|  |TAMS 0x00000000da000000| PB 0x00000000da000000| Untracked
[0.734s][trace][gc,heap,region] GC(1) |  59|0x00000000db000000, 0x00000000db000000, 0x00000000dc000000|  0%| F|  |TAMS 0x00000000db000000| PB 0x00000000db000000| Untracked
[0.734s][trace][gc,heap,region] GC(1) |  60|0x00000000dc000000, 0x00000000dc000000, 0x00000000dd000000|  0%| F|  |TAMS 0x00000000dc000000| PB 0x00000000dc000000| Untracked
[0.734s][trace][gc,heap,region] GC(1) |  61|0x00000000dd000000, 0x00000000dd000000, 0x00000000de000000|  0%| F|  |TAMS 0x00000000dd000000| PB 0x00000000dd000000| Untracked
[0.734s][trace][gc,heap,region] GC(1) |  62|0x00000000de000000, 0x00000000de000000, 0x00000000df000000|  0%| F|  |TAMS 0x00000000de000000| PB 0x00000000de000000| Untracked
[0.734s][trace][gc,heap,region] GC(1) |  63|0x00000000df000000, 0x00000000df000000, 0x00000000e0000000|  0%| F|  |TAMS 0x00000000df000000| PB 0x00000000df000000| Untracked
[0.734s][trace][gc,heap,region] GC(1) |  64|0x00000000e0000000, 0x00000000e0000000, 0x00000000e1000000|  0%| F|  |TAMS 0x00000000e0000000| PB 0x00000000e0000000| Untracked
[0.734s][trace][gc,heap,region] GC(1) |  65|0x00000000e1000000, 0x00000000e1000000, 0x00000000e2000000|  0%| F|  |TAMS 0x00000000e1000000| PB 0x00000000e1000000| Untracked
[0.734s][trace][gc,heap,region] GC(1) |  66|0x00000000e2000000, 0x00000000e2000000, 0x00000000e3000000|  0%| F|  |TAMS 0x00000000e2000000| PB 0x00000000e2000000| Untracked
[0.734s][trace][gc,heap,region] GC(1) |  67|0x00000000e3000000, 0x00000000e3000000, 0x00000000e4000000|  0%| F|  |TAMS 0x00000000e3000000| PB 0x00000000e3000000| Untracked
[0.734s][trace][gc,heap,region] GC(1) |  68|0x00000000e4000000, 0x00000000e4000000, 0x00000000e5000000|  0%| F|  |TAMS 0x00000000e4000000| PB 0x00000000e4000000| Untracked
[0.734s][trace][gc,heap,region] GC(1) |  69|0x00000000e5000000, 0x00000000e5000000, 0x00000000e6000000|  0%| F|  |TAMS 0x00000000e5000000| PB 0x00000000e5000000| Untracked
[0.734s][trace][gc,heap,region] GC(1) |  70|0x00000000e6000000, 0x00000000e6000000, 0x00000000e7000000|  0%| F|  |TAMS 0x00000000e6000000| PB 0x00000000e6000000| Untracked
[0.734s][trace][gc,heap,region] GC(1) |  71|0x00000000e7000000, 0x00000000e7000000, 0x00000000e8000000|  0%| F|  |TAMS 0x00000000e7000000| PB 0x00000000e7000000| Untracked
[0.734s][trace][gc,heap,region] GC(1) |  72|0x00000000e8000000, 0x00000000e8000000, 0x00000000e9000000|  0%| F|  |TAMS 0x00000000e8000000| PB 0x00000000e8000000| Untracked
[0.734s][trace][gc,heap,region] GC(1) |  73|0x00000000e9000000, 0x00000000e9000000, 0x00000000ea000000|  0%| F|  |TAMS 0x00000000e9000000| PB 0x00000000e9000000| Untracked
[0.734s][trace][gc,heap,region] GC(1) |  74|0x00000000ea000000, 0x00000000ea000000, 0x00000000eb000000|  0%| F|  |TAMS 0x00000000ea000000| PB 0x00000000ea000000| Untracked
[0.734s][trace][gc,heap,region] GC(1) |  75|0x00000000eb000000, 0x00000000eb000000, 0x00000000ec000000|  0%| F|  |TAMS 0x00000000eb000000| PB 0x00000000eb000000| Untracked
[0.734s][trace][gc,heap,region] GC(1) |  76|0x00000000ec000000, 0x00000000ec000000, 0x00000000ed000000|  0%| F|  |TAMS 0x00000000ec000000| PB 0x00000000ec000000| Untracked
[0.734s][trace][gc,heap,region] GC(1) |  77|0x00000000ed000000, 0x00000000ed000000, 0x00000000ee000000|  0%| F|  |TAMS 0x00000000ed000000| PB 0x00000000ed000000| Untracked
[0.734s][trace][gc,heap,region] GC(1) |  78|0x00000000ee000000, 0x00000000ee000000, 0x00000000ef000000|  0%| F|  |TAMS 0x00000000ee000000| PB 0x00000000ee000000| Untracked
[0.734s][trace][gc,heap,region] GC(1) |  79|0x00000000ef000000, 0x00000000ef000000, 0x00000000f0000000|  0%| F|  |TAMS 0x00000000ef000000| PB 0x00000000ef000000| Untracked
[0.734s][trace][gc,heap,region] GC(1) |  80|0x00000000f0000000, 0x00000000f0000000, 0x00000000f1000000|  0%| F|  |TAMS 0x00000000f0000000| PB 0x00000000f0000000| Untracked
[0.734s][trace][gc,heap,region] GC(1) |  81|0x00000000f1000000, 0x00000000f1000000, 0x00000000f2000000|  0%| F|  |TAMS 0x00000000f1000000| PB 0x00000000f1000000| Untracked
[0.734s][trace][gc,heap,region] GC(1) |  82|0x00000000f2000000, 0x00000000f2000000, 0x00000000f3000000|  0%| F|  |TAMS 0x00000000f2000000| PB 0x00000000f2000000| Untracked
[0.734s][trace][gc,heap,region] GC(1) |  83|0x00000000f3000000, 0x00000000f3000000, 0x00000000f4000000|  0%| F|  |TAMS 0x00000000f3000000| PB 0x00000000f3000000| Untracked
[0.734s][trace][gc,heap,region] GC(1) |  84|0x00000000f4000000, 0x00000000f4000000, 0x00000000f5000000|  0%| F|  |TAMS 0x00000000f4000000| PB 0x00000000f4000000| Untracked
[0.734s][trace][gc,heap,region] GC(1) |  85|0x00000000f5000000, 0x00000000f5000000, 0x00000000f6000000|  0%| F|  |TAMS 0x00000000f5000000| PB 0x00000000f5000000| Untracked
[0.734s][trace][gc,heap,region] GC(1) |  86|0x00000000f6000000, 0x00000000f6000000, 0x00000000f7000000|  0%| F|  |TAMS 0x00000000f6000000| PB 0x00000000f6000000| Untracked
[0.734s][trace][gc,heap,region] GC(1) |  87|0x00000000f7000000, 0x00000000f7000000, 0x00000000f8000000|  0%| F|  |TAMS 0x00000000f7000000| PB 0x00000000f7000000| Untracked
[0.734s][trace][gc,heap,region] GC(1) |  88|0x00000000f8000000, 0x00000000f8000000, 0x00000000f9000000|  0%| F|  |TAMS 0x00000000f8000000| PB 0x00000000f8000000| Untracked
[0.734s][trace][gc,heap,region] GC(1) |  89|0x00000000f9000000, 0x00000000f9000000, 0x00000000fa000000|  0%| F|  |TAMS 0x00000000f9000000| PB 0x00000000f9000000| Untracked
[0.734s][trace][gc,heap,region] GC(1) |  90|0x00000000fa000000, 0x00000000fa000000, 0x00000000fb000000|  0%| F|  |TAMS 0x00000000fa000000| PB 0x00000000fa000000| Untracked
[0.734s][trace][gc,heap,region] GC(1) |  91|0x00000000fb000000, 0x00000000fb000000, 0x00000000fc000000|  0%| F|  |TAMS 0x00000000fb000000| PB 0x00000000fb000000| Untracked
[0.734s][trace][gc,heap,region] GC(1) |  92|0x00000000fc000000, 0x00000000fc000000, 0x00000000fd000000|  0%| F|  |TAMS 0x00000000fc000000| PB 0x00000000fc000000| Untracked
[0.734s][trace][gc,heap,region] GC(1) |  93|0x00000000fd000000, 0x00000000fd000000, 0x00000000fe000000|  0%| F|  |TAMS 0x00000000fd000000| PB 0x00000000fd000000| Untracked
[0.734s][trace][gc,heap,region] GC(1) |  94|0x00000000fe000000, 0x00000000fe000000, 0x00000000ff000000|  0%| F|  |TAMS 0x00000000fe000000| PB 0x00000000fe000000| Untracked
[0.734s][trace][gc,heap,region] GC(1) |  95|0x00000000ff000000, 0x00000000ff000000, 0x0000000100000000|  0%| F|  |TAMS 0x00000000ff000000| PB 0x00000000ff000000| Untracked
[0.734s][trace][gc,heap,region] GC(1) |  96|0x0000000100000000, 0x0000000100000000, 0x0000000101000000|  0%| F|  |TAMS 0x0000000100000000| PB 0x0000000100000000| Untracked
[0.734s][trace][gc,heap,region] GC(1) |  97|0x0000000101000000, 0x0000000101000000, 0x0000000102000000|  0%| F|  |TAMS 0x0000000101000000| PB 0x0000000101000000| Untracked
[0.734s][trace][gc,heap,region] GC(1) |  98|0x0000000102000000, 0x0000000102000000, 0x0000000103000000|  0%| F|  |TAMS 0x0000000102000000| PB 0x0000000102000000| Untracked
[0.734s][trace][gc,heap,region] GC(1) |  99|0x0000000103000000, 0x0000000103000000, 0x0000000104000000|  0%| F|  |TAMS 0x0000000103000000| PB 0x0000000103000000| Untracked
[0.734s][trace][gc,heap,region] GC(1) | 100|0x0000000104000000, 0x0000000104000000, 0x0000000105000000|  0%| F|  |TAMS 0x0000000104000000| PB 0x0000000104000000| Untracked
[0.734s][trace][gc,heap,region] GC(1) | 101|0x0000000105000000, 0x0000000105000000, 0x0000000106000000|  0%| F|  |TAMS 0x0000000105000000| PB 0x0000000105000000| Untracked
[0.735s][trace][gc,heap,region] GC(1) | 102|0x0000000106000000, 0x0000000106000000, 0x0000000107000000|  0%| F|  |TAMS 0x0000000106000000| PB 0x0000000106000000| Untracked
[0.735s][trace][gc,heap,region] GC(1) | 103|0x0000000107000000, 0x0000000107000000, 0x0000000108000000|  0%| F|  |TAMS 0x0000000107000000| PB 0x0000000107000000| Untracked
[0.735s][trace][gc,heap,region] GC(1) | 104|0x0000000108000000, 0x0000000108000000, 0x0000000109000000|  0%| F|  |TAMS 0x0000000108000000| PB 0x0000000108000000| Untracked
[0.735s][trace][gc,heap,region] GC(1) | 105|0x0000000109000000, 0x0000000109000000, 0x000000010a000000|  0%| F|  |TAMS 0x0000000109000000| PB 0x0000000109000000| Untracked
[0.735s][trace][gc,heap,region] GC(1) | 106|0x000000010a000000, 0x000000010a000000, 0x000000010b000000|  0%| F|  |TAMS 0x000000010a000000| PB 0x000000010a000000| Untracked
[0.735s][trace][gc,heap,region] GC(1) | 107|0x000000010b000000, 0x000000010b000000, 0x000000010c000000|  0%| F|  |TAMS 0x000000010b000000| PB 0x000000010b000000| Untracked
[0.735s][trace][gc,heap,region] GC(1) | 108|0x000000010c000000, 0x000000010c000000, 0x000000010d000000|  0%| F|  |TAMS 0x000000010c000000| PB 0x000000010c000000| Untracked
[0.735s][trace][gc,heap,region] GC(1) | 109|0x000000010d000000, 0x000000010d000000, 0x000000010e000000|  0%| F|  |TAMS 0x000000010d000000| PB 0x000000010d000000| Untracked
[0.735s][trace][gc,heap,region] GC(1) | 110|0x000000010e000000, 0x000000010e000000, 0x000000010f000000|  0%| F|  |TAMS 0x000000010e000000| PB 0x000000010e000000| Untracked
[0.735s][trace][gc,heap,region] GC(1) | 111|0x000000010f000000, 0x000000010f000000, 0x0000000110000000|  0%| F|  |TAMS 0x000000010f000000| PB 0x000000010f000000| Untracked
[0.735s][trace][gc,heap,region] GC(1) | 112|0x0000000110000000, 0x0000000110000000, 0x0000000111000000|  0%| F|  |TAMS 0x0000000110000000| PB 0x0000000110000000| Untracked
[0.735s][trace][gc,heap,region] GC(1) | 113|0x0000000111000000, 0x0000000111000000, 0x0000000112000000|  0%| F|  |TAMS 0x0000000111000000| PB 0x0000000111000000| Untracked
[0.735s][trace][gc,heap,region] GC(1) | 114|0x0000000112000000, 0x0000000112921818, 0x0000000113000000| 57%| S|CS|TAMS 0x0000000112000000| PB 0x0000000112000000| Complete
[0.735s][trace][gc,heap,region] GC(1) | 115|0x0000000113000000, 0x0000000113000000, 0x0000000114000000|  0%| F|  |TAMS 0x0000000113000000| PB 0x0000000113000000| Untracked
[0.735s][trace][gc,heap,region] GC(1) | 116|0x0000000114000000, 0x0000000114000000, 0x0000000115000000|  0%| F|  |TAMS 0x0000000114000000| PB 0x0000000114000000| Untracked
[0.735s][trace][gc,heap,region] GC(1) | 117|0x0000000115000000, 0x0000000115000000, 0x0000000116000000|  0%| F|  |TAMS 0x0000000115000000| PB 0x0000000115000000| Untracked
[0.735s][trace][gc,heap,region] GC(1) | 118|0x0000000116000000, 0x0000000116000000, 0x0000000117000000|  0%| F|  |TAMS 0x0000000116000000| PB 0x0000000116000000| Untracked
[0.735s][trace][gc,heap,region] GC(1) | 119|0x0000000117000000, 0x0000000117000000, 0x0000000118000000|  0%| F|  |TAMS 0x0000000117000000| PB 0x0000000117000000| Untracked
[0.735s][trace][gc,heap,region] GC(1) |1887|0x00000007ff000000, 0x00000007ff10c798, 0x0000000800000000|  6%| O|  |TAMS 0x00000007ff000000| PB 0x00000007ff000000| Untracked
[0.744s][trace][gc,heap,region] GC(2) Heap Regions: E=young(eden), S=young(survivor), O=old, HS=humongous(starts), HC=humongous(continues), CS=collection set, F=free, TAMS=top-at-mark-start, PB=parsable bottom
[0.744s][trace][gc,heap,region] GC(2) |   0|0x00000000a0000000, 0x00000000a0000000, 0x00000000a1000000|  0%| F|  |TAMS 0x00000000a0000000| PB 0x00000000a0000000| Untracked
[0.744s][trace][gc,heap,region] GC(2) |   1|0x00000000a1000000, 0x00000000a1000000, 0x00000000a2000000|  0%| F|  |TAMS 0x00000000a1000000| PB 0x00000000a1000000| Untracked
[0.744s][trace][gc,heap,region] GC(2) |   2|0x00000000a2000000, 0x00000000a2000000, 0x00000000a3000000|  0%| F|  |TAMS 0x00000000a2000000| PB 0x00000000a2000000| Untracked
[0.744s][trace][gc,heap,region] GC(2) |   3|0x00000000a3000000, 0x00000000a3000000, 0x00000000a4000000|  0%| F|  |TAMS 0x00000000a3000000| PB 0x00000000a3000000| Untracked
[0.744s][trace][gc,heap,region] GC(2) |   4|0x00000000a4000000, 0x00000000a4000000, 0x00000000a5000000|  0%| F|  |TAMS 0x00000000a4000000| PB 0x00000000a4000000| Untracked
[0.744s][trace][gc,heap,region] GC(2) |   5|0x00000000a5000000, 0x00000000a5000000, 0x00000000a6000000|  0%| F|  |TAMS 0x00000000a5000000| PB 0x00000000a5000000| Untracked
[0.744s][trace][gc,heap,region] GC(2) |   6|0x00000000a6000000, 0x00000000a6000000, 0x00000000a7000000|  0%| F|  |TAMS 0x00000000a6000000| PB 0x00000000a6000000| Untracked
[0.744s][trace][gc,heap,region] GC(2) |   7|0x00000000a7000000, 0x00000000a7000000, 0x00000000a8000000|  0%| F|  |TAMS 0x00000000a7000000| PB 0x00000000a7000000| Untracked
[0.744s][trace][gc,heap,region] GC(2) |   8|0x00000000a8000000, 0x00000000a8000000, 0x00000000a9000000|  0%| F|  |TAMS 0x00000000a8000000| PB 0x00000000a8000000| Untracked
[0.744s][trace][gc,heap,region] GC(2) |   9|0x00000000a9000000, 0x00000000a9000000, 0x00000000aa000000|  0%| F|  |TAMS 0x00000000a9000000| PB 0x00000000a9000000| Untracked
[0.744s][trace][gc,heap,region] GC(2) |  10|0x00000000aa000000, 0x00000000aa000000, 0x00000000ab000000|  0%| F|  |TAMS 0x00000000aa000000| PB 0x00000000aa000000| Untracked
[0.744s][trace][gc,heap,region] GC(2) |  11|0x00000000ab000000, 0x00000000ab000000, 0x00000000ac000000|  0%| F|  |TAMS 0x00000000ab000000| PB 0x00000000ab000000| Untracked
[0.744s][trace][gc,heap,region] GC(2) |  12|0x00000000ac000000, 0x00000000ac000000, 0x00000000ad000000|  0%| F|  |TAMS 0x00000000ac000000| PB 0x00000000ac000000| Untracked
[0.744s][trace][gc,heap,region] GC(2) |  13|0x00000000ad000000, 0x00000000ad000000, 0x00000000ae000000|  0%| F|  |TAMS 0x00000000ad000000| PB 0x00000000ad000000| Untracked
[0.744s][trace][gc,heap,region] GC(2) |  14|0x00000000ae000000, 0x00000000ae000000, 0x00000000af000000|  0%| F|  |TAMS 0x00000000ae000000| PB 0x00000000ae000000| Untracked
[0.744s][trace][gc,heap,region] GC(2) |  15|0x00000000af000000, 0x00000000af000000, 0x00000000b0000000|  0%| F|  |TAMS 0x00000000af000000| PB 0x00000000af000000| Untracked
[0.744s][trace][gc,heap,region] GC(2) |  16|0x00000000b0000000, 0x00000000b0000000, 0x00000000b1000000|  0%| F|  |TAMS 0x00000000b0000000| PB 0x00000000b0000000| Untracked
[0.744s][trace][gc,heap,region] GC(2) |  17|0x00000000b1000000, 0x00000000b1000000, 0x00000000b2000000|  0%| F|  |TAMS 0x00000000b1000000| PB 0x00000000b1000000| Untracked
[0.744s][trace][gc,heap,region] GC(2) |  18|0x00000000b2000000, 0x00000000b2000000, 0x00000000b3000000|  0%| F|  |TAMS 0x00000000b2000000| PB 0x00000000b2000000| Untracked
[0.744s][trace][gc,heap,region] GC(2) |  19|0x00000000b3000000, 0x00000000b3000000, 0x00000000b4000000|  0%| F|  |TAMS 0x00000000b3000000| PB 0x00000000b3000000| Untracked
[0.744s][trace][gc,heap,region] GC(2) |  20|0x00000000b4000000, 0x00000000b4000000, 0x00000000b5000000|  0%| F|  |TAMS 0x00000000b4000000| PB 0x00000000b4000000| Untracked
[0.744s][trace][gc,heap,region] GC(2) |  21|0x00000000b5000000, 0x00000000b5000000, 0x00000000b6000000|  0%| F|  |TAMS 0x00000000b5000000| PB 0x00000000b5000000| Untracked
[0.744s][trace][gc,heap,region] GC(2) |  22|0x00000000b6000000, 0x00000000b6000000, 0x00000000b7000000|  0%| F|  |TAMS 0x00000000b6000000| PB 0x00000000b6000000| Untracked
[0.744s][trace][gc,heap,region] GC(2) |  23|0x00000000b7000000, 0x00000000b7000000, 0x00000000b8000000|  0%| F|  |TAMS 0x00000000b7000000| PB 0x00000000b7000000| Untracked
[0.744s][trace][gc,heap,region] GC(2) |  24|0x00000000b8000000, 0x00000000b8000000, 0x00000000b9000000|  0%| F|  |TAMS 0x00000000b8000000| PB 0x00000000b8000000| Untracked
[0.744s][trace][gc,heap,region] GC(2) |  25|0x00000000b9000000, 0x00000000b9000000, 0x00000000ba000000|  0%| F|  |TAMS 0x00000000b9000000| PB 0x00000000b9000000| Untracked
[0.744s][trace][gc,heap,region] GC(2) |  26|0x00000000ba000000, 0x00000000ba000000, 0x00000000bb000000|  0%| F|  |TAMS 0x00000000ba000000| PB 0x00000000ba000000| Untracked
[0.744s][trace][gc,heap,region] GC(2) |  27|0x00000000bb000000, 0x00000000bb000000, 0x00000000bc000000|  0%| F|  |TAMS 0x00000000bb000000| PB 0x00000000bb000000| Untracked
[0.744s][trace][gc,heap,region] GC(2) |  28|0x00000000bc000000, 0x00000000bc000000, 0x00000000bd000000|  0%| F|  |TAMS 0x00000000bc000000| PB 0x00000000bc000000| Untracked
[0.744s][trace][gc,heap,region] GC(2) |  29|0x00000000bd000000, 0x00000000bd000000, 0x00000000be000000|  0%| F|  |TAMS 0x00000000bd000000| PB 0x00000000bd000000| Untracked
[0.744s][trace][gc,heap,region] GC(2) |  30|0x00000000be000000, 0x00000000be000000, 0x00000000bf000000|  0%| F|  |TAMS 0x00000000be000000| PB 0x00000000be000000| Untracked
[0.744s][trace][gc,heap,region] GC(2) |  31|0x00000000bf000000, 0x00000000bf000000, 0x00000000c0000000|  0%| F|  |TAMS 0x00000000bf000000| PB 0x00000000bf000000| Untracked
[0.744s][trace][gc,heap,region] GC(2) |  32|0x00000000c0000000, 0x00000000c0000000, 0x00000000c1000000|  0%| F|  |TAMS 0x00000000c0000000| PB 0x00000000c0000000| Untracked
[0.744s][trace][gc,heap,region] GC(2) |  33|0x00000000c1000000, 0x00000000c1000000, 0x00000000c2000000|  0%| F|  |TAMS 0x00000000c1000000| PB 0x00000000c1000000| Untracked
[0.744s][trace][gc,heap,region] GC(2) |  34|0x00000000c2000000, 0x00000000c2000000, 0x00000000c3000000|  0%| F|  |TAMS 0x00000000c2000000| PB 0x00000000c2000000| Untracked
[0.744s][trace][gc,heap,region] GC(2) |  35|0x00000000c3000000, 0x00000000c3000000, 0x00000000c4000000|  0%| F|  |TAMS 0x00000000c3000000| PB 0x00000000c3000000| Untracked
[0.744s][trace][gc,heap,region] GC(2) |  36|0x00000000c4000000, 0x00000000c4000000, 0x00000000c5000000|  0%| F|  |TAMS 0x00000000c4000000| PB 0x00000000c4000000| Untracked
[0.744s][trace][gc,heap,region] GC(2) |  37|0x00000000c5000000, 0x00000000c5000000, 0x00000000c6000000|  0%| F|  |TAMS 0x00000000c5000000| PB 0x00000000c5000000| Untracked
[0.744s][trace][gc,heap,region] GC(2) |  38|0x00000000c6000000, 0x00000000c6000000, 0x00000000c7000000|  0%| F|  |TAMS 0x00000000c6000000| PB 0x00000000c6000000| Untracked
[0.744s][trace][gc,heap,region] GC(2) |  39|0x00000000c7000000, 0x00000000c7000000, 0x00000000c8000000|  0%| F|  |TAMS 0x00000000c7000000| PB 0x00000000c7000000| Untracked
[0.744s][trace][gc,heap,region] GC(2) |  40|0x00000000c8000000, 0x00000000c8000000, 0x00000000c9000000|  0%| F|  |TAMS 0x00000000c8000000| PB 0x00000000c8000000| Untracked
[0.744s][trace][gc,heap,region] GC(2) |  41|0x00000000c9000000, 0x00000000c9000000, 0x00000000ca000000|  0%| F|  |TAMS 0x00000000c9000000| PB 0x00000000c9000000| Untracked
[0.744s][trace][gc,heap,region] GC(2) |  42|0x00000000ca000000, 0x00000000ca000000, 0x00000000cb000000|  0%| F|  |TAMS 0x00000000ca000000| PB 0x00000000ca000000| Untracked
[0.744s][trace][gc,heap,region] GC(2) |  43|0x00000000cb000000, 0x00000000cb000000, 0x00000000cc000000|  0%| F|  |TAMS 0x00000000cb000000| PB 0x00000000cb000000| Untracked
[0.744s][trace][gc,heap,region] GC(2) |  44|0x00000000cc000000, 0x00000000cc000000, 0x00000000cd000000|  0%| F|  |TAMS 0x00000000cc000000| PB 0x00000000cc000000| Untracked
[0.744s][trace][gc,heap,region] GC(2) |  45|0x00000000cd000000, 0x00000000cd000000, 0x00000000ce000000|  0%| F|  |TAMS 0x00000000cd000000| PB 0x00000000cd000000| Untracked
[0.744s][trace][gc,heap,region] GC(2) |  46|0x00000000ce000000, 0x00000000ce000000, 0x00000000cf000000|  0%| F|  |TAMS 0x00000000ce000000| PB 0x00000000ce000000| Untracked
[0.744s][trace][gc,heap,region] GC(2) |  47|0x00000000cf000000, 0x00000000cf000000, 0x00000000d0000000|  0%| F|  |TAMS 0x00000000cf000000| PB 0x00000000cf000000| Untracked
[0.744s][trace][gc,heap,region] GC(2) |  48|0x00000000d0000000, 0x00000000d0000000, 0x00000000d1000000|  0%| F|  |TAMS 0x00000000d0000000| PB 0x00000000d0000000| Untracked
[0.744s][trace][gc,heap,region] GC(2) |  49|0x00000000d1000000, 0x00000000d1000000, 0x00000000d2000000|  0%| F|  |TAMS 0x00000000d1000000| PB 0x00000000d1000000| Untracked
[0.744s][trace][gc,heap,region] GC(2) |  50|0x00000000d2000000, 0x00000000d2000000, 0x00000000d3000000|  0%| F|  |TAMS 0x00000000d2000000| PB 0x00000000d2000000| Untracked
[0.744s][trace][gc,heap,region] GC(2) |  51|0x00000000d3000000, 0x00000000d3000000, 0x00000000d4000000|  0%| F|  |TAMS 0x00000000d3000000| PB 0x00000000d3000000| Untracked
[0.744s][trace][gc,heap,region] GC(2) |  52|0x00000000d4000000, 0x00000000d4000000, 0x00000000d5000000|  0%| F|  |TAMS 0x00000000d4000000| PB 0x00000000d4000000| Untracked
[0.744s][trace][gc,heap,region] GC(2) |  53|0x00000000d5000000, 0x00000000d5000000, 0x00000000d6000000|  0%| F|  |TAMS 0x00000000d5000000| PB 0x00000000d5000000| Untracked
[0.744s][trace][gc,heap,region] GC(2) |  54|0x00000000d6000000, 0x00000000d6000000, 0x00000000d7000000|  0%| F|  |TAMS 0x00000000d6000000| PB 0x00000000d6000000| Untracked
[0.744s][trace][gc,heap,region] GC(2) |  55|0x00000000d7000000, 0x00000000d7000000, 0x00000000d8000000|  0%| F|  |TAMS 0x00000000d7000000| PB 0x00000000d7000000| Untracked
[0.744s][trace][gc,heap,region] GC(2) |  56|0x00000000d8000000, 0x00000000d8000000, 0x00000000d9000000|  0%| F|  |TAMS 0x00000000d8000000| PB 0x00000000d8000000| Untracked
[0.744s][trace][gc,heap,region] GC(2) |  57|0x00000000d9000000, 0x00000000d9000000, 0x00000000da000000|  0%| F|  |TAMS 0x00000000d9000000| PB 0x00000000d9000000| Untracked
[0.744s][trace][gc,heap,region] GC(2) |  58|0x00000000da000000, 0x00000000da000000, 0x00000000db000000|  0%| F|  |TAMS 0x00000000da000000| PB 0x00000000da000000| Untracked
[0.744s][trace][gc,heap,region] GC(2) |  59|0x00000000db000000, 0x00000000db000000, 0x00000000dc000000|  0%| F|  |TAMS 0x00000000db000000| PB 0x00000000db000000| Untracked
[0.744s][trace][gc,heap,region] GC(2) |  60|0x00000000dc000000, 0x00000000dc000000, 0x00000000dd000000|  0%| F|  |TAMS 0x00000000dc000000| PB 0x00000000dc000000| Untracked
[0.744s][trace][gc,heap,region] GC(2) |  61|0x00000000dd000000, 0x00000000dd000000, 0x00000000de000000|  0%| F|  |TAMS 0x00000000dd000000| PB 0x00000000dd000000| Untracked
[0.744s][trace][gc,heap,region] GC(2) |  62|0x00000000de000000, 0x00000000de000000, 0x00000000df000000|  0%| F|  |TAMS 0x00000000de000000| PB 0x00000000de000000| Untracked
[0.744s][trace][gc,heap,region] GC(2) |  63|0x00000000df000000, 0x00000000df000000, 0x00000000e0000000|  0%| F|  |TAMS 0x00000000df000000| PB 0x00000000df000000| Untracked
[0.744s][trace][gc,heap,region] GC(2) |  64|0x00000000e0000000, 0x00000000e0000000, 0x00000000e1000000|  0%| F|  |TAMS 0x00000000e0000000| PB 0x00000000e0000000| Untracked
[0.744s][trace][gc,heap,region] GC(2) |  65|0x00000000e1000000, 0x00000000e1000000, 0x00000000e2000000|  0%| F|  |TAMS 0x00000000e1000000| PB 0x00000000e1000000| Untracked
[0.744s][trace][gc,heap,region] GC(2) |  66|0x00000000e2000000, 0x00000000e2000000, 0x00000000e3000000|  0%| F|  |TAMS 0x00000000e2000000| PB 0x00000000e2000000| Untracked
[0.744s][trace][gc,heap,region] GC(2) |  67|0x00000000e3000000, 0x00000000e3000000, 0x00000000e4000000|  0%| F|  |TAMS 0x00000000e3000000| PB 0x00000000e3000000| Untracked
[0.744s][trace][gc,heap,region] GC(2) |  68|0x00000000e4000000, 0x00000000e4000000, 0x00000000e5000000|  0%| F|  |TAMS 0x00000000e4000000| PB 0x00000000e4000000| Untracked
[0.744s][trace][gc,heap,region] GC(2) |  69|0x00000000e5000000, 0x00000000e5000000, 0x00000000e6000000|  0%| F|  |TAMS 0x00000000e5000000| PB 0x00000000e5000000| Untracked
[0.744s][trace][gc,heap,region] GC(2) |  70|0x00000000e6000000, 0x00000000e6000000, 0x00000000e7000000|  0%| F|  |TAMS 0x00000000e6000000| PB 0x00000000e6000000| Untracked
[0.744s][trace][gc,heap,region] GC(2) |  71|0x00000000e7000000, 0x00000000e7000000, 0x00000000e8000000|  0%| F|  |TAMS 0x00000000e7000000| PB 0x00000000e7000000| Untracked
[0.744s][trace][gc,heap,region] GC(2) |  72|0x00000000e8000000, 0x00000000e8000000, 0x00000000e9000000|  0%| F|  |TAMS 0x00000000e8000000| PB 0x00000000e8000000| Untracked
[0.744s][trace][gc,heap,region] GC(2) |  73|0x00000000e9000000, 0x00000000e9000000, 0x00000000ea000000|  0%| F|  |TAMS 0x00000000e9000000| PB 0x00000000e9000000| Untracked
[0.744s][trace][gc,heap,region] GC(2) |  74|0x00000000ea000000, 0x00000000ea000000, 0x00000000eb000000|  0%| F|  |TAMS 0x00000000ea000000| PB 0x00000000ea000000| Untracked
[0.744s][trace][gc,heap,region] GC(2) |  75|0x00000000eb000000, 0x00000000eb000000, 0x00000000ec000000|  0%| F|  |TAMS 0x00000000eb000000| PB 0x00000000eb000000| Untracked
[0.744s][trace][gc,heap,region] GC(2) |  76|0x00000000ec000000, 0x00000000ec000000, 0x00000000ed000000|  0%| F|  |TAMS 0x00000000ec000000| PB 0x00000000ec000000| Untracked
[0.744s][trace][gc,heap,region] GC(2) |  77|0x00000000ed000000, 0x00000000ed000000, 0x00000000ee000000|  0%| F|  |TAMS 0x00000000ed000000| PB 0x00000000ed000000| Untracked
[0.744s][trace][gc,heap,region] GC(2) |  78|0x00000000ee000000, 0x00000000ee000000, 0x00000000ef000000|  0%| F|  |TAMS 0x00000000ee000000| PB 0x00000000ee000000| Untracked
[0.744s][trace][gc,heap,region] GC(2) |  79|0x00000000ef000000, 0x00000000ef000000, 0x00000000f0000000|  0%| F|  |TAMS 0x00000000ef000000| PB 0x00000000ef000000| Untracked
[0.744s][trace][gc,heap,region] GC(2) |  80|0x00000000f0000000, 0x00000000f0000000, 0x00000000f1000000|  0%| F|  |TAMS 0x00000000f0000000| PB 0x00000000f0000000| Untracked
[0.744s][trace][gc,heap,region] GC(2) |  81|0x00000000f1000000, 0x00000000f1000000, 0x00000000f2000000|  0%| F|  |TAMS 0x00000000f1000000| PB 0x00000000f1000000| Untracked
[0.744s][trace][gc,heap,region] GC(2) |  82|0x00000000f2000000, 0x00000000f2000000, 0x00000000f3000000|  0%| F|  |TAMS 0x00000000f2000000| PB 0x00000000f2000000| Untracked
[0.744s][trace][gc,heap,region] GC(2) |  83|0x00000000f3000000, 0x00000000f3000000, 0x00000000f4000000|  0%| F|  |TAMS 0x00000000f3000000| PB 0x00000000f3000000| Untracked
[0.744s][trace][gc,heap,region] GC(2) |  84|0x00000000f4000000, 0x00000000f4000000, 0x00000000f5000000|  0%| F|  |TAMS 0x00000000f4000000| PB 0x00000000f4000000| Untracked
[0.744s][trace][gc,heap,region] GC(2) |  85|0x00000000f5000000, 0x00000000f5000000, 0x00000000f6000000|  0%| F|  |TAMS 0x00000000f5000000| PB 0x00000000f5000000| Untracked
[0.744s][trace][gc,heap,region] GC(2) |  86|0x00000000f6000000, 0x00000000f6000000, 0x00000000f7000000|  0%| F|  |TAMS 0x00000000f6000000| PB 0x00000000f6000000| Untracked
[0.744s][trace][gc,heap,region] GC(2) |  87|0x00000000f7000000, 0x00000000f7000000, 0x00000000f8000000|  0%| F|  |TAMS 0x00000000f7000000| PB 0x00000000f7000000| Untracked
[0.744s][trace][gc,heap,region] GC(2) |  88|0x00000000f8000000, 0x00000000f8000000, 0x00000000f9000000|  0%| F|  |TAMS 0x00000000f8000000| PB 0x00000000f8000000| Untracked
[0.744s][trace][gc,heap,region] GC(2) |  89|0x00000000f9000000, 0x00000000f9000000, 0x00000000fa000000|  0%| F|  |TAMS 0x00000000f9000000| PB 0x00000000f9000000| Untracked
[0.744s][trace][gc,heap,region] GC(2) |  90|0x00000000fa000000, 0x00000000fa000000, 0x00000000fb000000|  0%| F|  |TAMS 0x00000000fa000000| PB 0x00000000fa000000| Untracked
[0.744s][trace][gc,heap,region] GC(2) |  91|0x00000000fb000000, 0x00000000fb000000, 0x00000000fc000000|  0%| F|  |TAMS 0x00000000fb000000| PB 0x00000000fb000000| Untracked
[0.744s][trace][gc,heap,region] GC(2) |  92|0x00000000fc000000, 0x00000000fc000000, 0x00000000fd000000|  0%| F|  |TAMS 0x00000000fc000000| PB 0x00000000fc000000| Untracked
[0.744s][trace][gc,heap,region] GC(2) |  93|0x00000000fd000000, 0x00000000fd000000, 0x00000000fe000000|  0%| F|  |TAMS 0x00000000fd000000| PB 0x00000000fd000000| Untracked
[0.744s][trace][gc,heap,region] GC(2) |  94|0x00000000fe000000, 0x00000000fe000000, 0x00000000ff000000|  0%| F|  |TAMS 0x00000000fe000000| PB 0x00000000fe000000| Untracked
[0.744s][trace][gc,heap,region] GC(2) |  95|0x00000000ff000000, 0x00000000ff000000, 0x0000000100000000|  0%| F|  |TAMS 0x00000000ff000000| PB 0x00000000ff000000| Untracked
[0.744s][trace][gc,heap,region] GC(2) |  96|0x0000000100000000, 0x0000000100000000, 0x0000000101000000|  0%| F|  |TAMS 0x0000000100000000| PB 0x0000000100000000| Untracked
[0.744s][trace][gc,heap,region] GC(2) |  97|0x0000000101000000, 0x0000000101000000, 0x0000000102000000|  0%| F|  |TAMS 0x0000000101000000| PB 0x0000000101000000| Untracked
[0.744s][trace][gc,heap,region] GC(2) |  98|0x0000000102000000, 0x0000000102000000, 0x0000000103000000|  0%| F|  |TAMS 0x0000000102000000| PB 0x0000000102000000| Untracked
[0.744s][trace][gc,heap,region] GC(2) |  99|0x0000000103000000, 0x0000000103000000, 0x0000000104000000|  0%| F|  |TAMS 0x0000000103000000| PB 0x0000000103000000| Untracked
[0.744s][trace][gc,heap,region] GC(2) | 100|0x0000000104000000, 0x0000000104000000, 0x0000000105000000|  0%| F|  |TAMS 0x0000000104000000| PB 0x0000000104000000| Untracked
[0.744s][trace][gc,heap,region] GC(2) | 101|0x0000000105000000, 0x0000000105000000, 0x0000000106000000|  0%| F|  |TAMS 0x0000000105000000| PB 0x0000000105000000| Untracked
[0.744s][trace][gc,heap,region] GC(2) | 102|0x0000000106000000, 0x0000000106000000, 0x0000000107000000|  0%| F|  |TAMS 0x0000000106000000| PB 0x0000000106000000| Untracked
[0.744s][trace][gc,heap,region] GC(2) | 103|0x0000000107000000, 0x0000000107000000, 0x0000000108000000|  0%| F|  |TAMS 0x0000000107000000| PB 0x0000000107000000| Untracked
[0.744s][trace][gc,heap,region] GC(2) | 104|0x0000000108000000, 0x0000000108000000, 0x0000000109000000|  0%| F|  |TAMS 0x0000000108000000| PB 0x0000000108000000| Untracked
[0.744s][trace][gc,heap,region] GC(2) | 105|0x0000000109000000, 0x0000000109000000, 0x000000010a000000|  0%| F|  |TAMS 0x0000000109000000| PB 0x0000000109000000| Untracked
[0.744s][trace][gc,heap,region] GC(2) | 106|0x000000010a000000, 0x000000010a000000, 0x000000010b000000|  0%| F|  |TAMS 0x000000010a000000| PB 0x000000010a000000| Untracked
[0.744s][trace][gc,heap,region] GC(2) | 107|0x000000010b000000, 0x000000010b000000, 0x000000010c000000|  0%| F|  |TAMS 0x000000010b000000| PB 0x000000010b000000| Untracked
[0.744s][trace][gc,heap,region] GC(2) | 108|0x000000010c000000, 0x000000010c000000, 0x000000010d000000|  0%| F|  |TAMS 0x000000010c000000| PB 0x000000010c000000| Untracked
[0.744s][trace][gc,heap,region] GC(2) | 109|0x000000010d000000, 0x000000010d000000, 0x000000010e000000|  0%| F|  |TAMS 0x000000010d000000| PB 0x000000010d000000| Untracked
[0.744s][trace][gc,heap,region] GC(2) | 110|0x000000010e000000, 0x000000010e000000, 0x000000010f000000|  0%| F|  |TAMS 0x000000010e000000| PB 0x000000010e000000| Untracked
[0.744s][trace][gc,heap,region] GC(2) | 111|0x000000010f000000, 0x000000010f000000, 0x0000000110000000|  0%| F|  |TAMS 0x000000010f000000| PB 0x000000010f000000| Untracked
[0.744s][trace][gc,heap,region] GC(2) | 112|0x0000000110000000, 0x0000000110000000, 0x0000000111000000|  0%| F|  |TAMS 0x0000000110000000| PB 0x0000000110000000| Untracked
[0.744s][trace][gc,heap,region] GC(2) | 113|0x0000000111000000, 0x0000000111000000, 0x0000000112000000|  0%| F|  |TAMS 0x0000000111000000| PB 0x0000000111000000| Untracked
[0.744s][trace][gc,heap,region] GC(2) | 114|0x0000000112000000, 0x0000000112921818, 0x0000000113000000| 57%| S|CS|TAMS 0x0000000112000000| PB 0x0000000112000000| Complete
[0.744s][trace][gc,heap,region] GC(2) | 115|0x0000000113000000, 0x0000000113000000, 0x0000000114000000|  0%| F|  |TAMS 0x0000000113000000| PB 0x0000000113000000| Untracked
[0.744s][trace][gc,heap,region] GC(2) | 116|0x0000000114000000, 0x0000000114000000, 0x0000000115000000|  0%| F|  |TAMS 0x0000000114000000| PB 0x0000000114000000| Untracked
[0.744s][trace][gc,heap,region] GC(2) | 117|0x0000000115000000, 0x0000000115000000, 0x0000000116000000|  0%| F|  |TAMS 0x0000000115000000| PB 0x0000000115000000| Untracked
[0.744s][trace][gc,heap,region] GC(2) | 118|0x0000000116000000, 0x0000000116000000, 0x0000000117000000|  0%| F|  |TAMS 0x0000000116000000| PB 0x0000000116000000| Untracked
[0.744s][trace][gc,heap,region] GC(2) | 119|0x0000000117000000, 0x00000001178bb650, 0x0000000118000000| 54%| E|  |TAMS 0x0000000117000000| PB 0x0000000117000000| Complete
[0.744s][trace][gc,heap,region] GC(2) |1887|0x00000007ff000000, 0x00000007ff10c798, 0x0000000800000000|  6%| O|  |TAMS 0x00000007ff000000| PB 0x00000007ff000000| Untracked
[0.765s][debug][gc,heap,region] GC(2) Deactivate regions [1887, 1888)
[0.765s][debug][gc,heap,region] GC(2) Deactivate regions [7, 120)
[0.766s][trace][gc,heap,region] GC(2) Heap Regions: E=young(eden), S=young(survivor), O=old, HS=humongous(starts), HC=humongous(continues), CS=collection set, F=free, TAMS=top-at-mark-start, PB=parsable bottom
[0.766s][trace][gc,heap,region] GC(2) |   0|0x00000000a0000000, 0x00000000a0956950, 0x00000000a1000000| 58%| O|  |TAMS 0x00000000a0000000| PB 0x00000000a0000000| Untracked
[0.766s][trace][gc,heap,region] GC(2) |   1|0x00000000a1000000, 0x00000000a1000000, 0x00000000a2000000|  0%| F|  |TAMS 0x00000000a1000000| PB 0x00000000a1000000| Untracked
[0.766s][trace][gc,heap,region] GC(2) |   2|0x00000000a2000000, 0x00000000a201a3a0, 0x00000000a3000000|  0%| O|  |TAMS 0x00000000a2000000| PB 0x00000000a2000000| Untracked
[0.766s][trace][gc,heap,region] GC(2) |   3|0x00000000a3000000, 0x00000000a3000000, 0x00000000a4000000|  0%| F|  |TAMS 0x00000000a3000000| PB 0x00000000a3000000| Untracked
[0.766s][trace][gc,heap,region] GC(2) |   4|0x00000000a4000000, 0x00000000a4000000, 0x00000000a5000000|  0%| F|  |TAMS 0x00000000a4000000| PB 0x00000000a4000000| Untracked
[0.766s][trace][gc,heap,region] GC(2) |   5|0x00000000a5000000, 0x00000000a5000000, 0x00000000a6000000|  0%| F|  |TAMS 0x00000000a5000000| PB 0x00000000a5000000| Untracked
[0.766s][trace][gc,heap,region] GC(2) |   6|0x00000000a6000000, 0x00000000a6000000, 0x00000000a7000000|  0%| F|  |TAMS 0x00000000a6000000| PB 0x00000000a6000000| Untracked
[0.766s][debug][gc,heap,region] Uncommit regions [7, 15)
[0.777s][debug][gc,heap,region] Uncommit regions [15, 23)
[0.787s][debug][gc,heap,region] Uncommit regions [23, 31)
[0.798s][debug][gc,heap,region] Uncommit regions [31, 39)
[0.808s][debug][gc,heap,region] Uncommit regions [39, 47)
[0.819s][debug][gc,heap,region] Uncommit regions [47, 55)
[0.829s][debug][gc,heap,region] Uncommit regions [55, 63)
[0.840s][debug][gc,heap,region] Uncommit regions [63, 71)
[0.850s][debug][gc,heap,region] Uncommit regions [71, 79)
[0.861s][debug][gc,heap,region] Uncommit regions [79, 87)
[0.871s][debug][gc,heap,region] Uncommit regions [87, 95)
[0.881s][debug][gc,heap,region] Uncommit regions [95, 103)
[0.892s][debug][gc,heap,region] Uncommit regions [103, 111)
[0.910s][debug][gc,heap,region] Uncommit regions [111, 119)
[0.921s][debug][gc,heap,region] Uncommit regions [119, 120)
[0.922s][debug][gc,heap,region] Uncommit regions [1887, 1888)
[0.984s][trace][gc,heap,region] GC(3) Heap Regions: E=young(eden), S=young(survivor), O=old, HS=humongous(starts), HC=humongous(continues), CS=collection set, F=free, TAMS=top-at-mark-start, PB=parsable bottom
[0.984s][trace][gc,heap,region] GC(3) |   0|0x00000000a0000000, 0x00000000a0956950, 0x00000000a1000000| 58%| O|  |TAMS 0x00000000a0000000| PB 0x00000000a0000000| Untracked
[0.984s][trace][gc,heap,region] GC(3) |   1|0x00000000a1000000, 0x00000000a1000000, 0x00000000a2000000|  0%| F|  |TAMS 0x00000000a1000000| PB 0x00000000a1000000| Untracked
[0.984s][trace][gc,heap,region] GC(3) |   2|0x00000000a2000000, 0x00000000a201a3a0, 0x00000000a3000000|  0%| O|  |TAMS 0x00000000a2000000| PB 0x00000000a2000000| Untracked
[0.984s][trace][gc,heap,region] GC(3) |   3|0x00000000a3000000, 0x00000000a3000000, 0x00000000a4000000|  0%| F|  |TAMS 0x00000000a3000000| PB 0x00000000a3000000| Untracked
[0.984s][trace][gc,heap,region] GC(3) |   4|0x00000000a4000000, 0x00000000a5000000, 0x00000000a5000000|100%| E|CS|TAMS 0x00000000a4000000| PB 0x00000000a4000000| Complete
[0.984s][trace][gc,heap,region] GC(3) |   5|0x00000000a5000000, 0x00000000a6000000, 0x00000000a6000000|100%| E|  |TAMS 0x00000000a5000000| PB 0x00000000a5000000| Complete
[0.984s][trace][gc,heap,region] GC(3) |   6|0x00000000a6000000, 0x00000000a7000000, 0x00000000a7000000|100%| E|CS|TAMS 0x00000000a6000000| PB 0x00000000a6000000| Complete
[0.986s][trace][gc,heap,region] GC(3) Heap Regions: E=young(eden), S=young(survivor), O=old, HS=humongous(starts), HC=humongous(continues), CS=collection set, F=free, TAMS=top-at-mark-start, PB=parsable bottom
[0.986s][trace][gc,heap,region] GC(3) |   0|0x00000000a0000000, 0x00000000a0956950, 0x00000000a1000000| 58%| O|  |TAMS 0x00000000a0000000| PB 0x00000000a0000000| Untracked
[0.986s][trace][gc,heap,region] GC(3) |   1|0x00000000a1000000, 0x00000000a1000000, 0x00000000a2000000|  0%| F|  |TAMS 0x00000000a1000000| PB 0x00000000a1000000| Untracked
[0.986s][trace][gc,heap,region] GC(3) |   2|0x00000000a2000000, 0x00000000a201a3a0, 0x00000000a3000000|  0%| O|  |TAMS 0x00000000a2000000| PB 0x00000000a2000000| Untracked
[0.986s][trace][gc,heap,region] GC(3) |   3|0x00000000a3000000, 0x00000000a36a7370, 0x00000000a4000000| 41%| S|CS|TAMS 0x00000000a3000000| PB 0x00000000a3000000| Complete
[0.986s][trace][gc,heap,region] GC(3) |   4|0x00000000a4000000, 0x00000000a4000000, 0x00000000a5000000|  0%| F|  |TAMS 0x00000000a4000000| PB 0x00000000a4000000| Untracked
[0.986s][trace][gc,heap,region] GC(3) |   5|0x00000000a5000000, 0x00000000a5000000, 0x00000000a6000000|  0%| F|  |TAMS 0x00000000a5000000| PB 0x00000000a5000000| Untracked
[0.986s][trace][gc,heap,region] GC(3) |   6|0x00000000a6000000, 0x00000000a6000000, 0x00000000a7000000|  0%| F|  |TAMS 0x00000000a6000000| PB 0x00000000a6000000| Untracked
[1.027s][trace][gc,heap,region] GC(4) Heap Regions: E=young(eden), S=young(survivor), O=old, HS=humongous(starts), HC=humongous(continues), CS=collection set, F=free, TAMS=top-at-mark-start, PB=parsable bottom
[1.027s][trace][gc,heap,region] GC(4) |   0|0x00000000a0000000, 0x00000000a0956950, 0x00000000a1000000| 58%| O|  |TAMS 0x00000000a0000000| PB 0x00000000a0000000| Untracked
[1.027s][trace][gc,heap,region] GC(4) |   1|0x00000000a1000000, 0x00000000a1000000, 0x00000000a2000000|  0%| F|  |TAMS 0x00000000a1000000| PB 0x00000000a1000000| Untracked
[1.027s][trace][gc,heap,region] GC(4) |   2|0x00000000a2000000, 0x00000000a201a3a0, 0x00000000a3000000|  0%| O|  |TAMS 0x00000000a2000000| PB 0x00000000a2000000| Untracked
[1.027s][trace][gc,heap,region] GC(4) |   3|0x00000000a3000000, 0x00000000a36a7370, 0x00000000a4000000| 41%| S|CS|TAMS 0x00000000a3000000| PB 0x00000000a3000000| Complete
[1.027s][trace][gc,heap,region] GC(4) |   4|0x00000000a4000000, 0x00000000a4000000, 0x00000000a5000000|  0%| F|  |TAMS 0x00000000a4000000| PB 0x00000000a4000000| Untracked
[1.027s][trace][gc,heap,region] GC(4) |   5|0x00000000a5000000, 0x00000000a6000000, 0x00000000a6000000|100%| E|CS|TAMS 0x00000000a5000000| PB 0x00000000a5000000| Complete
[1.027s][trace][gc,heap,region] GC(4) |   6|0x00000000a6000000, 0x00000000a7000000, 0x00000000a7000000|100%| E|CS|TAMS 0x00000000a6000000| PB 0x00000000a6000000| Complete
[1.028s][trace][gc,heap,region] GC(4) Heap Regions: E=young(eden), S=young(survivor), O=old, HS=humongous(starts), HC=humongous(continues), CS=collection set, F=free, TAMS=top-at-mark-start, PB=parsable bottom
[1.028s][trace][gc,heap,region] GC(4) |   0|0x00000000a0000000, 0x00000000a0956950, 0x00000000a1000000| 58%| O|  |TAMS 0x00000000a0000000| PB 0x00000000a0000000| Untracked
[1.028s][trace][gc,heap,region] GC(4) |   1|0x00000000a1000000, 0x00000000a1000000, 0x00000000a2000000|  0%| F|  |TAMS 0x00000000a1000000| PB 0x00000000a1000000| Untracked
[1.028s][trace][gc,heap,region] GC(4) |   2|0x00000000a2000000, 0x00000000a201a3a0, 0x00000000a3000000|  0%| O|  |TAMS 0x00000000a2000000| PB 0x00000000a2000000| Untracked
[1.028s][trace][gc,heap,region] GC(4) |   3|0x00000000a3000000, 0x00000000a3000000, 0x00000000a4000000|  0%| F|  |TAMS 0x00000000a3000000| PB 0x00000000a3000000| Untracked
[1.028s][trace][gc,heap,region] GC(4) |   4|0x00000000a4000000, 0x00000000a45f52f8, 0x00000000a5000000| 37%| S|CS|TAMS 0x00000000a4000000| PB 0x00000000a4000000| Complete
[1.028s][trace][gc,heap,region] GC(4) |   5|0x00000000a5000000, 0x00000000a5000000, 0x00000000a6000000|  0%| F|  |TAMS 0x00000000a5000000| PB 0x00000000a5000000| Untracked
[1.028s][trace][gc,heap,region] GC(4) |   6|0x00000000a6000000, 0x00000000a6000000, 0x00000000a7000000|  0%| F|  |TAMS 0x00000000a6000000| PB 0x00000000a6000000| Untracked
[1.061s][trace][gc,heap,region] GC(5) Heap Regions: E=young(eden), S=young(survivor), O=old, HS=humongous(starts), HC=humongous(continues), CS=collection set, F=free, TAMS=top-at-mark-start, PB=parsable bottom
[1.061s][trace][gc,heap,region] GC(5) |   0|0x00000000a0000000, 0x00000000a0956950, 0x00000000a1000000| 58%| O|  |TAMS 0x00000000a0000000| PB 0x00000000a0000000| Untracked
[1.061s][trace][gc,heap,region] GC(5) |   1|0x00000000a1000000, 0x00000000a1000000, 0x00000000a2000000|  0%| F|  |TAMS 0x00000000a1000000| PB 0x00000000a1000000| Untracked
[1.061s][trace][gc,heap,region] GC(5) |   2|0x00000000a2000000, 0x00000000a201a3a0, 0x00000000a3000000|  0%| O|  |TAMS 0x00000000a2000000| PB 0x00000000a2000000| Untracked
[1.061s][trace][gc,heap,region] GC(5) |   3|0x00000000a3000000, 0x00000000a3000000, 0x00000000a4000000|  0%| F|  |TAMS 0x00000000a3000000| PB 0x00000000a3000000| Untracked
[1.061s][trace][gc,heap,region] GC(5) |   4|0x00000000a4000000, 0x00000000a45f52f8, 0x00000000a5000000| 37%| S|CS|TAMS 0x00000000a4000000| PB 0x00000000a4000000| Complete
[1.061s][trace][gc,heap,region] GC(5) |   5|0x00000000a5000000, 0x00000000a6000000, 0x00000000a6000000|100%| E|CS|TAMS 0x00000000a5000000| PB 0x00000000a5000000| Complete
[1.061s][trace][gc,heap,region] GC(5) |   6|0x00000000a6000000, 0x00000000a7000000, 0x00000000a7000000|100%| E|CS|TAMS 0x00000000a6000000| PB 0x00000000a6000000| Complete
[1.063s][trace][gc,heap,region] GC(5) Heap Regions: E=young(eden), S=young(survivor), O=old, HS=humongous(starts), HC=humongous(continues), CS=collection set, F=free, TAMS=top-at-mark-start, PB=parsable bottom
[1.063s][trace][gc,heap,region] GC(5) |   0|0x00000000a0000000, 0x00000000a0956950, 0x00000000a1000000| 58%| O|  |TAMS 0x00000000a0000000| PB 0x00000000a0000000| Untracked
[1.063s][trace][gc,heap,region] GC(5) |   1|0x00000000a1000000, 0x00000000a1000000, 0x00000000a2000000|  0%| F|  |TAMS 0x00000000a1000000| PB 0x00000000a1000000| Untracked
[1.063s][trace][gc,heap,region] GC(5) |   2|0x00000000a2000000, 0x00000000a201a3a0, 0x00000000a3000000|  0%| O|  |TAMS 0x00000000a2000000| PB 0x00000000a2000000| Untracked
[1.063s][trace][gc,heap,region] GC(5) |   3|0x00000000a3000000, 0x00000000a37434b0, 0x00000000a4000000| 45%| S|CS|TAMS 0x00000000a3000000| PB 0x00000000a3000000| Complete
[1.063s][trace][gc,heap,region] GC(5) |   4|0x00000000a4000000, 0x00000000a4000000, 0x00000000a5000000|  0%| F|  |TAMS 0x00000000a4000000| PB 0x00000000a4000000| Untracked
[1.063s][trace][gc,heap,region] GC(5) |   5|0x00000000a5000000, 0x00000000a5000000, 0x00000000a6000000|  0%| F|  |TAMS 0x00000000a5000000| PB 0x00000000a5000000| Untracked
[1.063s][trace][gc,heap,region] GC(5) |   6|0x00000000a6000000, 0x00000000a6000000, 0x00000000a7000000|  0%| F|  |TAMS 0x00000000a6000000| PB 0x00000000a6000000| Untracked
[1.116s][trace][gc,heap,region] GC(6) Heap Regions: E=young(eden), S=young(survivor), O=old, HS=humongous(starts), HC=humongous(continues), CS=collection set, F=free, TAMS=top-at-mark-start, PB=parsable bottom
[1.116s][trace][gc,heap,region] GC(6) |   0|0x00000000a0000000, 0x00000000a0956950, 0x00000000a1000000| 58%| O|  |TAMS 0x00000000a0000000| PB 0x00000000a0000000| Untracked
[1.116s][trace][gc,heap,region] GC(6) |   1|0x00000000a1000000, 0x00000000a1000000, 0x00000000a2000000|  0%| F|  |TAMS 0x00000000a1000000| PB 0x00000000a1000000| Untracked
[1.116s][trace][gc,heap,region] GC(6) |   2|0x00000000a2000000, 0x00000000a201a3a0, 0x00000000a3000000|  0%| O|  |TAMS 0x00000000a2000000| PB 0x00000000a2000000| Untracked
[1.116s][trace][gc,heap,region] GC(6) |   3|0x00000000a3000000, 0x00000000a37434b0, 0x00000000a4000000| 45%| S|CS|TAMS 0x00000000a3000000| PB 0x00000000a3000000| Complete
[1.116s][trace][gc,heap,region] GC(6) |   4|0x00000000a4000000, 0x00000000a4000000, 0x00000000a5000000|  0%| F|  |TAMS 0x00000000a4000000| PB 0x00000000a4000000| Untracked
[1.116s][trace][gc,heap,region] GC(6) |   5|0x00000000a5000000, 0x00000000a5000000, 0x00000000a6000000|  0%| F|  |TAMS 0x00000000a5000000| PB 0x00000000a5000000| Untracked
[1.116s][trace][gc,heap,region] GC(6) |   6|0x00000000a6000000, 0x00000000a6b2c900, 0x00000000a7000000| 69%| E|  |TAMS 0x00000000a6000000| PB 0x00000000a6000000| Complete
[1.117s][trace][gc,heap,region] GC(6) Heap Regions: E=young(eden), S=young(survivor), O=old, HS=humongous(starts), HC=humongous(continues), CS=collection set, F=free, TAMS=top-at-mark-start, PB=parsable bottom
[1.117s][trace][gc,heap,region] GC(6) |   0|0x00000000a0000000, 0x00000000a0956950, 0x00000000a1000000| 58%| O|  |TAMS 0x00000000a0956950| PB 0x00000000a0000000| Untracked
[1.117s][trace][gc,heap,region] GC(6) |   1|0x00000000a1000000, 0x00000000a1000000, 0x00000000a2000000|  0%| F|  |TAMS 0x00000000a1000000| PB 0x00000000a1000000| Untracked
[1.117s][trace][gc,heap,region] GC(6) |   2|0x00000000a2000000, 0x00000000a201a3a0, 0x00000000a3000000|  0%| O|  |TAMS 0x00000000a201a3a0| PB 0x00000000a2000000| Untracked
[1.117s][trace][gc,heap,region] GC(6) |   3|0x00000000a3000000, 0x00000000a3000000, 0x00000000a4000000|  0%| F|  |TAMS 0x00000000a3000000| PB 0x00000000a3000000| Untracked
[1.117s][trace][gc,heap,region] GC(6) |   4|0x00000000a4000000, 0x00000000a4000000, 0x00000000a5000000|  0%| F|  |TAMS 0x00000000a4000000| PB 0x00000000a4000000| Untracked
[1.117s][trace][gc,heap,region] GC(6) |   5|0x00000000a5000000, 0x00000000a56535b8, 0x00000000a6000000| 39%| S|CS|TAMS 0x00000000a5000000| PB 0x00000000a5000000| Complete
[1.117s][trace][gc,heap,region] GC(6) |   6|0x00000000a6000000, 0x00000000a6000000, 0x00000000a7000000|  0%| F|  |TAMS 0x00000000a6000000| PB 0x00000000a6000000| Untracked
[1.361s][trace][gc,heap,region] GC(8) Heap Regions: E=young(eden), S=young(survivor), O=old, HS=humongous(starts), HC=humongous(continues), CS=collection set, F=free, TAMS=top-at-mark-start, PB=parsable bottom
[1.361s][trace][gc,heap,region] GC(8) |   0|0x00000000a0000000, 0x00000000a0956950, 0x00000000a1000000| 58%| O|Cm|TAMS 0x00000000a0000000| PB 0x00000000a0000000| Complete
[1.361s][trace][gc,heap,region] GC(8) |   1|0x00000000a1000000, 0x00000000a1000000, 0x00000000a2000000|  0%| F|  |TAMS 0x00000000a1000000| PB 0x00000000a1000000| Untracked
[1.361s][trace][gc,heap,region] GC(8) |   2|0x00000000a2000000, 0x00000000a201a3a0, 0x00000000a3000000|  0%| O|Cm|TAMS 0x00000000a2000000| PB 0x00000000a2000000| Complete
[1.361s][trace][gc,heap,region] GC(8) |   3|0x00000000a3000000, 0x00000000a4000000, 0x00000000a4000000|100%| E|CS|TAMS 0x00000000a3000000| PB 0x00000000a3000000| Complete
[1.361s][trace][gc,heap,region] GC(8) |   4|0x00000000a4000000, 0x00000000a5000000, 0x00000000a5000000|100%| E|CS|TAMS 0x00000000a4000000| PB 0x00000000a4000000| Complete
[1.361s][trace][gc,heap,region] GC(8) |   5|0x00000000a5000000, 0x00000000a56535b8, 0x00000000a6000000| 39%| S|CS|TAMS 0x00000000a5000000| PB 0x00000000a5000000| Complete
[1.361s][trace][gc,heap,region] GC(8) |   6|0x00000000a6000000, 0x00000000a7000000, 0x00000000a7000000|100%| E|CS|TAMS 0x00000000a6000000| PB 0x00000000a6000000| Complete
[1.364s][debug][gc,heap,region] GC(8) Activate regions [7, 64)
[1.364s][trace][gc,heap,region] GC(8) Heap Regions: E=young(eden), S=young(survivor), O=old, HS=humongous(starts), HC=humongous(continues), CS=collection set, F=free, TAMS=top-at-mark-start, PB=parsable bottom
[1.364s][trace][gc,heap,region] GC(8) |   0|0x00000000a0000000, 0x00000000a0956950, 0x00000000a1000000| 58%| O|Cm|TAMS 0x00000000a0000000| PB 0x00000000a0000000| Complete
[1.364s][trace][gc,heap,region] GC(8) |   1|0x00000000a1000000, 0x00000000a177c8a0, 0x00000000a2000000| 46%| S|CS|TAMS 0x00000000a1000000| PB 0x00000000a1000000| Complete
[1.364s][trace][gc,heap,region] GC(8) |   2|0x00000000a2000000, 0x00000000a201a3a0, 0x00000000a3000000|  0%| O|Cm|TAMS 0x00000000a2000000| PB 0x00000000a2000000| Complete
[1.364s][trace][gc,heap,region] GC(8) |   3|0x00000000a3000000, 0x00000000a3000000, 0x00000000a4000000|  0%| F|  |TAMS 0x00000000a3000000| PB 0x00000000a3000000| Untracked
[1.364s][trace][gc,heap,region] GC(8) |   4|0x00000000a4000000, 0x00000000a4000000, 0x00000000a5000000|  0%| F|  |TAMS 0x00000000a4000000| PB 0x00000000a4000000| Untracked
[1.364s][trace][gc,heap,region] GC(8) |   5|0x00000000a5000000, 0x00000000a5000000, 0x00000000a6000000|  0%| F|  |TAMS 0x00000000a5000000| PB 0x00000000a5000000| Untracked
[1.364s][trace][gc,heap,region] GC(8) |   6|0x00000000a6000000, 0x00000000a6000000, 0x00000000a7000000|  0%| F|  |TAMS 0x00000000a6000000| PB 0x00000000a6000000| Untracked
[1.364s][trace][gc,heap,region] GC(8) |   7|0x00000000a7000000, 0x00000000a7000000, 0x00000000a8000000|  0%| F|  |TAMS 0x00000000a7000000| PB 0x00000000a7000000| Untracked
[1.364s][trace][gc,heap,region] GC(8) |   8|0x00000000a8000000, 0x00000000a8000000, 0x00000000a9000000|  0%| F|  |TAMS 0x00000000a8000000| PB 0x00000000a8000000| Untracked
[1.364s][trace][gc,heap,region] GC(8) |   9|0x00000000a9000000, 0x00000000a9000000, 0x00000000aa000000|  0%| F|  |TAMS 0x00000000a9000000| PB 0x00000000a9000000| Untracked
[1.364s][trace][gc,heap,region] GC(8) |  10|0x00000000aa000000, 0x00000000aa000000, 0x00000000ab000000|  0%| F|  |TAMS 0x00000000aa000000| PB 0x00000000aa000000| Untracked
[1.364s][trace][gc,heap,region] GC(8) |  11|0x00000000ab000000, 0x00000000ab000000, 0x00000000ac000000|  0%| F|  |TAMS 0x00000000ab000000| PB 0x00000000ab000000| Untracked
[1.364s][trace][gc,heap,region] GC(8) |  12|0x00000000ac000000, 0x00000000ac000000, 0x00000000ad000000|  0%| F|  |TAMS 0x00000000ac000000| PB 0x00000000ac000000| Untracked
[1.364s][trace][gc,heap,region] GC(8) |  13|0x00000000ad000000, 0x00000000ad000000, 0x00000000ae000000|  0%| F|  |TAMS 0x00000000ad000000| PB 0x00000000ad000000| Untracked
[1.364s][trace][gc,heap,region] GC(8) |  14|0x00000000ae000000, 0x00000000ae000000, 0x00000000af000000|  0%| F|  |TAMS 0x00000000ae000000| PB 0x00000000ae000000| Untracked
[1.364s][trace][gc,heap,region] GC(8) |  15|0x00000000af000000, 0x00000000af000000, 0x00000000b0000000|  0%| F|  |TAMS 0x00000000af000000| PB 0x00000000af000000| Untracked
[1.364s][trace][gc,heap,region] GC(8) |  16|0x00000000b0000000, 0x00000000b0000000, 0x00000000b1000000|  0%| F|  |TAMS 0x00000000b0000000| PB 0x00000000b0000000| Untracked
[1.364s][trace][gc,heap,region] GC(8) |  17|0x00000000b1000000, 0x00000000b1000000, 0x00000000b2000000|  0%| F|  |TAMS 0x00000000b1000000| PB 0x00000000b1000000| Untracked
[1.364s][trace][gc,heap,region] GC(8) |  18|0x00000000b2000000, 0x00000000b2000000, 0x00000000b3000000|  0%| F|  |TAMS 0x00000000b2000000| PB 0x00000000b2000000| Untracked
[1.364s][trace][gc,heap,region] GC(8) |  19|0x00000000b3000000, 0x00000000b3000000, 0x00000000b4000000|  0%| F|  |TAMS 0x00000000b3000000| PB 0x00000000b3000000| Untracked
[1.364s][trace][gc,heap,region] GC(8) |  20|0x00000000b4000000, 0x00000000b4000000, 0x00000000b5000000|  0%| F|  |TAMS 0x00000000b4000000| PB 0x00000000b4000000| Untracked
[1.364s][trace][gc,heap,region] GC(8) |  21|0x00000000b5000000, 0x00000000b5000000, 0x00000000b6000000|  0%| F|  |TAMS 0x00000000b5000000| PB 0x00000000b5000000| Untracked
[1.364s][trace][gc,heap,region] GC(8) |  22|0x00000000b6000000, 0x00000000b6000000, 0x00000000b7000000|  0%| F|  |TAMS 0x00000000b6000000| PB 0x00000000b6000000| Untracked
[1.364s][trace][gc,heap,region] GC(8) |  23|0x00000000b7000000, 0x00000000b7000000, 0x00000000b8000000|  0%| F|  |TAMS 0x00000000b7000000| PB 0x00000000b7000000| Untracked
[1.364s][trace][gc,heap,region] GC(8) |  24|0x00000000b8000000, 0x00000000b8000000, 0x00000000b9000000|  0%| F|  |TAMS 0x00000000b8000000| PB 0x00000000b8000000| Untracked
[1.364s][trace][gc,heap,region] GC(8) |  25|0x00000000b9000000, 0x00000000b9000000, 0x00000000ba000000|  0%| F|  |TAMS 0x00000000b9000000| PB 0x00000000b9000000| Untracked
[1.364s][trace][gc,heap,region] GC(8) |  26|0x00000000ba000000, 0x00000000ba000000, 0x00000000bb000000|  0%| F|  |TAMS 0x00000000ba000000| PB 0x00000000ba000000| Untracked
[1.364s][trace][gc,heap,region] GC(8) |  27|0x00000000bb000000, 0x00000000bb000000, 0x00000000bc000000|  0%| F|  |TAMS 0x00000000bb000000| PB 0x00000000bb000000| Untracked
[1.364s][trace][gc,heap,region] GC(8) |  28|0x00000000bc000000, 0x00000000bc000000, 0x00000000bd000000|  0%| F|  |TAMS 0x00000000bc000000| PB 0x00000000bc000000| Untracked
[1.364s][trace][gc,heap,region] GC(8) |  29|0x00000000bd000000, 0x00000000bd000000, 0x00000000be000000|  0%| F|  |TAMS 0x00000000bd000000| PB 0x00000000bd000000| Untracked
[1.364s][trace][gc,heap,region] GC(8) |  30|0x00000000be000000, 0x00000000be000000, 0x00000000bf000000|  0%| F|  |TAMS 0x00000000be000000| PB 0x00000000be000000| Untracked
[1.364s][trace][gc,heap,region] GC(8) |  31|0x00000000bf000000, 0x00000000bf000000, 0x00000000c0000000|  0%| F|  |TAMS 0x00000000bf000000| PB 0x00000000bf000000| Untracked
[1.364s][trace][gc,heap,region] GC(8) |  32|0x00000000c0000000, 0x00000000c0000000, 0x00000000c1000000|  0%| F|  |TAMS 0x00000000c0000000| PB 0x00000000c0000000| Untracked
[1.364s][trace][gc,heap,region] GC(8) |  33|0x00000000c1000000, 0x00000000c1000000, 0x00000000c2000000|  0%| F|  |TAMS 0x00000000c1000000| PB 0x00000000c1000000| Untracked
[1.364s][trace][gc,heap,region] GC(8) |  34|0x00000000c2000000, 0x00000000c2000000, 0x00000000c3000000|  0%| F|  |TAMS 0x00000000c2000000| PB 0x00000000c2000000| Untracked
[1.364s][trace][gc,heap,region] GC(8) |  35|0x00000000c3000000, 0x00000000c3000000, 0x00000000c4000000|  0%| F|  |TAMS 0x00000000c3000000| PB 0x00000000c3000000| Untracked
[1.364s][trace][gc,heap,region] GC(8) |  36|0x00000000c4000000, 0x00000000c4000000, 0x00000000c5000000|  0%| F|  |TAMS 0x00000000c4000000| PB 0x00000000c4000000| Untracked
[1.364s][trace][gc,heap,region] GC(8) |  37|0x00000000c5000000, 0x00000000c5000000, 0x00000000c6000000|  0%| F|  |TAMS 0x00000000c5000000| PB 0x00000000c5000000| Untracked
[1.364s][trace][gc,heap,region] GC(8) |  38|0x00000000c6000000, 0x00000000c6000000, 0x00000000c7000000|  0%| F|  |TAMS 0x00000000c6000000| PB 0x00000000c6000000| Untracked
[1.364s][trace][gc,heap,region] GC(8) |  39|0x00000000c7000000, 0x00000000c7000000, 0x00000000c8000000|  0%| F|  |TAMS 0x00000000c7000000| PB 0x00000000c7000000| Untracked
[1.364s][trace][gc,heap,region] GC(8) |  40|0x00000000c8000000, 0x00000000c8000000, 0x00000000c9000000|  0%| F|  |TAMS 0x00000000c8000000| PB 0x00000000c8000000| Untracked
[1.364s][trace][gc,heap,region] GC(8) |  41|0x00000000c9000000, 0x00000000c9000000, 0x00000000ca000000|  0%| F|  |TAMS 0x00000000c9000000| PB 0x00000000c9000000| Untracked
[1.364s][trace][gc,heap,region] GC(8) |  42|0x00000000ca000000, 0x00000000ca000000, 0x00000000cb000000|  0%| F|  |TAMS 0x00000000ca000000| PB 0x00000000ca000000| Untracked
[1.364s][trace][gc,heap,region] GC(8) |  43|0x00000000cb000000, 0x00000000cb000000, 0x00000000cc000000|  0%| F|  |TAMS 0x00000000cb000000| PB 0x00000000cb000000| Untracked
[1.364s][trace][gc,heap,region] GC(8) |  44|0x00000000cc000000, 0x00000000cc000000, 0x00000000cd000000|  0%| F|  |TAMS 0x00000000cc000000| PB 0x00000000cc000000| Untracked
[1.364s][trace][gc,heap,region] GC(8) |  45|0x00000000cd000000, 0x00000000cd000000, 0x00000000ce000000|  0%| F|  |TAMS 0x00000000cd000000| PB 0x00000000cd000000| Untracked
[1.364s][trace][gc,heap,region] GC(8) |  46|0x00000000ce000000, 0x00000000ce000000, 0x00000000cf000000|  0%| F|  |TAMS 0x00000000ce000000| PB 0x00000000ce000000| Untracked
[1.364s][trace][gc,heap,region] GC(8) |  47|0x00000000cf000000, 0x00000000cf000000, 0x00000000d0000000|  0%| F|  |TAMS 0x00000000cf000000| PB 0x00000000cf000000| Untracked
[1.364s][trace][gc,heap,region] GC(8) |  48|0x00000000d0000000, 0x00000000d0000000, 0x00000000d1000000|  0%| F|  |TAMS 0x00000000d0000000| PB 0x00000000d0000000| Untracked
[1.364s][trace][gc,heap,region] GC(8) |  49|0x00000000d1000000, 0x00000000d1000000, 0x00000000d2000000|  0%| F|  |TAMS 0x00000000d1000000| PB 0x00000000d1000000| Untracked
[1.364s][trace][gc,heap,region] GC(8) |  50|0x00000000d2000000, 0x00000000d2000000, 0x00000000d3000000|  0%| F|  |TAMS 0x00000000d2000000| PB 0x00000000d2000000| Untracked
[1.364s][trace][gc,heap,region] GC(8) |  51|0x00000000d3000000, 0x00000000d3000000, 0x00000000d4000000|  0%| F|  |TAMS 0x00000000d3000000| PB 0x00000000d3000000| Untracked
[1.364s][trace][gc,heap,region] GC(8) |  52|0x00000000d4000000, 0x00000000d4000000, 0x00000000d5000000|  0%| F|  |TAMS 0x00000000d4000000| PB 0x00000000d4000000| Untracked
[1.364s][trace][gc,heap,region] GC(8) |  53|0x00000000d5000000, 0x00000000d5000000, 0x00000000d6000000|  0%| F|  |TAMS 0x00000000d5000000| PB 0x00000000d5000000| Untracked
[1.364s][trace][gc,heap,region] GC(8) |  54|0x00000000d6000000, 0x00000000d6000000, 0x00000000d7000000|  0%| F|  |TAMS 0x00000000d6000000| PB 0x00000000d6000000| Untracked
[1.364s][trace][gc,heap,region] GC(8) |  55|0x00000000d7000000, 0x00000000d7000000, 0x00000000d8000000|  0%| F|  |TAMS 0x00000000d7000000| PB 0x00000000d7000000| Untracked
[1.364s][trace][gc,heap,region] GC(8) |  56|0x00000000d8000000, 0x00000000d8000000, 0x00000000d9000000|  0%| F|  |TAMS 0x00000000d8000000| PB 0x00000000d8000000| Untracked
[1.364s][trace][gc,heap,region] GC(8) |  57|0x00000000d9000000, 0x00000000d9000000, 0x00000000da000000|  0%| F|  |TAMS 0x00000000d9000000| PB 0x00000000d9000000| Untracked
[1.364s][trace][gc,heap,region] GC(8) |  58|0x00000000da000000, 0x00000000da000000, 0x00000000db000000|  0%| F|  |TAMS 0x00000000da000000| PB 0x00000000da000000| Untracked
[1.364s][trace][gc,heap,region] GC(8) |  59|0x00000000db000000, 0x00000000db000000, 0x00000000dc000000|  0%| F|  |TAMS 0x00000000db000000| PB 0x00000000db000000| Untracked
[1.364s][trace][gc,heap,region] GC(8) |  60|0x00000000dc000000, 0x00000000dc000000, 0x00000000dd000000|  0%| F|  |TAMS 0x00000000dc000000| PB 0x00000000dc000000| Untracked
[1.364s][trace][gc,heap,region] GC(8) |  61|0x00000000dd000000, 0x00000000dd000000, 0x00000000de000000|  0%| F|  |TAMS 0x00000000dd000000| PB 0x00000000dd000000| Untracked
[1.364s][trace][gc,heap,region] GC(8) |  62|0x00000000de000000, 0x00000000de000000, 0x00000000df000000|  0%| F|  |TAMS 0x00000000de000000| PB 0x00000000de000000| Untracked
[1.364s][trace][gc,heap,region] GC(8) |  63|0x00000000df000000, 0x00000000df000000, 0x00000000e0000000|  0%| F|  |TAMS 0x00000000df000000| PB 0x00000000df000000| Untracked
[2.683s][trace][gc,heap,region] GC(9) Heap Regions: E=young(eden), S=young(survivor), O=old, HS=humongous(starts), HC=humongous(continues), CS=collection set, F=free, TAMS=top-at-mark-start, PB=parsable bottom
[2.683s][trace][gc,heap,region] GC(9) |   0|0x00000000a0000000, 0x00000000a0956950, 0x00000000a1000000| 58%| O|Cm|TAMS 0x00000000a0000000| PB 0x00000000a0000000| Complete
[2.683s][trace][gc,heap,region] GC(9) |   1|0x00000000a1000000, 0x00000000a177c8a0, 0x00000000a2000000| 46%| S|CS|TAMS 0x00000000a1000000| PB 0x00000000a1000000| Complete
[2.683s][trace][gc,heap,region] GC(9) |   2|0x00000000a2000000, 0x00000000a201a3a0, 0x00000000a3000000|  0%| O|Cm|TAMS 0x00000000a2000000| PB 0x00000000a2000000| Complete
[2.683s][trace][gc,heap,region] GC(9) |   3|0x00000000a3000000, 0x00000000a3000000, 0x00000000a4000000|  0%| F|  |TAMS 0x00000000a3000000| PB 0x00000000a3000000| Untracked
[2.683s][trace][gc,heap,region] GC(9) |   4|0x00000000a4000000, 0x00000000a4000000, 0x00000000a5000000|  0%| F|  |TAMS 0x00000000a4000000| PB 0x00000000a4000000| Untracked
[2.683s][trace][gc,heap,region] GC(9) |   5|0x00000000a5000000, 0x00000000a5000000, 0x00000000a6000000|  0%| F|  |TAMS 0x00000000a5000000| PB 0x00000000a5000000| Untracked
[2.683s][trace][gc,heap,region] GC(9) |   6|0x00000000a6000000, 0x00000000a6000000, 0x00000000a7000000|  0%| F|  |TAMS 0x00000000a6000000| PB 0x00000000a6000000| Untracked
[2.683s][trace][gc,heap,region] GC(9) |   7|0x00000000a7000000, 0x00000000a7000000, 0x00000000a8000000|  0%| F|  |TAMS 0x00000000a7000000| PB 0x00000000a7000000| Untracked
[2.683s][trace][gc,heap,region] GC(9) |   8|0x00000000a8000000, 0x00000000a8000000, 0x00000000a9000000|  0%| F|  |TAMS 0x00000000a8000000| PB 0x00000000a8000000| Untracked
[2.683s][trace][gc,heap,region] GC(9) |   9|0x00000000a9000000, 0x00000000a9000000, 0x00000000aa000000|  0%| F|  |TAMS 0x00000000a9000000| PB 0x00000000a9000000| Untracked
[2.683s][trace][gc,heap,region] GC(9) |  10|0x00000000aa000000, 0x00000000aa000000, 0x00000000ab000000|  0%| F|  |TAMS 0x00000000aa000000| PB 0x00000000aa000000| Untracked
[2.683s][trace][gc,heap,region] GC(9) |  11|0x00000000ab000000, 0x00000000ab000000, 0x00000000ac000000|  0%| F|  |TAMS 0x00000000ab000000| PB 0x00000000ab000000| Untracked
[2.683s][trace][gc,heap,region] GC(9) |  12|0x00000000ac000000, 0x00000000ac000000, 0x00000000ad000000|  0%| F|  |TAMS 0x00000000ac000000| PB 0x00000000ac000000| Untracked
[2.683s][trace][gc,heap,region] GC(9) |  13|0x00000000ad000000, 0x00000000ad000000, 0x00000000ae000000|  0%| F|  |TAMS 0x00000000ad000000| PB 0x00000000ad000000| Untracked
[2.683s][trace][gc,heap,region] GC(9) |  14|0x00000000ae000000, 0x00000000ae000000, 0x00000000af000000|  0%| F|  |TAMS 0x00000000ae000000| PB 0x00000000ae000000| Untracked
[2.683s][trace][gc,heap,region] GC(9) |  15|0x00000000af000000, 0x00000000af000000, 0x00000000b0000000|  0%| F|  |TAMS 0x00000000af000000| PB 0x00000000af000000| Untracked
[2.683s][trace][gc,heap,region] GC(9) |  16|0x00000000b0000000, 0x00000000b0000000, 0x00000000b1000000|  0%| F|  |TAMS 0x00000000b0000000| PB 0x00000000b0000000| Untracked
[2.683s][trace][gc,heap,region] GC(9) |  17|0x00000000b1000000, 0x00000000b1000000, 0x00000000b2000000|  0%| F|  |TAMS 0x00000000b1000000| PB 0x00000000b1000000| Untracked
[2.683s][trace][gc,heap,region] GC(9) |  18|0x00000000b2000000, 0x00000000b2000000, 0x00000000b3000000|  0%| F|  |TAMS 0x00000000b2000000| PB 0x00000000b2000000| Untracked
[2.683s][trace][gc,heap,region] GC(9) |  19|0x00000000b3000000, 0x00000000b3000000, 0x00000000b4000000|  0%| F|  |TAMS 0x00000000b3000000| PB 0x00000000b3000000| Untracked
[2.683s][trace][gc,heap,region] GC(9) |  20|0x00000000b4000000, 0x00000000b4000000, 0x00000000b5000000|  0%| F|  |TAMS 0x00000000b4000000| PB 0x00000000b4000000| Untracked
[2.683s][trace][gc,heap,region] GC(9) |  21|0x00000000b5000000, 0x00000000b5000000, 0x00000000b6000000|  0%| F|  |TAMS 0x00000000b5000000| PB 0x00000000b5000000| Untracked
[2.683s][trace][gc,heap,region] GC(9) |  22|0x00000000b6000000, 0x00000000b6000000, 0x00000000b7000000|  0%| F|  |TAMS 0x00000000b6000000| PB 0x00000000b6000000| Untracked
[2.683s][trace][gc,heap,region] GC(9) |  23|0x00000000b7000000, 0x00000000b7000000, 0x00000000b8000000|  0%| F|  |TAMS 0x00000000b7000000| PB 0x00000000b7000000| Untracked
[2.683s][trace][gc,heap,region] GC(9) |  24|0x00000000b8000000, 0x00000000b8000000, 0x00000000b9000000|  0%| F|  |TAMS 0x00000000b8000000| PB 0x00000000b8000000| Untracked
[2.683s][trace][gc,heap,region] GC(9) |  25|0x00000000b9000000, 0x00000000b9000000, 0x00000000ba000000|  0%| F|  |TAMS 0x00000000b9000000| PB 0x00000000b9000000| Untracked
[2.683s][trace][gc,heap,region] GC(9) |  26|0x00000000ba000000, 0x00000000ba000000, 0x00000000bb000000|  0%| F|  |TAMS 0x00000000ba000000| PB 0x00000000ba000000| Untracked
[2.683s][trace][gc,heap,region] GC(9) |  27|0x00000000bb000000, 0x00000000bc000000, 0x00000000bc000000|100%| E|  |TAMS 0x00000000bb000000| PB 0x00000000bb000000| Complete
[2.683s][trace][gc,heap,region] GC(9) |  28|0x00000000bc000000, 0x00000000bd000000, 0x00000000bd000000|100%| E|CS|TAMS 0x00000000bc000000| PB 0x00000000bc000000| Complete
[2.684s][trace][gc,heap,region] GC(9) |  29|0x00000000bd000000, 0x00000000be000000, 0x00000000be000000|100%| E|CS|TAMS 0x00000000bd000000| PB 0x00000000bd000000| Complete
[2.684s][trace][gc,heap,region] GC(9) |  30|0x00000000be000000, 0x00000000bf000000, 0x00000000bf000000|100%| E|CS|TAMS 0x00000000be000000| PB 0x00000000be000000| Complete
[2.684s][trace][gc,heap,region] GC(9) |  31|0x00000000bf000000, 0x00000000c0000000, 0x00000000c0000000|100%| E|CS|TAMS 0x00000000bf000000| PB 0x00000000bf000000| Complete
[2.684s][trace][gc,heap,region] GC(9) |  32|0x00000000c0000000, 0x00000000c1000000, 0x00000000c1000000|100%| E|CS|TAMS 0x00000000c0000000| PB 0x00000000c0000000| Complete
[2.684s][trace][gc,heap,region] GC(9) |  33|0x00000000c1000000, 0x00000000c2000000, 0x00000000c2000000|100%| E|CS|TAMS 0x00000000c1000000| PB 0x00000000c1000000| Complete
[2.684s][trace][gc,heap,region] GC(9) |  34|0x00000000c2000000, 0x00000000c3000000, 0x00000000c3000000|100%| E|CS|TAMS 0x00000000c2000000| PB 0x00000000c2000000| Complete
[2.684s][trace][gc,heap,region] GC(9) |  35|0x00000000c3000000, 0x00000000c4000000, 0x00000000c4000000|100%| E|CS|TAMS 0x00000000c3000000| PB 0x00000000c3000000| Complete
[2.684s][trace][gc,heap,region] GC(9) |  36|0x00000000c4000000, 0x00000000c5000000, 0x00000000c5000000|100%| E|CS|TAMS 0x00000000c4000000| PB 0x00000000c4000000| Complete
[2.684s][trace][gc,heap,region] GC(9) |  37|0x00000000c5000000, 0x00000000c6000000, 0x00000000c6000000|100%| E|CS|TAMS 0x00000000c5000000| PB 0x00000000c5000000| Complete
[2.684s][trace][gc,heap,region] GC(9) |  38|0x00000000c6000000, 0x00000000c7000000, 0x00000000c7000000|100%| E|CS|TAMS 0x00000000c6000000| PB 0x00000000c6000000| Complete
[2.684s][trace][gc,heap,region] GC(9) |  39|0x00000000c7000000, 0x00000000c8000000, 0x00000000c8000000|100%| E|CS|TAMS 0x00000000c7000000| PB 0x00000000c7000000| Complete
[2.684s][trace][gc,heap,region] GC(9) |  40|0x00000000c8000000, 0x00000000c9000000, 0x00000000c9000000|100%| E|CS|TAMS 0x00000000c8000000| PB 0x00000000c8000000| Complete
[2.684s][trace][gc,heap,region] GC(9) |  41|0x00000000c9000000, 0x00000000ca000000, 0x00000000ca000000|100%| E|CS|TAMS 0x00000000c9000000| PB 0x00000000c9000000| Complete
[2.684s][trace][gc,heap,region] GC(9) |  42|0x00000000ca000000, 0x00000000cb000000, 0x00000000cb000000|100%| E|CS|TAMS 0x00000000ca000000| PB 0x00000000ca000000| Complete
[2.684s][trace][gc,heap,region] GC(9) |  43|0x00000000cb000000, 0x00000000cc000000, 0x00000000cc000000|100%| E|CS|TAMS 0x00000000cb000000| PB 0x00000000cb000000| Complete
[2.684s][trace][gc,heap,region] GC(9) |  44|0x00000000cc000000, 0x00000000cd000000, 0x00000000cd000000|100%| E|CS|TAMS 0x00000000cc000000| PB 0x00000000cc000000| Complete
[2.684s][trace][gc,heap,region] GC(9) |  45|0x00000000cd000000, 0x00000000ce000000, 0x00000000ce000000|100%| E|CS|TAMS 0x00000000cd000000| PB 0x00000000cd000000| Complete
[2.684s][trace][gc,heap,region] GC(9) |  46|0x00000000ce000000, 0x00000000cf000000, 0x00000000cf000000|100%| E|CS|TAMS 0x00000000ce000000| PB 0x00000000ce000000| Complete
[2.684s][trace][gc,heap,region] GC(9) |  47|0x00000000cf000000, 0x00000000d0000000, 0x00000000d0000000|100%| E|CS|TAMS 0x00000000cf000000| PB 0x00000000cf000000| Complete
[2.684s][trace][gc,heap,region] GC(9) |  48|0x00000000d0000000, 0x00000000d1000000, 0x00000000d1000000|100%| E|CS|TAMS 0x00000000d0000000| PB 0x00000000d0000000| Complete
[2.684s][trace][gc,heap,region] GC(9) |  49|0x00000000d1000000, 0x00000000d2000000, 0x00000000d2000000|100%| E|CS|TAMS 0x00000000d1000000| PB 0x00000000d1000000| Complete
[2.684s][trace][gc,heap,region] GC(9) |  50|0x00000000d2000000, 0x00000000d3000000, 0x00000000d3000000|100%| E|CS|TAMS 0x00000000d2000000| PB 0x00000000d2000000| Complete
[2.684s][trace][gc,heap,region] GC(9) |  51|0x00000000d3000000, 0x00000000d4000000, 0x00000000d4000000|100%| E|CS|TAMS 0x00000000d3000000| PB 0x00000000d3000000| Complete
[2.684s][trace][gc,heap,region] GC(9) |  52|0x00000000d4000000, 0x00000000d5000000, 0x00000000d5000000|100%| E|CS|TAMS 0x00000000d4000000| PB 0x00000000d4000000| Complete
[2.684s][trace][gc,heap,region] GC(9) |  53|0x00000000d5000000, 0x00000000d6000000, 0x00000000d6000000|100%| E|CS|TAMS 0x00000000d5000000| PB 0x00000000d5000000| Complete
[2.684s][trace][gc,heap,region] GC(9) |  54|0x00000000d6000000, 0x00000000d7000000, 0x00000000d7000000|100%| E|CS|TAMS 0x00000000d6000000| PB 0x00000000d6000000| Complete
[2.684s][trace][gc,heap,region] GC(9) |  55|0x00000000d7000000, 0x00000000d8000000, 0x00000000d8000000|100%| E|CS|TAMS 0x00000000d7000000| PB 0x00000000d7000000| Complete
[2.684s][trace][gc,heap,region] GC(9) |  56|0x00000000d8000000, 0x00000000d9000000, 0x00000000d9000000|100%| E|CS|TAMS 0x00000000d8000000| PB 0x00000000d8000000| Complete
[2.684s][trace][gc,heap,region] GC(9) |  57|0x00000000d9000000, 0x00000000da000000, 0x00000000da000000|100%| E|CS|TAMS 0x00000000d9000000| PB 0x00000000d9000000| Complete
[2.684s][trace][gc,heap,region] GC(9) |  58|0x00000000da000000, 0x00000000db000000, 0x00000000db000000|100%| E|CS|TAMS 0x00000000da000000| PB 0x00000000da000000| Complete
[2.684s][trace][gc,heap,region] GC(9) |  59|0x00000000db000000, 0x00000000dc000000, 0x00000000dc000000|100%| E|CS|TAMS 0x00000000db000000| PB 0x00000000db000000| Complete
[2.684s][trace][gc,heap,region] GC(9) |  60|0x00000000dc000000, 0x00000000dd000000, 0x00000000dd000000|100%| E|CS|TAMS 0x00000000dc000000| PB 0x00000000dc000000| Complete
[2.684s][trace][gc,heap,region] GC(9) |  61|0x00000000dd000000, 0x00000000de000000, 0x00000000de000000|100%| E|CS|TAMS 0x00000000dd000000| PB 0x00000000dd000000| Complete
[2.684s][trace][gc,heap,region] GC(9) |  62|0x00000000de000000, 0x00000000df000000, 0x00000000df000000|100%| E|CS|TAMS 0x00000000de000000| PB 0x00000000de000000| Complete
[2.684s][trace][gc,heap,region] GC(9) |  63|0x00000000df000000, 0x00000000e0000000, 0x00000000e0000000|100%| E|CS|TAMS 0x00000000df000000| PB 0x00000000df000000| Complete
[2.693s][trace][gc,heap,region] GC(9) Heap Regions: E=young(eden), S=young(survivor), O=old, HS=humongous(starts), HC=humongous(continues), CS=collection set, F=free, TAMS=top-at-mark-start, PB=parsable bottom
[2.693s][trace][gc,heap,region] GC(9) |   0|0x00000000a0000000, 0x00000000a0000000, 0x00000000a1000000|  0%| F|  |TAMS 0x00000000a0000000| PB 0x00000000a0000000| Untracked
[2.693s][trace][gc,heap,region] GC(9) |   1|0x00000000a1000000, 0x00000000a1000000, 0x00000000a2000000|  0%| F|  |TAMS 0x00000000a1000000| PB 0x00000000a1000000| Untracked
[2.693s][trace][gc,heap,region] GC(9) |   2|0x00000000a2000000, 0x00000000a2000000, 0x00000000a3000000|  0%| F|  |TAMS 0x00000000a2000000| PB 0x00000000a2000000| Untracked
[2.693s][trace][gc,heap,region] GC(9) |   3|0x00000000a3000000, 0x00000000a39c7038, 0x00000000a4000000| 61%| O|  |TAMS 0x00000000a3000000| PB 0x00000000a3000000| Untracked
[2.693s][trace][gc,heap,region] GC(9) |   4|0x00000000a4000000, 0x00000000a4000000, 0x00000000a5000000|  0%| F|  |TAMS 0x00000000a4000000| PB 0x00000000a4000000| Untracked
[2.693s][trace][gc,heap,region] GC(9) |   5|0x00000000a5000000, 0x00000000a5000000, 0x00000000a6000000|  0%| F|  |TAMS 0x00000000a5000000| PB 0x00000000a5000000| Untracked
[2.693s][trace][gc,heap,region] GC(9) |   6|0x00000000a6000000, 0x00000000a6000000, 0x00000000a7000000|  0%| F|  |TAMS 0x00000000a6000000| PB 0x00000000a6000000| Untracked
[2.693s][trace][gc,heap,region] GC(9) |   7|0x00000000a7000000, 0x00000000a7000000, 0x00000000a8000000|  0%| F|  |TAMS 0x00000000a7000000| PB 0x00000000a7000000| Untracked
[2.693s][trace][gc,heap,region] GC(9) |   8|0x00000000a8000000, 0x00000000a8000000, 0x00000000a9000000|  0%| F|  |TAMS 0x00000000a8000000| PB 0x00000000a8000000| Untracked
[2.693s][trace][gc,heap,region] GC(9) |   9|0x00000000a9000000, 0x00000000a9000000, 0x00000000aa000000|  0%| F|  |TAMS 0x00000000a9000000| PB 0x00000000a9000000| Untracked
[2.693s][trace][gc,heap,region] GC(9) |  10|0x00000000aa000000, 0x00000000aa000000, 0x00000000ab000000|  0%| F|  |TAMS 0x00000000aa000000| PB 0x00000000aa000000| Untracked
[2.693s][trace][gc,heap,region] GC(9) |  11|0x00000000ab000000, 0x00000000ab000000, 0x00000000ac000000|  0%| F|  |TAMS 0x00000000ab000000| PB 0x00000000ab000000| Untracked
[2.693s][trace][gc,heap,region] GC(9) |  12|0x00000000ac000000, 0x00000000ac000000, 0x00000000ad000000|  0%| F|  |TAMS 0x00000000ac000000| PB 0x00000000ac000000| Untracked
[2.693s][trace][gc,heap,region] GC(9) |  13|0x00000000ad000000, 0x00000000ad000000, 0x00000000ae000000|  0%| F|  |TAMS 0x00000000ad000000| PB 0x00000000ad000000| Untracked
[2.693s][trace][gc,heap,region] GC(9) |  14|0x00000000ae000000, 0x00000000ae000000, 0x00000000af000000|  0%| F|  |TAMS 0x00000000ae000000| PB 0x00000000ae000000| Untracked
[2.693s][trace][gc,heap,region] GC(9) |  15|0x00000000af000000, 0x00000000af000000, 0x00000000b0000000|  0%| F|  |TAMS 0x00000000af000000| PB 0x00000000af000000| Untracked
[2.693s][trace][gc,heap,region] GC(9) |  16|0x00000000b0000000, 0x00000000b0000000, 0x00000000b1000000|  0%| F|  |TAMS 0x00000000b0000000| PB 0x00000000b0000000| Untracked
[2.693s][trace][gc,heap,region] GC(9) |  17|0x00000000b1000000, 0x00000000b1000000, 0x00000000b2000000|  0%| F|  |TAMS 0x00000000b1000000| PB 0x00000000b1000000| Untracked
[2.693s][trace][gc,heap,region] GC(9) |  18|0x00000000b2000000, 0x00000000b2000000, 0x00000000b3000000|  0%| F|  |TAMS 0x00000000b2000000| PB 0x00000000b2000000| Untracked
[2.693s][trace][gc,heap,region] GC(9) |  19|0x00000000b3000000, 0x00000000b3000000, 0x00000000b4000000|  0%| F|  |TAMS 0x00000000b3000000| PB 0x00000000b3000000| Untracked
[2.693s][trace][gc,heap,region] GC(9) |  20|0x00000000b4000000, 0x00000000b4000000, 0x00000000b5000000|  0%| F|  |TAMS 0x00000000b4000000| PB 0x00000000b4000000| Untracked
[2.693s][trace][gc,heap,region] GC(9) |  21|0x00000000b5000000, 0x00000000b5000000, 0x00000000b6000000|  0%| F|  |TAMS 0x00000000b5000000| PB 0x00000000b5000000| Untracked
[2.693s][trace][gc,heap,region] GC(9) |  22|0x00000000b6000000, 0x00000000b6000000, 0x00000000b7000000|  0%| F|  |TAMS 0x00000000b6000000| PB 0x00000000b6000000| Untracked
[2.693s][trace][gc,heap,region] GC(9) |  23|0x00000000b7000000, 0x00000000b7000000, 0x00000000b8000000|  0%| F|  |TAMS 0x00000000b7000000| PB 0x00000000b7000000| Untracked
[2.693s][trace][gc,heap,region] GC(9) |  24|0x00000000b8000000, 0x00000000b8000000, 0x00000000b9000000|  0%| F|  |TAMS 0x00000000b8000000| PB 0x00000000b8000000| Untracked
[2.693s][trace][gc,heap,region] GC(9) |  25|0x00000000b9000000, 0x00000000b9000000, 0x00000000ba000000|  0%| F|  |TAMS 0x00000000b9000000| PB 0x00000000b9000000| Untracked
[2.693s][trace][gc,heap,region] GC(9) |  26|0x00000000ba000000, 0x00000000ba91d570, 0x00000000bb000000| 56%| S|CS|TAMS 0x00000000ba000000| PB 0x00000000ba000000| Complete
[2.693s][trace][gc,heap,region] GC(9) |  27|0x00000000bb000000, 0x00000000bb000000, 0x00000000bc000000|  0%| F|  |TAMS 0x00000000bb000000| PB 0x00000000bb000000| Untracked
[2.693s][trace][gc,heap,region] GC(9) |  28|0x00000000bc000000, 0x00000000bc000000, 0x00000000bd000000|  0%| F|  |TAMS 0x00000000bc000000| PB 0x00000000bc000000| Untracked
[2.693s][trace][gc,heap,region] GC(9) |  29|0x00000000bd000000, 0x00000000bd000000, 0x00000000be000000|  0%| F|  |TAMS 0x00000000bd000000| PB 0x00000000bd000000| Untracked
[2.693s][trace][gc,heap,region] GC(9) |  30|0x00000000be000000, 0x00000000be000000, 0x00000000bf000000|  0%| F|  |TAMS 0x00000000be000000| PB 0x00000000be000000| Untracked
[2.693s][trace][gc,heap,region] GC(9) |  31|0x00000000bf000000, 0x00000000bf000000, 0x00000000c0000000|  0%| F|  |TAMS 0x00000000bf000000| PB 0x00000000bf000000| Untracked
[2.693s][trace][gc,heap,region] GC(9) |  32|0x00000000c0000000, 0x00000000c0000000, 0x00000000c1000000|  0%| F|  |TAMS 0x00000000c0000000| PB 0x00000000c0000000| Untracked
[2.693s][trace][gc,heap,region] GC(9) |  33|0x00000000c1000000, 0x00000000c1000000, 0x00000000c2000000|  0%| F|  |TAMS 0x00000000c1000000| PB 0x00000000c1000000| Untracked
[2.693s][trace][gc,heap,region] GC(9) |  34|0x00000000c2000000, 0x00000000c2000000, 0x00000000c3000000|  0%| F|  |TAMS 0x00000000c2000000| PB 0x00000000c2000000| Untracked
[2.693s][trace][gc,heap,region] GC(9) |  35|0x00000000c3000000, 0x00000000c3000000, 0x00000000c4000000|  0%| F|  |TAMS 0x00000000c3000000| PB 0x00000000c3000000| Untracked
[2.693s][trace][gc,heap,region] GC(9) |  36|0x00000000c4000000, 0x00000000c4000000, 0x00000000c5000000|  0%| F|  |TAMS 0x00000000c4000000| PB 0x00000000c4000000| Untracked
[2.693s][trace][gc,heap,region] GC(9) |  37|0x00000000c5000000, 0x00000000c5000000, 0x00000000c6000000|  0%| F|  |TAMS 0x00000000c5000000| PB 0x00000000c5000000| Untracked
[2.693s][trace][gc,heap,region] GC(9) |  38|0x00000000c6000000, 0x00000000c6000000, 0x00000000c7000000|  0%| F|  |TAMS 0x00000000c6000000| PB 0x00000000c6000000| Untracked
[2.693s][trace][gc,heap,region] GC(9) |  39|0x00000000c7000000, 0x00000000c7000000, 0x00000000c8000000|  0%| F|  |TAMS 0x00000000c7000000| PB 0x00000000c7000000| Untracked
[2.693s][trace][gc,heap,region] GC(9) |  40|0x00000000c8000000, 0x00000000c8000000, 0x00000000c9000000|  0%| F|  |TAMS 0x00000000c8000000| PB 0x00000000c8000000| Untracked
[2.693s][trace][gc,heap,region] GC(9) |  41|0x00000000c9000000, 0x00000000c9000000, 0x00000000ca000000|  0%| F|  |TAMS 0x00000000c9000000| PB 0x00000000c9000000| Untracked
[2.693s][trace][gc,heap,region] GC(9) |  42|0x00000000ca000000, 0x00000000ca000000, 0x00000000cb000000|  0%| F|  |TAMS 0x00000000ca000000| PB 0x00000000ca000000| Untracked
[2.693s][trace][gc,heap,region] GC(9) |  43|0x00000000cb000000, 0x00000000cb000000, 0x00000000cc000000|  0%| F|  |TAMS 0x00000000cb000000| PB 0x00000000cb000000| Untracked
[2.693s][trace][gc,heap,region] GC(9) |  44|0x00000000cc000000, 0x00000000cc000000, 0x00000000cd000000|  0%| F|  |TAMS 0x00000000cc000000| PB 0x00000000cc000000| Untracked
[2.693s][trace][gc,heap,region] GC(9) |  45|0x00000000cd000000, 0x00000000cd000000, 0x00000000ce000000|  0%| F|  |TAMS 0x00000000cd000000| PB 0x00000000cd000000| Untracked
[2.693s][trace][gc,heap,region] GC(9) |  46|0x00000000ce000000, 0x00000000ce000000, 0x00000000cf000000|  0%| F|  |TAMS 0x00000000ce000000| PB 0x00000000ce000000| Untracked
[2.693s][trace][gc,heap,region] GC(9) |  47|0x00000000cf000000, 0x00000000cf000000, 0x00000000d0000000|  0%| F|  |TAMS 0x00000000cf000000| PB 0x00000000cf000000| Untracked
[2.693s][trace][gc,heap,region] GC(9) |  48|0x00000000d0000000, 0x00000000d0000000, 0x00000000d1000000|  0%| F|  |TAMS 0x00000000d0000000| PB 0x00000000d0000000| Untracked
[2.693s][trace][gc,heap,region] GC(9) |  49|0x00000000d1000000, 0x00000000d1000000, 0x00000000d2000000|  0%| F|  |TAMS 0x00000000d1000000| PB 0x00000000d1000000| Untracked
[2.693s][trace][gc,heap,region] GC(9) |  50|0x00000000d2000000, 0x00000000d2000000, 0x00000000d3000000|  0%| F|  |TAMS 0x00000000d2000000| PB 0x00000000d2000000| Untracked
[2.693s][trace][gc,heap,region] GC(9) |  51|0x00000000d3000000, 0x00000000d3000000, 0x00000000d4000000|  0%| F|  |TAMS 0x00000000d3000000| PB 0x00000000d3000000| Untracked
[2.693s][trace][gc,heap,region] GC(9) |  52|0x00000000d4000000, 0x00000000d4000000, 0x00000000d5000000|  0%| F|  |TAMS 0x00000000d4000000| PB 0x00000000d4000000| Untracked
[2.693s][trace][gc,heap,region] GC(9) |  53|0x00000000d5000000, 0x00000000d5000000, 0x00000000d6000000|  0%| F|  |TAMS 0x00000000d5000000| PB 0x00000000d5000000| Untracked
[2.693s][trace][gc,heap,region] GC(9) |  54|0x00000000d6000000, 0x00000000d6000000, 0x00000000d7000000|  0%| F|  |TAMS 0x00000000d6000000| PB 0x00000000d6000000| Untracked
[2.693s][trace][gc,heap,region] GC(9) |  55|0x00000000d7000000, 0x00000000d7000000, 0x00000000d8000000|  0%| F|  |TAMS 0x00000000d7000000| PB 0x00000000d7000000| Untracked
[2.693s][trace][gc,heap,region] GC(9) |  56|0x00000000d8000000, 0x00000000d8000000, 0x00000000d9000000|  0%| F|  |TAMS 0x00000000d8000000| PB 0x00000000d8000000| Untracked
[2.693s][trace][gc,heap,region] GC(9) |  57|0x00000000d9000000, 0x00000000d9000000, 0x00000000da000000|  0%| F|  |TAMS 0x00000000d9000000| PB 0x00000000d9000000| Untracked
[2.693s][trace][gc,heap,region] GC(9) |  58|0x00000000da000000, 0x00000000da000000, 0x00000000db000000|  0%| F|  |TAMS 0x00000000da000000| PB 0x00000000da000000| Untracked
[2.693s][trace][gc,heap,region] GC(9) |  59|0x00000000db000000, 0x00000000db000000, 0x00000000dc000000|  0%| F|  |TAMS 0x00000000db000000| PB 0x00000000db000000| Untracked
[2.693s][trace][gc,heap,region] GC(9) |  60|0x00000000dc000000, 0x00000000dc000000, 0x00000000dd000000|  0%| F|  |TAMS 0x00000000dc000000| PB 0x00000000dc000000| Untracked
[2.693s][trace][gc,heap,region] GC(9) |  61|0x00000000dd000000, 0x00000000dd000000, 0x00000000de000000|  0%| F|  |TAMS 0x00000000dd000000| PB 0x00000000dd000000| Untracked
[2.693s][trace][gc,heap,region] GC(9) |  62|0x00000000de000000, 0x00000000de000000, 0x00000000df000000|  0%| F|  |TAMS 0x00000000de000000| PB 0x00000000de000000| Untracked
[2.693s][trace][gc,heap,region] GC(9) |  63|0x00000000df000000, 0x00000000df000000, 0x00000000e0000000|  0%| F|  |TAMS 0x00000000df000000| PB 0x00000000df000000| Untracked
[3.333s][trace][gc,heap,region] GC(10) Heap Regions: E=young(eden), S=young(survivor), O=old, HS=humongous(starts), HC=humongous(continues), CS=collection set, F=free, TAMS=top-at-mark-start, PB=parsable bottom
[3.333s][trace][gc,heap,region] GC(10) |   0|0x00000000a0000000, 0x00000000a0000000, 0x00000000a1000000|  0%| F|  |TAMS 0x00000000a0000000| PB 0x00000000a0000000| Untracked
[3.333s][trace][gc,heap,region] GC(10) |   1|0x00000000a1000000, 0x00000000a1000000, 0x00000000a2000000|  0%| F|  |TAMS 0x00000000a1000000| PB 0x00000000a1000000| Untracked
[3.333s][trace][gc,heap,region] GC(10) |   2|0x00000000a2000000, 0x00000000a2000000, 0x00000000a3000000|  0%| F|  |TAMS 0x00000000a2000000| PB 0x00000000a2000000| Untracked
[3.334s][trace][gc,heap,region] GC(10) |   3|0x00000000a3000000, 0x00000000a39c7038, 0x00000000a4000000| 61%| O|  |TAMS 0x00000000a3000000| PB 0x00000000a3000000| Untracked
[3.334s][trace][gc,heap,region] GC(10) |   4|0x00000000a4000000, 0x00000000a4000000, 0x00000000a5000000|  0%| F|  |TAMS 0x00000000a4000000| PB 0x00000000a4000000| Untracked
[3.334s][trace][gc,heap,region] GC(10) |   5|0x00000000a5000000, 0x00000000a5000000, 0x00000000a6000000|  0%| F|  |TAMS 0x00000000a5000000| PB 0x00000000a5000000| Untracked
[3.334s][trace][gc,heap,region] GC(10) |   6|0x00000000a6000000, 0x00000000a6000000, 0x00000000a7000000|  0%| F|  |TAMS 0x00000000a6000000| PB 0x00000000a6000000| Untracked
[3.334s][trace][gc,heap,region] GC(10) |   7|0x00000000a7000000, 0x00000000a7000000, 0x00000000a8000000|  0%| F|  |TAMS 0x00000000a7000000| PB 0x00000000a7000000| Untracked
[3.334s][trace][gc,heap,region] GC(10) |   8|0x00000000a8000000, 0x00000000a8000000, 0x00000000a9000000|  0%| F|  |TAMS 0x00000000a8000000| PB 0x00000000a8000000| Untracked
[3.334s][trace][gc,heap,region] GC(10) |   9|0x00000000a9000000, 0x00000000a9000000, 0x00000000aa000000|  0%| F|  |TAMS 0x00000000a9000000| PB 0x00000000a9000000| Untracked
[3.334s][trace][gc,heap,region] GC(10) |  10|0x00000000aa000000, 0x00000000aa000000, 0x00000000ab000000|  0%| F|  |TAMS 0x00000000aa000000| PB 0x00000000aa000000| Untracked
[3.334s][trace][gc,heap,region] GC(10) |  11|0x00000000ab000000, 0x00000000ab000000, 0x00000000ac000000|  0%| F|  |TAMS 0x00000000ab000000| PB 0x00000000ab000000| Untracked
[3.334s][trace][gc,heap,region] GC(10) |  12|0x00000000ac000000, 0x00000000ac000000, 0x00000000ad000000|  0%| F|  |TAMS 0x00000000ac000000| PB 0x00000000ac000000| Untracked
[3.334s][trace][gc,heap,region] GC(10) |  13|0x00000000ad000000, 0x00000000ad000000, 0x00000000ae000000|  0%| F|  |TAMS 0x00000000ad000000| PB 0x00000000ad000000| Untracked
[3.334s][trace][gc,heap,region] GC(10) |  14|0x00000000ae000000, 0x00000000ae000000, 0x00000000af000000|  0%| F|  |TAMS 0x00000000ae000000| PB 0x00000000ae000000| Untracked
[3.334s][trace][gc,heap,region] GC(10) |  15|0x00000000af000000, 0x00000000af000000, 0x00000000b0000000|  0%| F|  |TAMS 0x00000000af000000| PB 0x00000000af000000| Untracked
[3.334s][trace][gc,heap,region] GC(10) |  16|0x00000000b0000000, 0x00000000b0000000, 0x00000000b1000000|  0%| F|  |TAMS 0x00000000b0000000| PB 0x00000000b0000000| Untracked
[3.334s][trace][gc,heap,region] GC(10) |  17|0x00000000b1000000, 0x00000000b1000000, 0x00000000b2000000|  0%| F|  |TAMS 0x00000000b1000000| PB 0x00000000b1000000| Untracked
[3.334s][trace][gc,heap,region] GC(10) |  18|0x00000000b2000000, 0x00000000b2000000, 0x00000000b3000000|  0%| F|  |TAMS 0x00000000b2000000| PB 0x00000000b2000000| Untracked
[3.334s][trace][gc,heap,region] GC(10) |  19|0x00000000b3000000, 0x00000000b3000000, 0x00000000b4000000|  0%| F|  |TAMS 0x00000000b3000000| PB 0x00000000b3000000| Untracked
[3.334s][trace][gc,heap,region] GC(10) |  20|0x00000000b4000000, 0x00000000b4000000, 0x00000000b5000000|  0%| F|  |TAMS 0x00000000b4000000| PB 0x00000000b4000000| Untracked
[3.334s][trace][gc,heap,region] GC(10) |  21|0x00000000b5000000, 0x00000000b5000000, 0x00000000b6000000|  0%| F|  |TAMS 0x00000000b5000000| PB 0x00000000b5000000| Untracked
[3.334s][trace][gc,heap,region] GC(10) |  22|0x00000000b6000000, 0x00000000b6000000, 0x00000000b7000000|  0%| F|  |TAMS 0x00000000b6000000| PB 0x00000000b6000000| Untracked
[3.334s][trace][gc,heap,region] GC(10) |  23|0x00000000b7000000, 0x00000000b7000000, 0x00000000b8000000|  0%| F|  |TAMS 0x00000000b7000000| PB 0x00000000b7000000| Untracked
[3.334s][trace][gc,heap,region] GC(10) |  24|0x00000000b8000000, 0x00000000b8000000, 0x00000000b9000000|  0%| F|  |TAMS 0x00000000b8000000| PB 0x00000000b8000000| Untracked
[3.334s][trace][gc,heap,region] GC(10) |  25|0x00000000b9000000, 0x00000000b9000000, 0x00000000ba000000|  0%| F|  |TAMS 0x00000000b9000000| PB 0x00000000b9000000| Untracked
[3.334s][trace][gc,heap,region] GC(10) |  26|0x00000000ba000000, 0x00000000ba91d570, 0x00000000bb000000| 56%| S|CS|TAMS 0x00000000ba000000| PB 0x00000000ba000000| Complete
[3.334s][trace][gc,heap,region] GC(10) |  27|0x00000000bb000000, 0x00000000bc000000, 0x00000000bc000000|100%| E|CS|TAMS 0x00000000bb000000| PB 0x00000000bb000000| Complete
[3.334s][trace][gc,heap,region] GC(10) |  28|0x00000000bc000000, 0x00000000bd000000, 0x00000000bd000000|100%| E|CS|TAMS 0x00000000bc000000| PB 0x00000000bc000000| Complete
[3.334s][trace][gc,heap,region] GC(10) |  29|0x00000000bd000000, 0x00000000be000000, 0x00000000be000000|100%| E|CS|TAMS 0x00000000bd000000| PB 0x00000000bd000000| Complete
[3.334s][trace][gc,heap,region] GC(10) |  30|0x00000000be000000, 0x00000000bf000000, 0x00000000bf000000|100%| E|CS|TAMS 0x00000000be000000| PB 0x00000000be000000| Complete
[3.334s][trace][gc,heap,region] GC(10) |  31|0x00000000bf000000, 0x00000000c0000000, 0x00000000c0000000|100%| E|CS|TAMS 0x00000000bf000000| PB 0x00000000bf000000| Complete
[3.334s][trace][gc,heap,region] GC(10) |  32|0x00000000c0000000, 0x00000000c1000000, 0x00000000c1000000|100%| E|CS|TAMS 0x00000000c0000000| PB 0x00000000c0000000| Complete
[3.334s][trace][gc,heap,region] GC(10) |  33|0x00000000c1000000, 0x00000000c2000000, 0x00000000c2000000|100%| E|CS|TAMS 0x00000000c1000000| PB 0x00000000c1000000| Complete
[3.334s][trace][gc,heap,region] GC(10) |  34|0x00000000c2000000, 0x00000000c3000000, 0x00000000c3000000|100%| E|CS|TAMS 0x00000000c2000000| PB 0x00000000c2000000| Complete
[3.334s][trace][gc,heap,region] GC(10) |  35|0x00000000c3000000, 0x00000000c4000000, 0x00000000c4000000|100%| E|CS|TAMS 0x00000000c3000000| PB 0x00000000c3000000| Complete
[3.334s][trace][gc,heap,region] GC(10) |  36|0x00000000c4000000, 0x00000000c5000000, 0x00000000c5000000|100%| E|CS|TAMS 0x00000000c4000000| PB 0x00000000c4000000| Complete
[3.334s][trace][gc,heap,region] GC(10) |  37|0x00000000c5000000, 0x00000000c6000000, 0x00000000c6000000|100%| E|CS|TAMS 0x00000000c5000000| PB 0x00000000c5000000| Complete
[3.334s][trace][gc,heap,region] GC(10) |  38|0x00000000c6000000, 0x00000000c7000000, 0x00000000c7000000|100%| E|CS|TAMS 0x00000000c6000000| PB 0x00000000c6000000| Complete
[3.334s][trace][gc,heap,region] GC(10) |  39|0x00000000c7000000, 0x00000000c8000000, 0x00000000c8000000|100%| E|CS|TAMS 0x00000000c7000000| PB 0x00000000c7000000| Complete
[3.334s][trace][gc,heap,region] GC(10) |  40|0x00000000c8000000, 0x00000000c9000000, 0x00000000c9000000|100%| E|CS|TAMS 0x00000000c8000000| PB 0x00000000c8000000| Complete
[3.334s][trace][gc,heap,region] GC(10) |  41|0x00000000c9000000, 0x00000000ca000000, 0x00000000ca000000|100%| E|CS|TAMS 0x00000000c9000000| PB 0x00000000c9000000| Complete
[3.334s][trace][gc,heap,region] GC(10) |  42|0x00000000ca000000, 0x00000000cb000000, 0x00000000cb000000|100%| E|CS|TAMS 0x00000000ca000000| PB 0x00000000ca000000| Complete
[3.334s][trace][gc,heap,region] GC(10) |  43|0x00000000cb000000, 0x00000000cc000000, 0x00000000cc000000|100%| E|CS|TAMS 0x00000000cb000000| PB 0x00000000cb000000| Complete
[3.334s][trace][gc,heap,region] GC(10) |  44|0x00000000cc000000, 0x00000000cd000000, 0x00000000cd000000|100%| E|CS|TAMS 0x00000000cc000000| PB 0x00000000cc000000| Complete
[3.334s][trace][gc,heap,region] GC(10) |  45|0x00000000cd000000, 0x00000000ce000000, 0x00000000ce000000|100%| E|CS|TAMS 0x00000000cd000000| PB 0x00000000cd000000| Complete
[3.334s][trace][gc,heap,region] GC(10) |  46|0x00000000ce000000, 0x00000000cf000000, 0x00000000cf000000|100%| E|CS|TAMS 0x00000000ce000000| PB 0x00000000ce000000| Complete
[3.334s][trace][gc,heap,region] GC(10) |  47|0x00000000cf000000, 0x00000000d0000000, 0x00000000d0000000|100%| E|CS|TAMS 0x00000000cf000000| PB 0x00000000cf000000| Complete
[3.334s][trace][gc,heap,region] GC(10) |  48|0x00000000d0000000, 0x00000000d1000000, 0x00000000d1000000|100%| E|CS|TAMS 0x00000000d0000000| PB 0x00000000d0000000| Complete
[3.334s][trace][gc,heap,region] GC(10) |  49|0x00000000d1000000, 0x00000000d2000000, 0x00000000d2000000|100%| E|CS|TAMS 0x00000000d1000000| PB 0x00000000d1000000| Complete
[3.334s][trace][gc,heap,region] GC(10) |  50|0x00000000d2000000, 0x00000000d3000000, 0x00000000d3000000|100%| E|CS|TAMS 0x00000000d2000000| PB 0x00000000d2000000| Complete
[3.334s][trace][gc,heap,region] GC(10) |  51|0x00000000d3000000, 0x00000000d4000000, 0x00000000d4000000|100%| E|CS|TAMS 0x00000000d3000000| PB 0x00000000d3000000| Complete
[3.334s][trace][gc,heap,region] GC(10) |  52|0x00000000d4000000, 0x00000000d5000000, 0x00000000d5000000|100%| E|CS|TAMS 0x00000000d4000000| PB 0x00000000d4000000| Complete
[3.334s][trace][gc,heap,region] GC(10) |  53|0x00000000d5000000, 0x00000000d6000000, 0x00000000d6000000|100%| E|CS|TAMS 0x00000000d5000000| PB 0x00000000d5000000| Complete
[3.334s][trace][gc,heap,region] GC(10) |  54|0x00000000d6000000, 0x00000000d7000000, 0x00000000d7000000|100%| E|CS|TAMS 0x00000000d6000000| PB 0x00000000d6000000| Complete
[3.334s][trace][gc,heap,region] GC(10) |  55|0x00000000d7000000, 0x00000000d8000000, 0x00000000d8000000|100%| E|CS|TAMS 0x00000000d7000000| PB 0x00000000d7000000| Complete
[3.334s][trace][gc,heap,region] GC(10) |  56|0x00000000d8000000, 0x00000000d9000000, 0x00000000d9000000|100%| E|CS|TAMS 0x00000000d8000000| PB 0x00000000d8000000| Complete
[3.334s][trace][gc,heap,region] GC(10) |  57|0x00000000d9000000, 0x00000000da000000, 0x00000000da000000|100%| E|CS|TAMS 0x00000000d9000000| PB 0x00000000d9000000| Complete
[3.334s][trace][gc,heap,region] GC(10) |  58|0x00000000da000000, 0x00000000db000000, 0x00000000db000000|100%| E|CS|TAMS 0x00000000da000000| PB 0x00000000da000000| Complete
[3.334s][trace][gc,heap,region] GC(10) |  59|0x00000000db000000, 0x00000000dc000000, 0x00000000dc000000|100%| E|CS|TAMS 0x00000000db000000| PB 0x00000000db000000| Complete
[3.334s][trace][gc,heap,region] GC(10) |  60|0x00000000dc000000, 0x00000000dd000000, 0x00000000dd000000|100%| E|CS|TAMS 0x00000000dc000000| PB 0x00000000dc000000| Complete
[3.334s][trace][gc,heap,region] GC(10) |  61|0x00000000dd000000, 0x00000000de000000, 0x00000000de000000|100%| E|CS|TAMS 0x00000000dd000000| PB 0x00000000dd000000| Complete
[3.334s][trace][gc,heap,region] GC(10) |  62|0x00000000de000000, 0x00000000df000000, 0x00000000df000000|100%| E|CS|TAMS 0x00000000de000000| PB 0x00000000de000000| Complete
[3.334s][trace][gc,heap,region] GC(10) |  63|0x00000000df000000, 0x00000000e0000000, 0x00000000e0000000|100%| E|CS|TAMS 0x00000000df000000| PB 0x00000000df000000| Complete
[3.339s][trace][gc,heap,region] GC(10) Heap Regions: E=young(eden), S=young(survivor), O=old, HS=humongous(starts), HC=humongous(continues), CS=collection set, F=free, TAMS=top-at-mark-start, PB=parsable bottom
[3.339s][trace][gc,heap,region] GC(10) |   0|0x00000000a0000000, 0x00000000a0000000, 0x00000000a1000000|  0%| F|  |TAMS 0x00000000a0000000| PB 0x00000000a0000000| Untracked
[3.339s][trace][gc,heap,region] GC(10) |   1|0x00000000a1000000, 0x00000000a1000000, 0x00000000a2000000|  0%| F|  |TAMS 0x00000000a1000000| PB 0x00000000a1000000| Untracked
[3.339s][trace][gc,heap,region] GC(10) |   2|0x00000000a2000000, 0x00000000a2000000, 0x00000000a3000000|  0%| F|  |TAMS 0x00000000a2000000| PB 0x00000000a2000000| Untracked
[3.339s][trace][gc,heap,region] GC(10) |   3|0x00000000a3000000, 0x00000000a39c7038, 0x00000000a4000000| 61%| O|  |TAMS 0x00000000a3000000| PB 0x00000000a3000000| Untracked
[3.339s][trace][gc,heap,region] GC(10) |   4|0x00000000a4000000, 0x00000000a4000000, 0x00000000a5000000|  0%| F|  |TAMS 0x00000000a4000000| PB 0x00000000a4000000| Untracked
[3.339s][trace][gc,heap,region] GC(10) |   5|0x00000000a5000000, 0x00000000a5000000, 0x00000000a6000000|  0%| F|  |TAMS 0x00000000a5000000| PB 0x00000000a5000000| Untracked
[3.339s][trace][gc,heap,region] GC(10) |   6|0x00000000a6000000, 0x00000000a6000000, 0x00000000a7000000|  0%| F|  |TAMS 0x00000000a6000000| PB 0x00000000a6000000| Untracked
[3.339s][trace][gc,heap,region] GC(10) |   7|0x00000000a7000000, 0x00000000a7000000, 0x00000000a8000000|  0%| F|  |TAMS 0x00000000a7000000| PB 0x00000000a7000000| Untracked
[3.339s][trace][gc,heap,region] GC(10) |   8|0x00000000a8000000, 0x00000000a8000000, 0x00000000a9000000|  0%| F|  |TAMS 0x00000000a8000000| PB 0x00000000a8000000| Untracked
[3.339s][trace][gc,heap,region] GC(10) |   9|0x00000000a9000000, 0x00000000a9000000, 0x00000000aa000000|  0%| F|  |TAMS 0x00000000a9000000| PB 0x00000000a9000000| Untracked
[3.339s][trace][gc,heap,region] GC(10) |  10|0x00000000aa000000, 0x00000000aa000000, 0x00000000ab000000|  0%| F|  |TAMS 0x00000000aa000000| PB 0x00000000aa000000| Untracked
[3.339s][trace][gc,heap,region] GC(10) |  11|0x00000000ab000000, 0x00000000ab000000, 0x00000000ac000000|  0%| F|  |TAMS 0x00000000ab000000| PB 0x00000000ab000000| Untracked
[3.339s][trace][gc,heap,region] GC(10) |  12|0x00000000ac000000, 0x00000000ac000000, 0x00000000ad000000|  0%| F|  |TAMS 0x00000000ac000000| PB 0x00000000ac000000| Untracked
[3.339s][trace][gc,heap,region] GC(10) |  13|0x00000000ad000000, 0x00000000ad000000, 0x00000000ae000000|  0%| F|  |TAMS 0x00000000ad000000| PB 0x00000000ad000000| Untracked
[3.339s][trace][gc,heap,region] GC(10) |  14|0x00000000ae000000, 0x00000000ae000000, 0x00000000af000000|  0%| F|  |TAMS 0x00000000ae000000| PB 0x00000000ae000000| Untracked
[3.339s][trace][gc,heap,region] GC(10) |  15|0x00000000af000000, 0x00000000af000000, 0x00000000b0000000|  0%| F|  |TAMS 0x00000000af000000| PB 0x00000000af000000| Untracked
[3.339s][trace][gc,heap,region] GC(10) |  16|0x00000000b0000000, 0x00000000b0000000, 0x00000000b1000000|  0%| F|  |TAMS 0x00000000b0000000| PB 0x00000000b0000000| Untracked
[3.339s][trace][gc,heap,region] GC(10) |  17|0x00000000b1000000, 0x00000000b1000000, 0x00000000b2000000|  0%| F|  |TAMS 0x00000000b1000000| PB 0x00000000b1000000| Untracked
[3.339s][trace][gc,heap,region] GC(10) |  18|0x00000000b2000000, 0x00000000b2000000, 0x00000000b3000000|  0%| F|  |TAMS 0x00000000b2000000| PB 0x00000000b2000000| Untracked
[3.339s][trace][gc,heap,region] GC(10) |  19|0x00000000b3000000, 0x00000000b3000000, 0x00000000b4000000|  0%| F|  |TAMS 0x00000000b3000000| PB 0x00000000b3000000| Untracked
[3.339s][trace][gc,heap,region] GC(10) |  20|0x00000000b4000000, 0x00000000b4000000, 0x00000000b5000000|  0%| F|  |TAMS 0x00000000b4000000| PB 0x00000000b4000000| Untracked
[3.339s][trace][gc,heap,region] GC(10) |  21|0x00000000b5000000, 0x00000000b5000000, 0x00000000b6000000|  0%| F|  |TAMS 0x00000000b5000000| PB 0x00000000b5000000| Untracked
[3.339s][trace][gc,heap,region] GC(10) |  22|0x00000000b6000000, 0x00000000b6000000, 0x00000000b7000000|  0%| F|  |TAMS 0x00000000b6000000| PB 0x00000000b6000000| Untracked
[3.339s][trace][gc,heap,region] GC(10) |  23|0x00000000b7000000, 0x00000000b7000000, 0x00000000b8000000|  0%| F|  |TAMS 0x00000000b7000000| PB 0x00000000b7000000| Untracked
[3.339s][trace][gc,heap,region] GC(10) |  24|0x00000000b8000000, 0x00000000b8000000, 0x00000000b9000000|  0%| F|  |TAMS 0x00000000b8000000| PB 0x00000000b8000000| Untracked
[3.339s][trace][gc,heap,region] GC(10) |  25|0x00000000b9000000, 0x00000000b9931380, 0x00000000ba000000| 57%| S|CS|TAMS 0x00000000b9000000| PB 0x00000000b9000000| Complete
[3.339s][trace][gc,heap,region] GC(10) |  26|0x00000000ba000000, 0x00000000ba000000, 0x00000000bb000000|  0%| F|  |TAMS 0x00000000ba000000| PB 0x00000000ba000000| Untracked
[3.339s][trace][gc,heap,region] GC(10) |  27|0x00000000bb000000, 0x00000000bb000000, 0x00000000bc000000|  0%| F|  |TAMS 0x00000000bb000000| PB 0x00000000bb000000| Untracked
[3.339s][trace][gc,heap,region] GC(10) |  28|0x00000000bc000000, 0x00000000bc000000, 0x00000000bd000000|  0%| F|  |TAMS 0x00000000bc000000| PB 0x00000000bc000000| Untracked
[3.339s][trace][gc,heap,region] GC(10) |  29|0x00000000bd000000, 0x00000000bd000000, 0x00000000be000000|  0%| F|  |TAMS 0x00000000bd000000| PB 0x00000000bd000000| Untracked
[3.339s][trace][gc,heap,region] GC(10) |  30|0x00000000be000000, 0x00000000be000000, 0x00000000bf000000|  0%| F|  |TAMS 0x00000000be000000| PB 0x00000000be000000| Untracked
[3.339s][trace][gc,heap,region] GC(10) |  31|0x00000000bf000000, 0x00000000bf000000, 0x00000000c0000000|  0%| F|  |TAMS 0x00000000bf000000| PB 0x00000000bf000000| Untracked
[3.339s][trace][gc,heap,region] GC(10) |  32|0x00000000c0000000, 0x00000000c0000000, 0x00000000c1000000|  0%| F|  |TAMS 0x00000000c0000000| PB 0x00000000c0000000| Untracked
[3.339s][trace][gc,heap,region] GC(10) |  33|0x00000000c1000000, 0x00000000c1000000, 0x00000000c2000000|  0%| F|  |TAMS 0x00000000c1000000| PB 0x00000000c1000000| Untracked
[3.339s][trace][gc,heap,region] GC(10) |  34|0x00000000c2000000, 0x00000000c2000000, 0x00000000c3000000|  0%| F|  |TAMS 0x00000000c2000000| PB 0x00000000c2000000| Untracked
[3.339s][trace][gc,heap,region] GC(10) |  35|0x00000000c3000000, 0x00000000c3000000, 0x00000000c4000000|  0%| F|  |TAMS 0x00000000c3000000| PB 0x00000000c3000000| Untracked
[3.339s][trace][gc,heap,region] GC(10) |  36|0x00000000c4000000, 0x00000000c4000000, 0x00000000c5000000|  0%| F|  |TAMS 0x00000000c4000000| PB 0x00000000c4000000| Untracked
[3.339s][trace][gc,heap,region] GC(10) |  37|0x00000000c5000000, 0x00000000c5000000, 0x00000000c6000000|  0%| F|  |TAMS 0x00000000c5000000| PB 0x00000000c5000000| Untracked
[3.339s][trace][gc,heap,region] GC(10) |  38|0x00000000c6000000, 0x00000000c6000000, 0x00000000c7000000|  0%| F|  |TAMS 0x00000000c6000000| PB 0x00000000c6000000| Untracked
[3.339s][trace][gc,heap,region] GC(10) |  39|0x00000000c7000000, 0x00000000c7000000, 0x00000000c8000000|  0%| F|  |TAMS 0x00000000c7000000| PB 0x00000000c7000000| Untracked
[3.339s][trace][gc,heap,region] GC(10) |  40|0x00000000c8000000, 0x00000000c8000000, 0x00000000c9000000|  0%| F|  |TAMS 0x00000000c8000000| PB 0x00000000c8000000| Untracked
[3.339s][trace][gc,heap,region] GC(10) |  41|0x00000000c9000000, 0x00000000c9000000, 0x00000000ca000000|  0%| F|  |TAMS 0x00000000c9000000| PB 0x00000000c9000000| Untracked
[3.339s][trace][gc,heap,region] GC(10) |  42|0x00000000ca000000, 0x00000000ca000000, 0x00000000cb000000|  0%| F|  |TAMS 0x00000000ca000000| PB 0x00000000ca000000| Untracked
[3.339s][trace][gc,heap,region] GC(10) |  43|0x00000000cb000000, 0x00000000cb000000, 0x00000000cc000000|  0%| F|  |TAMS 0x00000000cb000000| PB 0x00000000cb000000| Untracked
[3.339s][trace][gc,heap,region] GC(10) |  44|0x00000000cc000000, 0x00000000cc000000, 0x00000000cd000000|  0%| F|  |TAMS 0x00000000cc000000| PB 0x00000000cc000000| Untracked
[3.339s][trace][gc,heap,region] GC(10) |  45|0x00000000cd000000, 0x00000000cd000000, 0x00000000ce000000|  0%| F|  |TAMS 0x00000000cd000000| PB 0x00000000cd000000| Untracked
[3.339s][trace][gc,heap,region] GC(10) |  46|0x00000000ce000000, 0x00000000ce000000, 0x00000000cf000000|  0%| F|  |TAMS 0x00000000ce000000| PB 0x00000000ce000000| Untracked
[3.339s][trace][gc,heap,region] GC(10) |  47|0x00000000cf000000, 0x00000000cf000000, 0x00000000d0000000|  0%| F|  |TAMS 0x00000000cf000000| PB 0x00000000cf000000| Untracked
[3.339s][trace][gc,heap,region] GC(10) |  48|0x00000000d0000000, 0x00000000d0000000, 0x00000000d1000000|  0%| F|  |TAMS 0x00000000d0000000| PB 0x00000000d0000000| Untracked
[3.339s][trace][gc,heap,region] GC(10) |  49|0x00000000d1000000, 0x00000000d1000000, 0x00000000d2000000|  0%| F|  |TAMS 0x00000000d1000000| PB 0x00000000d1000000| Untracked
[3.339s][trace][gc,heap,region] GC(10) |  50|0x00000000d2000000, 0x00000000d2000000, 0x00000000d3000000|  0%| F|  |TAMS 0x00000000d2000000| PB 0x00000000d2000000| Untracked
[3.339s][trace][gc,heap,region] GC(10) |  51|0x00000000d3000000, 0x00000000d3000000, 0x00000000d4000000|  0%| F|  |TAMS 0x00000000d3000000| PB 0x00000000d3000000| Untracked
[3.339s][trace][gc,heap,region] GC(10) |  52|0x00000000d4000000, 0x00000000d4000000, 0x00000000d5000000|  0%| F|  |TAMS 0x00000000d4000000| PB 0x00000000d4000000| Untracked
[3.339s][trace][gc,heap,region] GC(10) |  53|0x00000000d5000000, 0x00000000d5000000, 0x00000000d6000000|  0%| F|  |TAMS 0x00000000d5000000| PB 0x00000000d5000000| Untracked
[3.339s][trace][gc,heap,region] GC(10) |  54|0x00000000d6000000, 0x00000000d6000000, 0x00000000d7000000|  0%| F|  |TAMS 0x00000000d6000000| PB 0x00000000d6000000| Untracked
[3.339s][trace][gc,heap,region] GC(10) |  55|0x00000000d7000000, 0x00000000d7000000, 0x00000000d8000000|  0%| F|  |TAMS 0x00000000d7000000| PB 0x00000000d7000000| Untracked
[3.339s][trace][gc,heap,region] GC(10) |  56|0x00000000d8000000, 0x00000000d8000000, 0x00000000d9000000|  0%| F|  |TAMS 0x00000000d8000000| PB 0x00000000d8000000| Untracked
[3.339s][trace][gc,heap,region] GC(10) |  57|0x00000000d9000000, 0x00000000d9000000, 0x00000000da000000|  0%| F|  |TAMS 0x00000000d9000000| PB 0x00000000d9000000| Untracked
[3.339s][trace][gc,heap,region] GC(10) |  58|0x00000000da000000, 0x00000000da000000, 0x00000000db000000|  0%| F|  |TAMS 0x00000000da000000| PB 0x00000000da000000| Untracked
[3.339s][trace][gc,heap,region] GC(10) |  59|0x00000000db000000, 0x00000000db000000, 0x00000000dc000000|  0%| F|  |TAMS 0x00000000db000000| PB 0x00000000db000000| Untracked
[3.339s][trace][gc,heap,region] GC(10) |  60|0x00000000dc000000, 0x00000000dc000000, 0x00000000dd000000|  0%| F|  |TAMS 0x00000000dc000000| PB 0x00000000dc000000| Untracked
[3.339s][trace][gc,heap,region] GC(10) |  61|0x00000000dd000000, 0x00000000dd000000, 0x00000000de000000|  0%| F|  |TAMS 0x00000000dd000000| PB 0x00000000dd000000| Untracked
[3.339s][trace][gc,heap,region] GC(10) |  62|0x00000000de000000, 0x00000000de000000, 0x00000000df000000|  0%| F|  |TAMS 0x00000000de000000| PB 0x00000000de000000| Untracked
[3.339s][trace][gc,heap,region] GC(10) |  63|0x00000000df000000, 0x00000000df000000, 0x00000000e0000000|  0%| F|  |TAMS 0x00000000df000000| PB 0x00000000df000000| Untracked
[3.968s][trace][gc,heap,region] GC(11) Heap Regions: E=young(eden), S=young(survivor), O=old, HS=humongous(starts), HC=humongous(continues), CS=collection set, F=free, TAMS=top-at-mark-start, PB=parsable bottom
[3.968s][trace][gc,heap,region] GC(11) |   0|0x00000000a0000000, 0x00000000a0000000, 0x00000000a1000000|  0%| F|  |TAMS 0x00000000a0000000| PB 0x00000000a0000000| Untracked
[3.968s][trace][gc,heap,region] GC(11) |   1|0x00000000a1000000, 0x00000000a1000000, 0x00000000a2000000|  0%| F|  |TAMS 0x00000000a1000000| PB 0x00000000a1000000| Untracked
[3.968s][trace][gc,heap,region] GC(11) |   2|0x00000000a2000000, 0x00000000a2000000, 0x00000000a3000000|  0%| F|  |TAMS 0x00000000a2000000| PB 0x00000000a2000000| Untracked
[3.968s][trace][gc,heap,region] GC(11) |   3|0x00000000a3000000, 0x00000000a39c7038, 0x00000000a4000000| 61%| O|  |TAMS 0x00000000a3000000| PB 0x00000000a3000000| Untracked
[3.968s][trace][gc,heap,region] GC(11) |   4|0x00000000a4000000, 0x00000000a4000000, 0x00000000a5000000|  0%| F|  |TAMS 0x00000000a4000000| PB 0x00000000a4000000| Untracked
[3.968s][trace][gc,heap,region] GC(11) |   5|0x00000000a5000000, 0x00000000a5000000, 0x00000000a6000000|  0%| F|  |TAMS 0x00000000a5000000| PB 0x00000000a5000000| Untracked
[3.968s][trace][gc,heap,region] GC(11) |   6|0x00000000a6000000, 0x00000000a6000000, 0x00000000a7000000|  0%| F|  |TAMS 0x00000000a6000000| PB 0x00000000a6000000| Untracked
[3.968s][trace][gc,heap,region] GC(11) |   7|0x00000000a7000000, 0x00000000a7000000, 0x00000000a8000000|  0%| F|  |TAMS 0x00000000a7000000| PB 0x00000000a7000000| Untracked
[3.968s][trace][gc,heap,region] GC(11) |   8|0x00000000a8000000, 0x00000000a8000000, 0x00000000a9000000|  0%| F|  |TAMS 0x00000000a8000000| PB 0x00000000a8000000| Untracked
[3.968s][trace][gc,heap,region] GC(11) |   9|0x00000000a9000000, 0x00000000a9000000, 0x00000000aa000000|  0%| F|  |TAMS 0x00000000a9000000| PB 0x00000000a9000000| Untracked
[3.968s][trace][gc,heap,region] GC(11) |  10|0x00000000aa000000, 0x00000000aa000000, 0x00000000ab000000|  0%| F|  |TAMS 0x00000000aa000000| PB 0x00000000aa000000| Untracked
[3.968s][trace][gc,heap,region] GC(11) |  11|0x00000000ab000000, 0x00000000ab000000, 0x00000000ac000000|  0%| F|  |TAMS 0x00000000ab000000| PB 0x00000000ab000000| Untracked
[3.968s][trace][gc,heap,region] GC(11) |  12|0x00000000ac000000, 0x00000000ac000000, 0x00000000ad000000|  0%| F|  |TAMS 0x00000000ac000000| PB 0x00000000ac000000| Untracked
[3.968s][trace][gc,heap,region] GC(11) |  13|0x00000000ad000000, 0x00000000ad000000, 0x00000000ae000000|  0%| F|  |TAMS 0x00000000ad000000| PB 0x00000000ad000000| Untracked
[3.968s][trace][gc,heap,region] GC(11) |  14|0x00000000ae000000, 0x00000000ae000000, 0x00000000af000000|  0%| F|  |TAMS 0x00000000ae000000| PB 0x00000000ae000000| Untracked
[3.968s][trace][gc,heap,region] GC(11) |  15|0x00000000af000000, 0x00000000af000000, 0x00000000b0000000|  0%| F|  |TAMS 0x00000000af000000| PB 0x00000000af000000| Untracked
[3.968s][trace][gc,heap,region] GC(11) |  16|0x00000000b0000000, 0x00000000b0000000, 0x00000000b1000000|  0%| F|  |TAMS 0x00000000b0000000| PB 0x00000000b0000000| Untracked
[3.968s][trace][gc,heap,region] GC(11) |  17|0x00000000b1000000, 0x00000000b1000000, 0x00000000b2000000|  0%| F|  |TAMS 0x00000000b1000000| PB 0x00000000b1000000| Untracked
[3.968s][trace][gc,heap,region] GC(11) |  18|0x00000000b2000000, 0x00000000b2000000, 0x00000000b3000000|  0%| F|  |TAMS 0x00000000b2000000| PB 0x00000000b2000000| Untracked
[3.968s][trace][gc,heap,region] GC(11) |  19|0x00000000b3000000, 0x00000000b3000000, 0x00000000b4000000|  0%| F|  |TAMS 0x00000000b3000000| PB 0x00000000b3000000| Untracked
[3.968s][trace][gc,heap,region] GC(11) |  20|0x00000000b4000000, 0x00000000b4000000, 0x00000000b5000000|  0%| F|  |TAMS 0x00000000b4000000| PB 0x00000000b4000000| Untracked
[3.968s][trace][gc,heap,region] GC(11) |  21|0x00000000b5000000, 0x00000000b5000000, 0x00000000b6000000|  0%| F|  |TAMS 0x00000000b5000000| PB 0x00000000b5000000| Untracked
[3.968s][trace][gc,heap,region] GC(11) |  22|0x00000000b6000000, 0x00000000b6000000, 0x00000000b7000000|  0%| F|  |TAMS 0x00000000b6000000| PB 0x00000000b6000000| Untracked
[3.968s][trace][gc,heap,region] GC(11) |  23|0x00000000b7000000, 0x00000000b7000000, 0x00000000b8000000|  0%| F|  |TAMS 0x00000000b7000000| PB 0x00000000b7000000| Untracked
[3.968s][trace][gc,heap,region] GC(11) |  24|0x00000000b8000000, 0x00000000b8000000, 0x00000000b9000000|  0%| F|  |TAMS 0x00000000b8000000| PB 0x00000000b8000000| Untracked
[3.968s][trace][gc,heap,region] GC(11) |  25|0x00000000b9000000, 0x00000000b9931380, 0x00000000ba000000| 57%| S|CS|TAMS 0x00000000b9000000| PB 0x00000000b9000000| Complete
[3.968s][trace][gc,heap,region] GC(11) |  26|0x00000000ba000000, 0x00000000ba000000, 0x00000000bb000000|  0%| F|  |TAMS 0x00000000ba000000| PB 0x00000000ba000000| Untracked
[3.968s][trace][gc,heap,region] GC(11) |  27|0x00000000bb000000, 0x00000000bc000000, 0x00000000bc000000|100%| E|CS|TAMS 0x00000000bb000000| PB 0x00000000bb000000| Complete
[3.968s][trace][gc,heap,region] GC(11) |  28|0x00000000bc000000, 0x00000000bd000000, 0x00000000bd000000|100%| E|CS|TAMS 0x00000000bc000000| PB 0x00000000bc000000| Complete
[3.968s][trace][gc,heap,region] GC(11) |  29|0x00000000bd000000, 0x00000000be000000, 0x00000000be000000|100%| E|CS|TAMS 0x00000000bd000000| PB 0x00000000bd000000| Complete
[3.968s][trace][gc,heap,region] GC(11) |  30|0x00000000be000000, 0x00000000bf000000, 0x00000000bf000000|100%| E|CS|TAMS 0x00000000be000000| PB 0x00000000be000000| Complete
[3.968s][trace][gc,heap,region] GC(11) |  31|0x00000000bf000000, 0x00000000c0000000, 0x00000000c0000000|100%| E|CS|TAMS 0x00000000bf000000| PB 0x00000000bf000000| Complete
[3.968s][trace][gc,heap,region] GC(11) |  32|0x00000000c0000000, 0x00000000c1000000, 0x00000000c1000000|100%| E|CS|TAMS 0x00000000c0000000| PB 0x00000000c0000000| Complete
[3.968s][trace][gc,heap,region] GC(11) |  33|0x00000000c1000000, 0x00000000c2000000, 0x00000000c2000000|100%| E|CS|TAMS 0x00000000c1000000| PB 0x00000000c1000000| Complete
[3.968s][trace][gc,heap,region] GC(11) |  34|0x00000000c2000000, 0x00000000c3000000, 0x00000000c3000000|100%| E|CS|TAMS 0x00000000c2000000| PB 0x00000000c2000000| Complete
[3.968s][trace][gc,heap,region] GC(11) |  35|0x00000000c3000000, 0x00000000c4000000, 0x00000000c4000000|100%| E|CS|TAMS 0x00000000c3000000| PB 0x00000000c3000000| Complete
[3.968s][trace][gc,heap,region] GC(11) |  36|0x00000000c4000000, 0x00000000c5000000, 0x00000000c5000000|100%| E|CS|TAMS 0x00000000c4000000| PB 0x00000000c4000000| Complete
[3.968s][trace][gc,heap,region] GC(11) |  37|0x00000000c5000000, 0x00000000c6000000, 0x00000000c6000000|100%| E|CS|TAMS 0x00000000c5000000| PB 0x00000000c5000000| Complete
[3.968s][trace][gc,heap,region] GC(11) |  38|0x00000000c6000000, 0x00000000c7000000, 0x00000000c7000000|100%| E|CS|TAMS 0x00000000c6000000| PB 0x00000000c6000000| Complete
[3.968s][trace][gc,heap,region] GC(11) |  39|0x00000000c7000000, 0x00000000c8000000, 0x00000000c8000000|100%| E|CS|TAMS 0x00000000c7000000| PB 0x00000000c7000000| Complete
[3.968s][trace][gc,heap,region] GC(11) |  40|0x00000000c8000000, 0x00000000c9000000, 0x00000000c9000000|100%| E|CS|TAMS 0x00000000c8000000| PB 0x00000000c8000000| Complete
[3.968s][trace][gc,heap,region] GC(11) |  41|0x00000000c9000000, 0x00000000ca000000, 0x00000000ca000000|100%| E|CS|TAMS 0x00000000c9000000| PB 0x00000000c9000000| Complete
[3.968s][trace][gc,heap,region] GC(11) |  42|0x00000000ca000000, 0x00000000cb000000, 0x00000000cb000000|100%| E|CS|TAMS 0x00000000ca000000| PB 0x00000000ca000000| Complete
[3.968s][trace][gc,heap,region] GC(11) |  43|0x00000000cb000000, 0x00000000cc000000, 0x00000000cc000000|100%| E|CS|TAMS 0x00000000cb000000| PB 0x00000000cb000000| Complete
[3.968s][trace][gc,heap,region] GC(11) |  44|0x00000000cc000000, 0x00000000cd000000, 0x00000000cd000000|100%| E|CS|TAMS 0x00000000cc000000| PB 0x00000000cc000000| Complete
[3.968s][trace][gc,heap,region] GC(11) |  45|0x00000000cd000000, 0x00000000ce000000, 0x00000000ce000000|100%| E|CS|TAMS 0x00000000cd000000| PB 0x00000000cd000000| Complete
[3.968s][trace][gc,heap,region] GC(11) |  46|0x00000000ce000000, 0x00000000cf000000, 0x00000000cf000000|100%| E|CS|TAMS 0x00000000ce000000| PB 0x00000000ce000000| Complete
[3.968s][trace][gc,heap,region] GC(11) |  47|0x00000000cf000000, 0x00000000d0000000, 0x00000000d0000000|100%| E|CS|TAMS 0x00000000cf000000| PB 0x00000000cf000000| Complete
[3.968s][trace][gc,heap,region] GC(11) |  48|0x00000000d0000000, 0x00000000d1000000, 0x00000000d1000000|100%| E|CS|TAMS 0x00000000d0000000| PB 0x00000000d0000000| Complete
[3.968s][trace][gc,heap,region] GC(11) |  49|0x00000000d1000000, 0x00000000d2000000, 0x00000000d2000000|100%| E|CS|TAMS 0x00000000d1000000| PB 0x00000000d1000000| Complete
[3.968s][trace][gc,heap,region] GC(11) |  50|0x00000000d2000000, 0x00000000d3000000, 0x00000000d3000000|100%| E|CS|TAMS 0x00000000d2000000| PB 0x00000000d2000000| Complete
[3.968s][trace][gc,heap,region] GC(11) |  51|0x00000000d3000000, 0x00000000d4000000, 0x00000000d4000000|100%| E|CS|TAMS 0x00000000d3000000| PB 0x00000000d3000000| Complete
[3.968s][trace][gc,heap,region] GC(11) |  52|0x00000000d4000000, 0x00000000d5000000, 0x00000000d5000000|100%| E|CS|TAMS 0x00000000d4000000| PB 0x00000000d4000000| Complete
[3.968s][trace][gc,heap,region] GC(11) |  53|0x00000000d5000000, 0x00000000d6000000, 0x00000000d6000000|100%| E|CS|TAMS 0x00000000d5000000| PB 0x00000000d5000000| Complete
[3.968s][trace][gc,heap,region] GC(11) |  54|0x00000000d6000000, 0x00000000d7000000, 0x00000000d7000000|100%| E|CS|TAMS 0x00000000d6000000| PB 0x00000000d6000000| Complete
[3.968s][trace][gc,heap,region] GC(11) |  55|0x00000000d7000000, 0x00000000d8000000, 0x00000000d8000000|100%| E|CS|TAMS 0x00000000d7000000| PB 0x00000000d7000000| Complete
[3.968s][trace][gc,heap,region] GC(11) |  56|0x00000000d8000000, 0x00000000d9000000, 0x00000000d9000000|100%| E|CS|TAMS 0x00000000d8000000| PB 0x00000000d8000000| Complete
[3.968s][trace][gc,heap,region] GC(11) |  57|0x00000000d9000000, 0x00000000da000000, 0x00000000da000000|100%| E|CS|TAMS 0x00000000d9000000| PB 0x00000000d9000000| Complete
[3.968s][trace][gc,heap,region] GC(11) |  58|0x00000000da000000, 0x00000000db000000, 0x00000000db000000|100%| E|CS|TAMS 0x00000000da000000| PB 0x00000000da000000| Complete
[3.968s][trace][gc,heap,region] GC(11) |  59|0x00000000db000000, 0x00000000dc000000, 0x00000000dc000000|100%| E|CS|TAMS 0x00000000db000000| PB 0x00000000db000000| Complete
[3.968s][trace][gc,heap,region] GC(11) |  60|0x00000000dc000000, 0x00000000dd000000, 0x00000000dd000000|100%| E|CS|TAMS 0x00000000dc000000| PB 0x00000000dc000000| Complete
[3.968s][trace][gc,heap,region] GC(11) |  61|0x00000000dd000000, 0x00000000de000000, 0x00000000de000000|100%| E|CS|TAMS 0x00000000dd000000| PB 0x00000000dd000000| Complete
[3.968s][trace][gc,heap,region] GC(11) |  62|0x00000000de000000, 0x00000000df000000, 0x00000000df000000|100%| E|CS|TAMS 0x00000000de000000| PB 0x00000000de000000| Complete
[3.968s][trace][gc,heap,region] GC(11) |  63|0x00000000df000000, 0x00000000e0000000, 0x00000000e0000000|100%| E|CS|TAMS 0x00000000df000000| PB 0x00000000df000000| Complete
[3.973s][trace][gc,heap,region] GC(11) Heap Regions: E=young(eden), S=young(survivor), O=old, HS=humongous(starts), HC=humongous(continues), CS=collection set, F=free, TAMS=top-at-mark-start, PB=parsable bottom
[3.973s][trace][gc,heap,region] GC(11) |   0|0x00000000a0000000, 0x00000000a0000000, 0x00000000a1000000|  0%| F|  |TAMS 0x00000000a0000000| PB 0x00000000a0000000| Untracked
[3.973s][trace][gc,heap,region] GC(11) |   1|0x00000000a1000000, 0x00000000a1000000, 0x00000000a2000000|  0%| F|  |TAMS 0x00000000a1000000| PB 0x00000000a1000000| Untracked
[3.973s][trace][gc,heap,region] GC(11) |   2|0x00000000a2000000, 0x00000000a2000000, 0x00000000a3000000|  0%| F|  |TAMS 0x00000000a2000000| PB 0x00000000a2000000| Untracked
[3.973s][trace][gc,heap,region] GC(11) |   3|0x00000000a3000000, 0x00000000a39c7038, 0x00000000a4000000| 61%| O|  |TAMS 0x00000000a3000000| PB 0x00000000a3000000| Untracked
[3.973s][trace][gc,heap,region] GC(11) |   4|0x00000000a4000000, 0x00000000a4000000, 0x00000000a5000000|  0%| F|  |TAMS 0x00000000a4000000| PB 0x00000000a4000000| Untracked
[3.973s][trace][gc,heap,region] GC(11) |   5|0x00000000a5000000, 0x00000000a5000000, 0x00000000a6000000|  0%| F|  |TAMS 0x00000000a5000000| PB 0x00000000a5000000| Untracked
[3.973s][trace][gc,heap,region] GC(11) |   6|0x00000000a6000000, 0x00000000a6000000, 0x00000000a7000000|  0%| F|  |TAMS 0x00000000a6000000| PB 0x00000000a6000000| Untracked
[3.973s][trace][gc,heap,region] GC(11) |   7|0x00000000a7000000, 0x00000000a7000000, 0x00000000a8000000|  0%| F|  |TAMS 0x00000000a7000000| PB 0x00000000a7000000| Untracked
[3.973s][trace][gc,heap,region] GC(11) |   8|0x00000000a8000000, 0x00000000a8000000, 0x00000000a9000000|  0%| F|  |TAMS 0x00000000a8000000| PB 0x00000000a8000000| Untracked
[3.973s][trace][gc,heap,region] GC(11) |   9|0x00000000a9000000, 0x00000000a9000000, 0x00000000aa000000|  0%| F|  |TAMS 0x00000000a9000000| PB 0x00000000a9000000| Untracked
[3.973s][trace][gc,heap,region] GC(11) |  10|0x00000000aa000000, 0x00000000aa000000, 0x00000000ab000000|  0%| F|  |TAMS 0x00000000aa000000| PB 0x00000000aa000000| Untracked
[3.973s][trace][gc,heap,region] GC(11) |  11|0x00000000ab000000, 0x00000000ab000000, 0x00000000ac000000|  0%| F|  |TAMS 0x00000000ab000000| PB 0x00000000ab000000| Untracked
[3.973s][trace][gc,heap,region] GC(11) |  12|0x00000000ac000000, 0x00000000ac000000, 0x00000000ad000000|  0%| F|  |TAMS 0x00000000ac000000| PB 0x00000000ac000000| Untracked
[3.973s][trace][gc,heap,region] GC(11) |  13|0x00000000ad000000, 0x00000000ad000000, 0x00000000ae000000|  0%| F|  |TAMS 0x00000000ad000000| PB 0x00000000ad000000| Untracked
[3.973s][trace][gc,heap,region] GC(11) |  14|0x00000000ae000000, 0x00000000ae000000, 0x00000000af000000|  0%| F|  |TAMS 0x00000000ae000000| PB 0x00000000ae000000| Untracked
[3.973s][trace][gc,heap,region] GC(11) |  15|0x00000000af000000, 0x00000000af000000, 0x00000000b0000000|  0%| F|  |TAMS 0x00000000af000000| PB 0x00000000af000000| Untracked
[3.973s][trace][gc,heap,region] GC(11) |  16|0x00000000b0000000, 0x00000000b0000000, 0x00000000b1000000|  0%| F|  |TAMS 0x00000000b0000000| PB 0x00000000b0000000| Untracked
[3.973s][trace][gc,heap,region] GC(11) |  17|0x00000000b1000000, 0x00000000b1000000, 0x00000000b2000000|  0%| F|  |TAMS 0x00000000b1000000| PB 0x00000000b1000000| Untracked
[3.973s][trace][gc,heap,region] GC(11) |  18|0x00000000b2000000, 0x00000000b2000000, 0x00000000b3000000|  0%| F|  |TAMS 0x00000000b2000000| PB 0x00000000b2000000| Untracked
[3.973s][trace][gc,heap,region] GC(11) |  19|0x00000000b3000000, 0x00000000b3000000, 0x00000000b4000000|  0%| F|  |TAMS 0x00000000b3000000| PB 0x00000000b3000000| Untracked
[3.973s][trace][gc,heap,region] GC(11) |  20|0x00000000b4000000, 0x00000000b4000000, 0x00000000b5000000|  0%| F|  |TAMS 0x00000000b4000000| PB 0x00000000b4000000| Untracked
[3.973s][trace][gc,heap,region] GC(11) |  21|0x00000000b5000000, 0x00000000b5000000, 0x00000000b6000000|  0%| F|  |TAMS 0x00000000b5000000| PB 0x00000000b5000000| Untracked
[3.973s][trace][gc,heap,region] GC(11) |  22|0x00000000b6000000, 0x00000000b6000000, 0x00000000b7000000|  0%| F|  |TAMS 0x00000000b6000000| PB 0x00000000b6000000| Untracked
[3.973s][trace][gc,heap,region] GC(11) |  23|0x00000000b7000000, 0x00000000b7000000, 0x00000000b8000000|  0%| F|  |TAMS 0x00000000b7000000| PB 0x00000000b7000000| Untracked
[3.973s][trace][gc,heap,region] GC(11) |  24|0x00000000b8000000, 0x00000000b8000000, 0x00000000b9000000|  0%| F|  |TAMS 0x00000000b8000000| PB 0x00000000b8000000| Untracked
[3.973s][trace][gc,heap,region] GC(11) |  25|0x00000000b9000000, 0x00000000b9000000, 0x00000000ba000000|  0%| F|  |TAMS 0x00000000b9000000| PB 0x00000000b9000000| Untracked
[3.973s][trace][gc,heap,region] GC(11) |  26|0x00000000ba000000, 0x00000000ba986528, 0x00000000bb000000| 59%| S|CS|TAMS 0x00000000ba000000| PB 0x00000000ba000000| Complete
[3.973s][trace][gc,heap,region] GC(11) |  27|0x00000000bb000000, 0x00000000bb000000, 0x00000000bc000000|  0%| F|  |TAMS 0x00000000bb000000| PB 0x00000000bb000000| Untracked
[3.973s][trace][gc,heap,region] GC(11) |  28|0x00000000bc000000, 0x00000000bc000000, 0x00000000bd000000|  0%| F|  |TAMS 0x00000000bc000000| PB 0x00000000bc000000| Untracked
[3.973s][trace][gc,heap,region] GC(11) |  29|0x00000000bd000000, 0x00000000bd000000, 0x00000000be000000|  0%| F|  |TAMS 0x00000000bd000000| PB 0x00000000bd000000| Untracked
[3.973s][trace][gc,heap,region] GC(11) |  30|0x00000000be000000, 0x00000000be000000, 0x00000000bf000000|  0%| F|  |TAMS 0x00000000be000000| PB 0x00000000be000000| Untracked
[3.973s][trace][gc,heap,region] GC(11) |  31|0x00000000bf000000, 0x00000000bf000000, 0x00000000c0000000|  0%| F|  |TAMS 0x00000000bf000000| PB 0x00000000bf000000| Untracked
[3.973s][trace][gc,heap,region] GC(11) |  32|0x00000000c0000000, 0x00000000c0000000, 0x00000000c1000000|  0%| F|  |TAMS 0x00000000c0000000| PB 0x00000000c0000000| Untracked
[3.973s][trace][gc,heap,region] GC(11) |  33|0x00000000c1000000, 0x00000000c1000000, 0x00000000c2000000|  0%| F|  |TAMS 0x00000000c1000000| PB 0x00000000c1000000| Untracked
[3.973s][trace][gc,heap,region] GC(11) |  34|0x00000000c2000000, 0x00000000c2000000, 0x00000000c3000000|  0%| F|  |TAMS 0x00000000c2000000| PB 0x00000000c2000000| Untracked
[3.973s][trace][gc,heap,region] GC(11) |  35|0x00000000c3000000, 0x00000000c3000000, 0x00000000c4000000|  0%| F|  |TAMS 0x00000000c3000000| PB 0x00000000c3000000| Untracked
[3.973s][trace][gc,heap,region] GC(11) |  36|0x00000000c4000000, 0x00000000c4000000, 0x00000000c5000000|  0%| F|  |TAMS 0x00000000c4000000| PB 0x00000000c4000000| Untracked
[3.973s][trace][gc,heap,region] GC(11) |  37|0x00000000c5000000, 0x00000000c5000000, 0x00000000c6000000|  0%| F|  |TAMS 0x00000000c5000000| PB 0x00000000c5000000| Untracked
[3.973s][trace][gc,heap,region] GC(11) |  38|0x00000000c6000000, 0x00000000c6000000, 0x00000000c7000000|  0%| F|  |TAMS 0x00000000c6000000| PB 0x00000000c6000000| Untracked
[3.973s][trace][gc,heap,region] GC(11) |  39|0x00000000c7000000, 0x00000000c7000000, 0x00000000c8000000|  0%| F|  |TAMS 0x00000000c7000000| PB 0x00000000c7000000| Untracked
[3.973s][trace][gc,heap,region] GC(11) |  40|0x00000000c8000000, 0x00000000c8000000, 0x00000000c9000000|  0%| F|  |TAMS 0x00000000c8000000| PB 0x00000000c8000000| Untracked
[3.973s][trace][gc,heap,region] GC(11) |  41|0x00000000c9000000, 0x00000000c9000000, 0x00000000ca000000|  0%| F|  |TAMS 0x00000000c9000000| PB 0x00000000c9000000| Untracked
[3.973s][trace][gc,heap,region] GC(11) |  42|0x00000000ca000000, 0x00000000ca000000, 0x00000000cb000000|  0%| F|  |TAMS 0x00000000ca000000| PB 0x00000000ca000000| Untracked
[3.973s][trace][gc,heap,region] GC(11) |  43|0x00000000cb000000, 0x00000000cb000000, 0x00000000cc000000|  0%| F|  |TAMS 0x00000000cb000000| PB 0x00000000cb000000| Untracked
[3.973s][trace][gc,heap,region] GC(11) |  44|0x00000000cc000000, 0x00000000cc000000, 0x00000000cd000000|  0%| F|  |TAMS 0x00000000cc000000| PB 0x00000000cc000000| Untracked
[3.973s][trace][gc,heap,region] GC(11) |  45|0x00000000cd000000, 0x00000000cd000000, 0x00000000ce000000|  0%| F|  |TAMS 0x00000000cd000000| PB 0x00000000cd000000| Untracked
[3.973s][trace][gc,heap,region] GC(11) |  46|0x00000000ce000000, 0x00000000ce000000, 0x00000000cf000000|  0%| F|  |TAMS 0x00000000ce000000| PB 0x00000000ce000000| Untracked
[3.973s][trace][gc,heap,region] GC(11) |  47|0x00000000cf000000, 0x00000000cf000000, 0x00000000d0000000|  0%| F|  |TAMS 0x00000000cf000000| PB 0x00000000cf000000| Untracked
[3.973s][trace][gc,heap,region] GC(11) |  48|0x00000000d0000000, 0x00000000d0000000, 0x00000000d1000000|  0%| F|  |TAMS 0x00000000d0000000| PB 0x00000000d0000000| Untracked
[3.973s][trace][gc,heap,region] GC(11) |  49|0x00000000d1000000, 0x00000000d1000000, 0x00000000d2000000|  0%| F|  |TAMS 0x00000000d1000000| PB 0x00000000d1000000| Untracked
[3.973s][trace][gc,heap,region] GC(11) |  50|0x00000000d2000000, 0x00000000d2000000, 0x00000000d3000000|  0%| F|  |TAMS 0x00000000d2000000| PB 0x00000000d2000000| Untracked
[3.973s][trace][gc,heap,region] GC(11) |  51|0x00000000d3000000, 0x00000000d3000000, 0x00000000d4000000|  0%| F|  |TAMS 0x00000000d3000000| PB 0x00000000d3000000| Untracked
[3.973s][trace][gc,heap,region] GC(11) |  52|0x00000000d4000000, 0x00000000d4000000, 0x00000000d5000000|  0%| F|  |TAMS 0x00000000d4000000| PB 0x00000000d4000000| Untracked
[3.973s][trace][gc,heap,region] GC(11) |  53|0x00000000d5000000, 0x00000000d5000000, 0x00000000d6000000|  0%| F|  |TAMS 0x00000000d5000000| PB 0x00000000d5000000| Untracked
[3.973s][trace][gc,heap,region] GC(11) |  54|0x00000000d6000000, 0x00000000d6000000, 0x00000000d7000000|  0%| F|  |TAMS 0x00000000d6000000| PB 0x00000000d6000000| Untracked
[3.973s][trace][gc,heap,region] GC(11) |  55|0x00000000d7000000, 0x00000000d7000000, 0x00000000d8000000|  0%| F|  |TAMS 0x00000000d7000000| PB 0x00000000d7000000| Untracked
[3.973s][trace][gc,heap,region] GC(11) |  56|0x00000000d8000000, 0x00000000d8000000, 0x00000000d9000000|  0%| F|  |TAMS 0x00000000d8000000| PB 0x00000000d8000000| Untracked
[3.973s][trace][gc,heap,region] GC(11) |  57|0x00000000d9000000, 0x00000000d9000000, 0x00000000da000000|  0%| F|  |TAMS 0x00000000d9000000| PB 0x00000000d9000000| Untracked
[3.973s][trace][gc,heap,region] GC(11) |  58|0x00000000da000000, 0x00000000da000000, 0x00000000db000000|  0%| F|  |TAMS 0x00000000da000000| PB 0x00000000da000000| Untracked
[3.973s][trace][gc,heap,region] GC(11) |  59|0x00000000db000000, 0x00000000db000000, 0x00000000dc000000|  0%| F|  |TAMS 0x00000000db000000| PB 0x00000000db000000| Untracked
[3.973s][trace][gc,heap,region] GC(11) |  60|0x00000000dc000000, 0x00000000dc000000, 0x00000000dd000000|  0%| F|  |TAMS 0x00000000dc000000| PB 0x00000000dc000000| Untracked
[3.973s][trace][gc,heap,region] GC(11) |  61|0x00000000dd000000, 0x00000000dd000000, 0x00000000de000000|  0%| F|  |TAMS 0x00000000dd000000| PB 0x00000000dd000000| Untracked
[3.973s][trace][gc,heap,region] GC(11) |  62|0x00000000de000000, 0x00000000de000000, 0x00000000df000000|  0%| F|  |TAMS 0x00000000de000000| PB 0x00000000de000000| Untracked
[3.973s][trace][gc,heap,region] GC(11) |  63|0x00000000df000000, 0x00000000df000000, 0x00000000e0000000|  0%| F|  |TAMS 0x00000000df000000| PB 0x00000000df000000| Untracked
[4.595s][trace][gc,heap,region] GC(12) Heap Regions: E=young(eden), S=young(survivor), O=old, HS=humongous(starts), HC=humongous(continues), CS=collection set, F=free, TAMS=top-at-mark-start, PB=parsable bottom
[4.595s][trace][gc,heap,region] GC(12) |   0|0x00000000a0000000, 0x00000000a0000000, 0x00000000a1000000|  0%| F|  |TAMS 0x00000000a0000000| PB 0x00000000a0000000| Untracked
[4.595s][trace][gc,heap,region] GC(12) |   1|0x00000000a1000000, 0x00000000a1000000, 0x00000000a2000000|  0%| F|  |TAMS 0x00000000a1000000| PB 0x00000000a1000000| Untracked
[4.595s][trace][gc,heap,region] GC(12) |   2|0x00000000a2000000, 0x00000000a2000000, 0x00000000a3000000|  0%| F|  |TAMS 0x00000000a2000000| PB 0x00000000a2000000| Untracked
[4.595s][trace][gc,heap,region] GC(12) |   3|0x00000000a3000000, 0x00000000a39c7038, 0x00000000a4000000| 61%| O|  |TAMS 0x00000000a3000000| PB 0x00000000a3000000| Untracked
[4.595s][trace][gc,heap,region] GC(12) |   4|0x00000000a4000000, 0x00000000a4000000, 0x00000000a5000000|  0%| F|  |TAMS 0x00000000a4000000| PB 0x00000000a4000000| Untracked
[4.595s][trace][gc,heap,region] GC(12) |   5|0x00000000a5000000, 0x00000000a5000000, 0x00000000a6000000|  0%| F|  |TAMS 0x00000000a5000000| PB 0x00000000a5000000| Untracked
[4.595s][trace][gc,heap,region] GC(12) |   6|0x00000000a6000000, 0x00000000a6000000, 0x00000000a7000000|  0%| F|  |TAMS 0x00000000a6000000| PB 0x00000000a6000000| Untracked
[4.595s][trace][gc,heap,region] GC(12) |   7|0x00000000a7000000, 0x00000000a7000000, 0x00000000a8000000|  0%| F|  |TAMS 0x00000000a7000000| PB 0x00000000a7000000| Untracked
[4.595s][trace][gc,heap,region] GC(12) |   8|0x00000000a8000000, 0x00000000a8000000, 0x00000000a9000000|  0%| F|  |TAMS 0x00000000a8000000| PB 0x00000000a8000000| Untracked
[4.595s][trace][gc,heap,region] GC(12) |   9|0x00000000a9000000, 0x00000000a9000000, 0x00000000aa000000|  0%| F|  |TAMS 0x00000000a9000000| PB 0x00000000a9000000| Untracked
[4.595s][trace][gc,heap,region] GC(12) |  10|0x00000000aa000000, 0x00000000aa000000, 0x00000000ab000000|  0%| F|  |TAMS 0x00000000aa000000| PB 0x00000000aa000000| Untracked
[4.595s][trace][gc,heap,region] GC(12) |  11|0x00000000ab000000, 0x00000000ab000000, 0x00000000ac000000|  0%| F|  |TAMS 0x00000000ab000000| PB 0x00000000ab000000| Untracked
[4.595s][trace][gc,heap,region] GC(12) |  12|0x00000000ac000000, 0x00000000ac000000, 0x00000000ad000000|  0%| F|  |TAMS 0x00000000ac000000| PB 0x00000000ac000000| Untracked
[4.595s][trace][gc,heap,region] GC(12) |  13|0x00000000ad000000, 0x00000000ad000000, 0x00000000ae000000|  0%| F|  |TAMS 0x00000000ad000000| PB 0x00000000ad000000| Untracked
[4.595s][trace][gc,heap,region] GC(12) |  14|0x00000000ae000000, 0x00000000ae000000, 0x00000000af000000|  0%| F|  |TAMS 0x00000000ae000000| PB 0x00000000ae000000| Untracked
[4.595s][trace][gc,heap,region] GC(12) |  15|0x00000000af000000, 0x00000000af000000, 0x00000000b0000000|  0%| F|  |TAMS 0x00000000af000000| PB 0x00000000af000000| Untracked
[4.595s][trace][gc,heap,region] GC(12) |  16|0x00000000b0000000, 0x00000000b0000000, 0x00000000b1000000|  0%| F|  |TAMS 0x00000000b0000000| PB 0x00000000b0000000| Untracked
[4.595s][trace][gc,heap,region] GC(12) |  17|0x00000000b1000000, 0x00000000b1000000, 0x00000000b2000000|  0%| F|  |TAMS 0x00000000b1000000| PB 0x00000000b1000000| Untracked
[4.595s][trace][gc,heap,region] GC(12) |  18|0x00000000b2000000, 0x00000000b2000000, 0x00000000b3000000|  0%| F|  |TAMS 0x00000000b2000000| PB 0x00000000b2000000| Untracked
[4.595s][trace][gc,heap,region] GC(12) |  19|0x00000000b3000000, 0x00000000b3000000, 0x00000000b4000000|  0%| F|  |TAMS 0x00000000b3000000| PB 0x00000000b3000000| Untracked
[4.595s][trace][gc,heap,region] GC(12) |  20|0x00000000b4000000, 0x00000000b4000000, 0x00000000b5000000|  0%| F|  |TAMS 0x00000000b4000000| PB 0x00000000b4000000| Untracked
[4.595s][trace][gc,heap,region] GC(12) |  21|0x00000000b5000000, 0x00000000b5000000, 0x00000000b6000000|  0%| F|  |TAMS 0x00000000b5000000| PB 0x00000000b5000000| Untracked
[4.595s][trace][gc,heap,region] GC(12) |  22|0x00000000b6000000, 0x00000000b6000000, 0x00000000b7000000|  0%| F|  |TAMS 0x00000000b6000000| PB 0x00000000b6000000| Untracked
[4.595s][trace][gc,heap,region] GC(12) |  23|0x00000000b7000000, 0x00000000b7000000, 0x00000000b8000000|  0%| F|  |TAMS 0x00000000b7000000| PB 0x00000000b7000000| Untracked
[4.595s][trace][gc,heap,region] GC(12) |  24|0x00000000b8000000, 0x00000000b8000000, 0x00000000b9000000|  0%| F|  |TAMS 0x00000000b8000000| PB 0x00000000b8000000| Untracked
[4.595s][trace][gc,heap,region] GC(12) |  25|0x00000000b9000000, 0x00000000b9000000, 0x00000000ba000000|  0%| F|  |TAMS 0x00000000b9000000| PB 0x00000000b9000000| Untracked
[4.595s][trace][gc,heap,region] GC(12) |  26|0x00000000ba000000, 0x00000000ba986528, 0x00000000bb000000| 59%| S|CS|TAMS 0x00000000ba000000| PB 0x00000000ba000000| Complete
[4.595s][trace][gc,heap,region] GC(12) |  27|0x00000000bb000000, 0x00000000bc000000, 0x00000000bc000000|100%| E|CS|TAMS 0x00000000bb000000| PB 0x00000000bb000000| Complete
[4.595s][trace][gc,heap,region] GC(12) |  28|0x00000000bc000000, 0x00000000bd000000, 0x00000000bd000000|100%| E|CS|TAMS 0x00000000bc000000| PB 0x00000000bc000000| Complete
[4.595s][trace][gc,heap,region] GC(12) |  29|0x00000000bd000000, 0x00000000be000000, 0x00000000be000000|100%| E|CS|TAMS 0x00000000bd000000| PB 0x00000000bd000000| Complete
[4.595s][trace][gc,heap,region] GC(12) |  30|0x00000000be000000, 0x00000000bf000000, 0x00000000bf000000|100%| E|CS|TAMS 0x00000000be000000| PB 0x00000000be000000| Complete
[4.595s][trace][gc,heap,region] GC(12) |  31|0x00000000bf000000, 0x00000000c0000000, 0x00000000c0000000|100%| E|CS|TAMS 0x00000000bf000000| PB 0x00000000bf000000| Complete
[4.595s][trace][gc,heap,region] GC(12) |  32|0x00000000c0000000, 0x00000000c1000000, 0x00000000c1000000|100%| E|CS|TAMS 0x00000000c0000000| PB 0x00000000c0000000| Complete
[4.595s][trace][gc,heap,region] GC(12) |  33|0x00000000c1000000, 0x00000000c2000000, 0x00000000c2000000|100%| E|CS|TAMS 0x00000000c1000000| PB 0x00000000c1000000| Complete
[4.595s][trace][gc,heap,region] GC(12) |  34|0x00000000c2000000, 0x00000000c3000000, 0x00000000c3000000|100%| E|CS|TAMS 0x00000000c2000000| PB 0x00000000c2000000| Complete
[4.595s][trace][gc,heap,region] GC(12) |  35|0x00000000c3000000, 0x00000000c4000000, 0x00000000c4000000|100%| E|CS|TAMS 0x00000000c3000000| PB 0x00000000c3000000| Complete
[4.595s][trace][gc,heap,region] GC(12) |  36|0x00000000c4000000, 0x00000000c5000000, 0x00000000c5000000|100%| E|CS|TAMS 0x00000000c4000000| PB 0x00000000c4000000| Complete
[4.595s][trace][gc,heap,region] GC(12) |  37|0x00000000c5000000, 0x00000000c6000000, 0x00000000c6000000|100%| E|CS|TAMS 0x00000000c5000000| PB 0x00000000c5000000| Complete
[4.595s][trace][gc,heap,region] GC(12) |  38|0x00000000c6000000, 0x00000000c7000000, 0x00000000c7000000|100%| E|CS|TAMS 0x00000000c6000000| PB 0x00000000c6000000| Complete
[4.595s][trace][gc,heap,region] GC(12) |  39|0x00000000c7000000, 0x00000000c8000000, 0x00000000c8000000|100%| E|CS|TAMS 0x00000000c7000000| PB 0x00000000c7000000| Complete
[4.595s][trace][gc,heap,region] GC(12) |  40|0x00000000c8000000, 0x00000000c9000000, 0x00000000c9000000|100%| E|CS|TAMS 0x00000000c8000000| PB 0x00000000c8000000| Complete
[4.595s][trace][gc,heap,region] GC(12) |  41|0x00000000c9000000, 0x00000000ca000000, 0x00000000ca000000|100%| E|CS|TAMS 0x00000000c9000000| PB 0x00000000c9000000| Complete
[4.595s][trace][gc,heap,region] GC(12) |  42|0x00000000ca000000, 0x00000000cb000000, 0x00000000cb000000|100%| E|CS|TAMS 0x00000000ca000000| PB 0x00000000ca000000| Complete
[4.595s][trace][gc,heap,region] GC(12) |  43|0x00000000cb000000, 0x00000000cc000000, 0x00000000cc000000|100%| E|CS|TAMS 0x00000000cb000000| PB 0x00000000cb000000| Complete
[4.595s][trace][gc,heap,region] GC(12) |  44|0x00000000cc000000, 0x00000000cd000000, 0x00000000cd000000|100%| E|CS|TAMS 0x00000000cc000000| PB 0x00000000cc000000| Complete
[4.595s][trace][gc,heap,region] GC(12) |  45|0x00000000cd000000, 0x00000000ce000000, 0x00000000ce000000|100%| E|CS|TAMS 0x00000000cd000000| PB 0x00000000cd000000| Complete
[4.595s][trace][gc,heap,region] GC(12) |  46|0x00000000ce000000, 0x00000000cf000000, 0x00000000cf000000|100%| E|CS|TAMS 0x00000000ce000000| PB 0x00000000ce000000| Complete
[4.595s][trace][gc,heap,region] GC(12) |  47|0x00000000cf000000, 0x00000000d0000000, 0x00000000d0000000|100%| E|CS|TAMS 0x00000000cf000000| PB 0x00000000cf000000| Complete
[4.595s][trace][gc,heap,region] GC(12) |  48|0x00000000d0000000, 0x00000000d1000000, 0x00000000d1000000|100%| E|CS|TAMS 0x00000000d0000000| PB 0x00000000d0000000| Complete
[4.595s][trace][gc,heap,region] GC(12) |  49|0x00000000d1000000, 0x00000000d2000000, 0x00000000d2000000|100%| E|CS|TAMS 0x00000000d1000000| PB 0x00000000d1000000| Complete
[4.595s][trace][gc,heap,region] GC(12) |  50|0x00000000d2000000, 0x00000000d3000000, 0x00000000d3000000|100%| E|CS|TAMS 0x00000000d2000000| PB 0x00000000d2000000| Complete
[4.595s][trace][gc,heap,region] GC(12) |  51|0x00000000d3000000, 0x00000000d4000000, 0x00000000d4000000|100%| E|CS|TAMS 0x00000000d3000000| PB 0x00000000d3000000| Complete
[4.595s][trace][gc,heap,region] GC(12) |  52|0x00000000d4000000, 0x00000000d5000000, 0x00000000d5000000|100%| E|CS|TAMS 0x00000000d4000000| PB 0x00000000d4000000| Complete
[4.595s][trace][gc,heap,region] GC(12) |  53|0x00000000d5000000, 0x00000000d6000000, 0x00000000d6000000|100%| E|CS|TAMS 0x00000000d5000000| PB 0x00000000d5000000| Complete
[4.595s][trace][gc,heap,region] GC(12) |  54|0x00000000d6000000, 0x00000000d7000000, 0x00000000d7000000|100%| E|CS|TAMS 0x00000000d6000000| PB 0x00000000d6000000| Complete
[4.595s][trace][gc,heap,region] GC(12) |  55|0x00000000d7000000, 0x00000000d8000000, 0x00000000d8000000|100%| E|CS|TAMS 0x00000000d7000000| PB 0x00000000d7000000| Complete
[4.595s][trace][gc,heap,region] GC(12) |  56|0x00000000d8000000, 0x00000000d9000000, 0x00000000d9000000|100%| E|CS|TAMS 0x00000000d8000000| PB 0x00000000d8000000| Complete
[4.595s][trace][gc,heap,region] GC(12) |  57|0x00000000d9000000, 0x00000000da000000, 0x00000000da000000|100%| E|CS|TAMS 0x00000000d9000000| PB 0x00000000d9000000| Complete
[4.595s][trace][gc,heap,region] GC(12) |  58|0x00000000da000000, 0x00000000db000000, 0x00000000db000000|100%| E|CS|TAMS 0x00000000da000000| PB 0x00000000da000000| Complete
[4.595s][trace][gc,heap,region] GC(12) |  59|0x00000000db000000, 0x00000000dc000000, 0x00000000dc000000|100%| E|CS|TAMS 0x00000000db000000| PB 0x00000000db000000| Complete
[4.595s][trace][gc,heap,region] GC(12) |  60|0x00000000dc000000, 0x00000000dd000000, 0x00000000dd000000|100%| E|CS|TAMS 0x00000000dc000000| PB 0x00000000dc000000| Complete
[4.595s][trace][gc,heap,region] GC(12) |  61|0x00000000dd000000, 0x00000000de000000, 0x00000000de000000|100%| E|CS|TAMS 0x00000000dd000000| PB 0x00000000dd000000| Complete
[4.595s][trace][gc,heap,region] GC(12) |  62|0x00000000de000000, 0x00000000df000000, 0x00000000df000000|100%| E|CS|TAMS 0x00000000de000000| PB 0x00000000de000000| Complete
[4.595s][trace][gc,heap,region] GC(12) |  63|0x00000000df000000, 0x00000000e0000000, 0x00000000e0000000|100%| E|CS|TAMS 0x00000000df000000| PB 0x00000000df000000| Complete
[4.601s][trace][gc,heap,region] GC(12) Heap Regions: E=young(eden), S=young(survivor), O=old, HS=humongous(starts), HC=humongous(continues), CS=collection set, F=free, TAMS=top-at-mark-start, PB=parsable bottom
[4.601s][trace][gc,heap,region] GC(12) |   0|0x00000000a0000000, 0x00000000a0000000, 0x00000000a1000000|  0%| F|  |TAMS 0x00000000a0000000| PB 0x00000000a0000000| Untracked
[4.601s][trace][gc,heap,region] GC(12) |   1|0x00000000a1000000, 0x00000000a1000000, 0x00000000a2000000|  0%| F|  |TAMS 0x00000000a1000000| PB 0x00000000a1000000| Untracked
[4.601s][trace][gc,heap,region] GC(12) |   2|0x00000000a2000000, 0x00000000a2000000, 0x00000000a3000000|  0%| F|  |TAMS 0x00000000a2000000| PB 0x00000000a2000000| Untracked
[4.601s][trace][gc,heap,region] GC(12) |   3|0x00000000a3000000, 0x00000000a39c7038, 0x00000000a4000000| 61%| O|  |TAMS 0x00000000a3000000| PB 0x00000000a3000000| Untracked
[4.601s][trace][gc,heap,region] GC(12) |   4|0x00000000a4000000, 0x00000000a4000000, 0x00000000a5000000|  0%| F|  |TAMS 0x00000000a4000000| PB 0x00000000a4000000| Untracked
[4.601s][trace][gc,heap,region] GC(12) |   5|0x00000000a5000000, 0x00000000a5000000, 0x00000000a6000000|  0%| F|  |TAMS 0x00000000a5000000| PB 0x00000000a5000000| Untracked
[4.601s][trace][gc,heap,region] GC(12) |   6|0x00000000a6000000, 0x00000000a6000000, 0x00000000a7000000|  0%| F|  |TAMS 0x00000000a6000000| PB 0x00000000a6000000| Untracked
[4.601s][trace][gc,heap,region] GC(12) |   7|0x00000000a7000000, 0x00000000a7000000, 0x00000000a8000000|  0%| F|  |TAMS 0x00000000a7000000| PB 0x00000000a7000000| Untracked
[4.601s][trace][gc,heap,region] GC(12) |   8|0x00000000a8000000, 0x00000000a8000000, 0x00000000a9000000|  0%| F|  |TAMS 0x00000000a8000000| PB 0x00000000a8000000| Untracked
[4.601s][trace][gc,heap,region] GC(12) |   9|0x00000000a9000000, 0x00000000a9000000, 0x00000000aa000000|  0%| F|  |TAMS 0x00000000a9000000| PB 0x00000000a9000000| Untracked
[4.601s][trace][gc,heap,region] GC(12) |  10|0x00000000aa000000, 0x00000000aa000000, 0x00000000ab000000|  0%| F|  |TAMS 0x00000000aa000000| PB 0x00000000aa000000| Untracked
[4.601s][trace][gc,heap,region] GC(12) |  11|0x00000000ab000000, 0x00000000ab000000, 0x00000000ac000000|  0%| F|  |TAMS 0x00000000ab000000| PB 0x00000000ab000000| Untracked
[4.601s][trace][gc,heap,region] GC(12) |  12|0x00000000ac000000, 0x00000000ac000000, 0x00000000ad000000|  0%| F|  |TAMS 0x00000000ac000000| PB 0x00000000ac000000| Untracked
[4.601s][trace][gc,heap,region] GC(12) |  13|0x00000000ad000000, 0x00000000ad000000, 0x00000000ae000000|  0%| F|  |TAMS 0x00000000ad000000| PB 0x00000000ad000000| Untracked
[4.601s][trace][gc,heap,region] GC(12) |  14|0x00000000ae000000, 0x00000000ae000000, 0x00000000af000000|  0%| F|  |TAMS 0x00000000ae000000| PB 0x00000000ae000000| Untracked
[4.601s][trace][gc,heap,region] GC(12) |  15|0x00000000af000000, 0x00000000af000000, 0x00000000b0000000|  0%| F|  |TAMS 0x00000000af000000| PB 0x00000000af000000| Untracked
[4.601s][trace][gc,heap,region] GC(12) |  16|0x00000000b0000000, 0x00000000b0000000, 0x00000000b1000000|  0%| F|  |TAMS 0x00000000b0000000| PB 0x00000000b0000000| Untracked
[4.601s][trace][gc,heap,region] GC(12) |  17|0x00000000b1000000, 0x00000000b1000000, 0x00000000b2000000|  0%| F|  |TAMS 0x00000000b1000000| PB 0x00000000b1000000| Untracked
[4.601s][trace][gc,heap,region] GC(12) |  18|0x00000000b2000000, 0x00000000b2000000, 0x00000000b3000000|  0%| F|  |TAMS 0x00000000b2000000| PB 0x00000000b2000000| Untracked
[4.601s][trace][gc,heap,region] GC(12) |  19|0x00000000b3000000, 0x00000000b3000000, 0x00000000b4000000|  0%| F|  |TAMS 0x00000000b3000000| PB 0x00000000b3000000| Untracked
[4.601s][trace][gc,heap,region] GC(12) |  20|0x00000000b4000000, 0x00000000b4000000, 0x00000000b5000000|  0%| F|  |TAMS 0x00000000b4000000| PB 0x00000000b4000000| Untracked
[4.601s][trace][gc,heap,region] GC(12) |  21|0x00000000b5000000, 0x00000000b5000000, 0x00000000b6000000|  0%| F|  |TAMS 0x00000000b5000000| PB 0x00000000b5000000| Untracked
[4.601s][trace][gc,heap,region] GC(12) |  22|0x00000000b6000000, 0x00000000b6000000, 0x00000000b7000000|  0%| F|  |TAMS 0x00000000b6000000| PB 0x00000000b6000000| Untracked
[4.601s][trace][gc,heap,region] GC(12) |  23|0x00000000b7000000, 0x00000000b7000000, 0x00000000b8000000|  0%| F|  |TAMS 0x00000000b7000000| PB 0x00000000b7000000| Untracked
[4.601s][trace][gc,heap,region] GC(12) |  24|0x00000000b8000000, 0x00000000b8000000, 0x00000000b9000000|  0%| F|  |TAMS 0x00000000b8000000| PB 0x00000000b8000000| Untracked
[4.601s][trace][gc,heap,region] GC(12) |  25|0x00000000b9000000, 0x00000000b99222e0, 0x00000000ba000000| 57%| S|CS|TAMS 0x00000000b9000000| PB 0x00000000b9000000| Complete
[4.601s][trace][gc,heap,region] GC(12) |  26|0x00000000ba000000, 0x00000000ba000000, 0x00000000bb000000|  0%| F|  |TAMS 0x00000000ba000000| PB 0x00000000ba000000| Untracked
[4.601s][trace][gc,heap,region] GC(12) |  27|0x00000000bb000000, 0x00000000bb000000, 0x00000000bc000000|  0%| F|  |TAMS 0x00000000bb000000| PB 0x00000000bb000000| Untracked
[4.601s][trace][gc,heap,region] GC(12) |  28|0x00000000bc000000, 0x00000000bc000000, 0x00000000bd000000|  0%| F|  |TAMS 0x00000000bc000000| PB 0x00000000bc000000| Untracked
[4.601s][trace][gc,heap,region] GC(12) |  29|0x00000000bd000000, 0x00000000bd000000, 0x00000000be000000|  0%| F|  |TAMS 0x00000000bd000000| PB 0x00000000bd000000| Untracked
[4.601s][trace][gc,heap,region] GC(12) |  30|0x00000000be000000, 0x00000000be000000, 0x00000000bf000000|  0%| F|  |TAMS 0x00000000be000000| PB 0x00000000be000000| Untracked
[4.601s][trace][gc,heap,region] GC(12) |  31|0x00000000bf000000, 0x00000000bf000000, 0x00000000c0000000|  0%| F|  |TAMS 0x00000000bf000000| PB 0x00000000bf000000| Untracked
[4.601s][trace][gc,heap,region] GC(12) |  32|0x00000000c0000000, 0x00000000c0000000, 0x00000000c1000000|  0%| F|  |TAMS 0x00000000c0000000| PB 0x00000000c0000000| Untracked
[4.601s][trace][gc,heap,region] GC(12) |  33|0x00000000c1000000, 0x00000000c1000000, 0x00000000c2000000|  0%| F|  |TAMS 0x00000000c1000000| PB 0x00000000c1000000| Untracked
[4.601s][trace][gc,heap,region] GC(12) |  34|0x00000000c2000000, 0x00000000c2000000, 0x00000000c3000000|  0%| F|  |TAMS 0x00000000c2000000| PB 0x00000000c2000000| Untracked
[4.601s][trace][gc,heap,region] GC(12) |  35|0x00000000c3000000, 0x00000000c3000000, 0x00000000c4000000|  0%| F|  |TAMS 0x00000000c3000000| PB 0x00000000c3000000| Untracked
[4.601s][trace][gc,heap,region] GC(12) |  36|0x00000000c4000000, 0x00000000c4000000, 0x00000000c5000000|  0%| F|  |TAMS 0x00000000c4000000| PB 0x00000000c4000000| Untracked
[4.601s][trace][gc,heap,region] GC(12) |  37|0x00000000c5000000, 0x00000000c5000000, 0x00000000c6000000|  0%| F|  |TAMS 0x00000000c5000000| PB 0x00000000c5000000| Untracked
[4.601s][trace][gc,heap,region] GC(12) |  38|0x00000000c6000000, 0x00000000c6000000, 0x00000000c7000000|  0%| F|  |TAMS 0x00000000c6000000| PB 0x00000000c6000000| Untracked
[4.601s][trace][gc,heap,region] GC(12) |  39|0x00000000c7000000, 0x00000000c7000000, 0x00000000c8000000|  0%| F|  |TAMS 0x00000000c7000000| PB 0x00000000c7000000| Untracked
[4.601s][trace][gc,heap,region] GC(12) |  40|0x00000000c8000000, 0x00000000c8000000, 0x00000000c9000000|  0%| F|  |TAMS 0x00000000c8000000| PB 0x00000000c8000000| Untracked
[4.601s][trace][gc,heap,region] GC(12) |  41|0x00000000c9000000, 0x00000000c9000000, 0x00000000ca000000|  0%| F|  |TAMS 0x00000000c9000000| PB 0x00000000c9000000| Untracked
[4.601s][trace][gc,heap,region] GC(12) |  42|0x00000000ca000000, 0x00000000ca000000, 0x00000000cb000000|  0%| F|  |TAMS 0x00000000ca000000| PB 0x00000000ca000000| Untracked
[4.601s][trace][gc,heap,region] GC(12) |  43|0x00000000cb000000, 0x00000000cb000000, 0x00000000cc000000|  0%| F|  |TAMS 0x00000000cb000000| PB 0x00000000cb000000| Untracked
[4.601s][trace][gc,heap,region] GC(12) |  44|0x00000000cc000000, 0x00000000cc000000, 0x00000000cd000000|  0%| F|  |TAMS 0x00000000cc000000| PB 0x00000000cc000000| Untracked
[4.601s][trace][gc,heap,region] GC(12) |  45|0x00000000cd000000, 0x00000000cd000000, 0x00000000ce000000|  0%| F|  |TAMS 0x00000000cd000000| PB 0x00000000cd000000| Untracked
[4.601s][trace][gc,heap,region] GC(12) |  46|0x00000000ce000000, 0x00000000ce000000, 0x00000000cf000000|  0%| F|  |TAMS 0x00000000ce000000| PB 0x00000000ce000000| Untracked
[4.601s][trace][gc,heap,region] GC(12) |  47|0x00000000cf000000, 0x00000000cf000000, 0x00000000d0000000|  0%| F|  |TAMS 0x00000000cf000000| PB 0x00000000cf000000| Untracked
[4.601s][trace][gc,heap,region] GC(12) |  48|0x00000000d0000000, 0x00000000d0000000, 0x00000000d1000000|  0%| F|  |TAMS 0x00000000d0000000| PB 0x00000000d0000000| Untracked
[4.601s][trace][gc,heap,region] GC(12) |  49|0x00000000d1000000, 0x00000000d1000000, 0x00000000d2000000|  0%| F|  |TAMS 0x00000000d1000000| PB 0x00000000d1000000| Untracked
[4.601s][trace][gc,heap,region] GC(12) |  50|0x00000000d2000000, 0x00000000d2000000, 0x00000000d3000000|  0%| F|  |TAMS 0x00000000d2000000| PB 0x00000000d2000000| Untracked
[4.601s][trace][gc,heap,region] GC(12) |  51|0x00000000d3000000, 0x00000000d3000000, 0x00000000d4000000|  0%| F|  |TAMS 0x00000000d3000000| PB 0x00000000d3000000| Untracked
[4.601s][trace][gc,heap,region] GC(12) |  52|0x00000000d4000000, 0x00000000d4000000, 0x00000000d5000000|  0%| F|  |TAMS 0x00000000d4000000| PB 0x00000000d4000000| Untracked
[4.601s][trace][gc,heap,region] GC(12) |  53|0x00000000d5000000, 0x00000000d5000000, 0x00000000d6000000|  0%| F|  |TAMS 0x00000000d5000000| PB 0x00000000d5000000| Untracked
[4.601s][trace][gc,heap,region] GC(12) |  54|0x00000000d6000000, 0x00000000d6000000, 0x00000000d7000000|  0%| F|  |TAMS 0x00000000d6000000| PB 0x00000000d6000000| Untracked
[4.601s][trace][gc,heap,region] GC(12) |  55|0x00000000d7000000, 0x00000000d7000000, 0x00000000d8000000|  0%| F|  |TAMS 0x00000000d7000000| PB 0x00000000d7000000| Untracked
[4.601s][trace][gc,heap,region] GC(12) |  56|0x00000000d8000000, 0x00000000d8000000, 0x00000000d9000000|  0%| F|  |TAMS 0x00000000d8000000| PB 0x00000000d8000000| Untracked
[4.601s][trace][gc,heap,region] GC(12) |  57|0x00000000d9000000, 0x00000000d9000000, 0x00000000da000000|  0%| F|  |TAMS 0x00000000d9000000| PB 0x00000000d9000000| Untracked
[4.601s][trace][gc,heap,region] GC(12) |  58|0x00000000da000000, 0x00000000da000000, 0x00000000db000000|  0%| F|  |TAMS 0x00000000da000000| PB 0x00000000da000000| Untracked
[4.601s][trace][gc,heap,region] GC(12) |  59|0x00000000db000000, 0x00000000db000000, 0x00000000dc000000|  0%| F|  |TAMS 0x00000000db000000| PB 0x00000000db000000| Untracked
[4.601s][trace][gc,heap,region] GC(12) |  60|0x00000000dc000000, 0x00000000dc000000, 0x00000000dd000000|  0%| F|  |TAMS 0x00000000dc000000| PB 0x00000000dc000000| Untracked
[4.601s][trace][gc,heap,region] GC(12) |  61|0x00000000dd000000, 0x00000000dd000000, 0x00000000de000000|  0%| F|  |TAMS 0x00000000dd000000| PB 0x00000000dd000000| Untracked
[4.601s][trace][gc,heap,region] GC(12) |  62|0x00000000de000000, 0x00000000de000000, 0x00000000df000000|  0%| F|  |TAMS 0x00000000de000000| PB 0x00000000de000000| Untracked
[4.601s][trace][gc,heap,region] GC(12) |  63|0x00000000df000000, 0x00000000df000000, 0x00000000e0000000|  0%| F|  |TAMS 0x00000000df000000| PB 0x00000000df000000| Untracked
[5.225s][trace][gc,heap,region] GC(13) Heap Regions: E=young(eden), S=young(survivor), O=old, HS=humongous(starts), HC=humongous(continues), CS=collection set, F=free, TAMS=top-at-mark-start, PB=parsable bottom
[5.225s][trace][gc,heap,region] GC(13) |   0|0x00000000a0000000, 0x00000000a0000000, 0x00000000a1000000|  0%| F|  |TAMS 0x00000000a0000000| PB 0x00000000a0000000| Untracked
[5.225s][trace][gc,heap,region] GC(13) |   1|0x00000000a1000000, 0x00000000a1000000, 0x00000000a2000000|  0%| F|  |TAMS 0x00000000a1000000| PB 0x00000000a1000000| Untracked
[5.225s][trace][gc,heap,region] GC(13) |   2|0x00000000a2000000, 0x00000000a2000000, 0x00000000a3000000|  0%| F|  |TAMS 0x00000000a2000000| PB 0x00000000a2000000| Untracked
[5.225s][trace][gc,heap,region] GC(13) |   3|0x00000000a3000000, 0x00000000a39c7038, 0x00000000a4000000| 61%| O|  |TAMS 0x00000000a3000000| PB 0x00000000a3000000| Untracked
[5.225s][trace][gc,heap,region] GC(13) |   4|0x00000000a4000000, 0x00000000a4000000, 0x00000000a5000000|  0%| F|  |TAMS 0x00000000a4000000| PB 0x00000000a4000000| Untracked
[5.225s][trace][gc,heap,region] GC(13) |   5|0x00000000a5000000, 0x00000000a5000000, 0x00000000a6000000|  0%| F|  |TAMS 0x00000000a5000000| PB 0x00000000a5000000| Untracked
[5.225s][trace][gc,heap,region] GC(13) |   6|0x00000000a6000000, 0x00000000a6000000, 0x00000000a7000000|  0%| F|  |TAMS 0x00000000a6000000| PB 0x00000000a6000000| Untracked
[5.225s][trace][gc,heap,region] GC(13) |   7|0x00000000a7000000, 0x00000000a7000000, 0x00000000a8000000|  0%| F|  |TAMS 0x00000000a7000000| PB 0x00000000a7000000| Untracked
[5.225s][trace][gc,heap,region] GC(13) |   8|0x00000000a8000000, 0x00000000a8000000, 0x00000000a9000000|  0%| F|  |TAMS 0x00000000a8000000| PB 0x00000000a8000000| Untracked
[5.225s][trace][gc,heap,region] GC(13) |   9|0x00000000a9000000, 0x00000000a9000000, 0x00000000aa000000|  0%| F|  |TAMS 0x00000000a9000000| PB 0x00000000a9000000| Untracked
[5.225s][trace][gc,heap,region] GC(13) |  10|0x00000000aa000000, 0x00000000aa000000, 0x00000000ab000000|  0%| F|  |TAMS 0x00000000aa000000| PB 0x00000000aa000000| Untracked
[5.225s][trace][gc,heap,region] GC(13) |  11|0x00000000ab000000, 0x00000000ab000000, 0x00000000ac000000|  0%| F|  |TAMS 0x00000000ab000000| PB 0x00000000ab000000| Untracked
[5.225s][trace][gc,heap,region] GC(13) |  12|0x00000000ac000000, 0x00000000ac000000, 0x00000000ad000000|  0%| F|  |TAMS 0x00000000ac000000| PB 0x00000000ac000000| Untracked
[5.226s][trace][gc,heap,region] GC(13) |  13|0x00000000ad000000, 0x00000000ad000000, 0x00000000ae000000|  0%| F|  |TAMS 0x00000000ad000000| PB 0x00000000ad000000| Untracked
[5.226s][trace][gc,heap,region] GC(13) |  14|0x00000000ae000000, 0x00000000ae000000, 0x00000000af000000|  0%| F|  |TAMS 0x00000000ae000000| PB 0x00000000ae000000| Untracked
[5.226s][trace][gc,heap,region] GC(13) |  15|0x00000000af000000, 0x00000000af000000, 0x00000000b0000000|  0%| F|  |TAMS 0x00000000af000000| PB 0x00000000af000000| Untracked
[5.226s][trace][gc,heap,region] GC(13) |  16|0x00000000b0000000, 0x00000000b0000000, 0x00000000b1000000|  0%| F|  |TAMS 0x00000000b0000000| PB 0x00000000b0000000| Untracked
[5.226s][trace][gc,heap,region] GC(13) |  17|0x00000000b1000000, 0x00000000b1000000, 0x00000000b2000000|  0%| F|  |TAMS 0x00000000b1000000| PB 0x00000000b1000000| Untracked
[5.226s][trace][gc,heap,region] GC(13) |  18|0x00000000b2000000, 0x00000000b2000000, 0x00000000b3000000|  0%| F|  |TAMS 0x00000000b2000000| PB 0x00000000b2000000| Untracked
[5.226s][trace][gc,heap,region] GC(13) |  19|0x00000000b3000000, 0x00000000b3000000, 0x00000000b4000000|  0%| F|  |TAMS 0x00000000b3000000| PB 0x00000000b3000000| Untracked
[5.226s][trace][gc,heap,region] GC(13) |  20|0x00000000b4000000, 0x00000000b4000000, 0x00000000b5000000|  0%| F|  |TAMS 0x00000000b4000000| PB 0x00000000b4000000| Untracked
[5.226s][trace][gc,heap,region] GC(13) |  21|0x00000000b5000000, 0x00000000b5000000, 0x00000000b6000000|  0%| F|  |TAMS 0x00000000b5000000| PB 0x00000000b5000000| Untracked
[5.226s][trace][gc,heap,region] GC(13) |  22|0x00000000b6000000, 0x00000000b6000000, 0x00000000b7000000|  0%| F|  |TAMS 0x00000000b6000000| PB 0x00000000b6000000| Untracked
[5.226s][trace][gc,heap,region] GC(13) |  23|0x00000000b7000000, 0x00000000b7000000, 0x00000000b8000000|  0%| F|  |TAMS 0x00000000b7000000| PB 0x00000000b7000000| Untracked
[5.226s][trace][gc,heap,region] GC(13) |  24|0x00000000b8000000, 0x00000000b8000000, 0x00000000b9000000|  0%| F|  |TAMS 0x00000000b8000000| PB 0x00000000b8000000| Untracked
[5.226s][trace][gc,heap,region] GC(13) |  25|0x00000000b9000000, 0x00000000b99222e0, 0x00000000ba000000| 57%| S|CS|TAMS 0x00000000b9000000| PB 0x00000000b9000000| Complete
[5.226s][trace][gc,heap,region] GC(13) |  26|0x00000000ba000000, 0x00000000ba000000, 0x00000000bb000000|  0%| F|  |TAMS 0x00000000ba000000| PB 0x00000000ba000000| Untracked
[5.226s][trace][gc,heap,region] GC(13) |  27|0x00000000bb000000, 0x00000000bc000000, 0x00000000bc000000|100%| E|CS|TAMS 0x00000000bb000000| PB 0x00000000bb000000| Complete
[5.226s][trace][gc,heap,region] GC(13) |  28|0x00000000bc000000, 0x00000000bd000000, 0x00000000bd000000|100%| E|CS|TAMS 0x00000000bc000000| PB 0x00000000bc000000| Complete
[5.226s][trace][gc,heap,region] GC(13) |  29|0x00000000bd000000, 0x00000000be000000, 0x00000000be000000|100%| E|CS|TAMS 0x00000000bd000000| PB 0x00000000bd000000| Complete
[5.226s][trace][gc,heap,region] GC(13) |  30|0x00000000be000000, 0x00000000bf000000, 0x00000000bf000000|100%| E|CS|TAMS 0x00000000be000000| PB 0x00000000be000000| Complete
[5.226s][trace][gc,heap,region] GC(13) |  31|0x00000000bf000000, 0x00000000c0000000, 0x00000000c0000000|100%| E|CS|TAMS 0x00000000bf000000| PB 0x00000000bf000000| Complete
[5.226s][trace][gc,heap,region] GC(13) |  32|0x00000000c0000000, 0x00000000c1000000, 0x00000000c1000000|100%| E|CS|TAMS 0x00000000c0000000| PB 0x00000000c0000000| Complete
[5.226s][trace][gc,heap,region] GC(13) |  33|0x00000000c1000000, 0x00000000c2000000, 0x00000000c2000000|100%| E|CS|TAMS 0x00000000c1000000| PB 0x00000000c1000000| Complete
[5.226s][trace][gc,heap,region] GC(13) |  34|0x00000000c2000000, 0x00000000c3000000, 0x00000000c3000000|100%| E|CS|TAMS 0x00000000c2000000| PB 0x00000000c2000000| Complete
[5.226s][trace][gc,heap,region] GC(13) |  35|0x00000000c3000000, 0x00000000c4000000, 0x00000000c4000000|100%| E|CS|TAMS 0x00000000c3000000| PB 0x00000000c3000000| Complete
[5.226s][trace][gc,heap,region] GC(13) |  36|0x00000000c4000000, 0x00000000c5000000, 0x00000000c5000000|100%| E|CS|TAMS 0x00000000c4000000| PB 0x00000000c4000000| Complete
[5.226s][trace][gc,heap,region] GC(13) |  37|0x00000000c5000000, 0x00000000c6000000, 0x00000000c6000000|100%| E|CS|TAMS 0x00000000c5000000| PB 0x00000000c5000000| Complete
[5.226s][trace][gc,heap,region] GC(13) |  38|0x00000000c6000000, 0x00000000c7000000, 0x00000000c7000000|100%| E|CS|TAMS 0x00000000c6000000| PB 0x00000000c6000000| Complete
[5.226s][trace][gc,heap,region] GC(13) |  39|0x00000000c7000000, 0x00000000c8000000, 0x00000000c8000000|100%| E|CS|TAMS 0x00000000c7000000| PB 0x00000000c7000000| Complete
[5.226s][trace][gc,heap,region] GC(13) |  40|0x00000000c8000000, 0x00000000c9000000, 0x00000000c9000000|100%| E|CS|TAMS 0x00000000c8000000| PB 0x00000000c8000000| Complete
[5.226s][trace][gc,heap,region] GC(13) |  41|0x00000000c9000000, 0x00000000ca000000, 0x00000000ca000000|100%| E|CS|TAMS 0x00000000c9000000| PB 0x00000000c9000000| Complete
[5.226s][trace][gc,heap,region] GC(13) |  42|0x00000000ca000000, 0x00000000cb000000, 0x00000000cb000000|100%| E|CS|TAMS 0x00000000ca000000| PB 0x00000000ca000000| Complete
[5.226s][trace][gc,heap,region] GC(13) |  43|0x00000000cb000000, 0x00000000cc000000, 0x00000000cc000000|100%| E|CS|TAMS 0x00000000cb000000| PB 0x00000000cb000000| Complete
[5.226s][trace][gc,heap,region] GC(13) |  44|0x00000000cc000000, 0x00000000cd000000, 0x00000000cd000000|100%| E|CS|TAMS 0x00000000cc000000| PB 0x00000000cc000000| Complete
[5.226s][trace][gc,heap,region] GC(13) |  45|0x00000000cd000000, 0x00000000ce000000, 0x00000000ce000000|100%| E|CS|TAMS 0x00000000cd000000| PB 0x00000000cd000000| Complete
[5.226s][trace][gc,heap,region] GC(13) |  46|0x00000000ce000000, 0x00000000cf000000, 0x00000000cf000000|100%| E|CS|TAMS 0x00000000ce000000| PB 0x00000000ce000000| Complete
[5.226s][trace][gc,heap,region] GC(13) |  47|0x00000000cf000000, 0x00000000d0000000, 0x00000000d0000000|100%| E|CS|TAMS 0x00000000cf000000| PB 0x00000000cf000000| Complete
[5.226s][trace][gc,heap,region] GC(13) |  48|0x00000000d0000000, 0x00000000d1000000, 0x00000000d1000000|100%| E|CS|TAMS 0x00000000d0000000| PB 0x00000000d0000000| Complete
[5.226s][trace][gc,heap,region] GC(13) |  49|0x00000000d1000000, 0x00000000d2000000, 0x00000000d2000000|100%| E|CS|TAMS 0x00000000d1000000| PB 0x00000000d1000000| Complete
[5.226s][trace][gc,heap,region] GC(13) |  50|0x00000000d2000000, 0x00000000d3000000, 0x00000000d3000000|100%| E|CS|TAMS 0x00000000d2000000| PB 0x00000000d2000000| Complete
[5.226s][trace][gc,heap,region] GC(13) |  51|0x00000000d3000000, 0x00000000d4000000, 0x00000000d4000000|100%| E|CS|TAMS 0x00000000d3000000| PB 0x00000000d3000000| Complete
[5.226s][trace][gc,heap,region] GC(13) |  52|0x00000000d4000000, 0x00000000d5000000, 0x00000000d5000000|100%| E|CS|TAMS 0x00000000d4000000| PB 0x00000000d4000000| Complete
[5.226s][trace][gc,heap,region] GC(13) |  53|0x00000000d5000000, 0x00000000d6000000, 0x00000000d6000000|100%| E|CS|TAMS 0x00000000d5000000| PB 0x00000000d5000000| Complete
[5.226s][trace][gc,heap,region] GC(13) |  54|0x00000000d6000000, 0x00000000d7000000, 0x00000000d7000000|100%| E|CS|TAMS 0x00000000d6000000| PB 0x00000000d6000000| Complete
[5.226s][trace][gc,heap,region] GC(13) |  55|0x00000000d7000000, 0x00000000d8000000, 0x00000000d8000000|100%| E|CS|TAMS 0x00000000d7000000| PB 0x00000000d7000000| Complete
[5.226s][trace][gc,heap,region] GC(13) |  56|0x00000000d8000000, 0x00000000d9000000, 0x00000000d9000000|100%| E|CS|TAMS 0x00000000d8000000| PB 0x00000000d8000000| Complete
[5.226s][trace][gc,heap,region] GC(13) |  57|0x00000000d9000000, 0x00000000da000000, 0x00000000da000000|100%| E|CS|TAMS 0x00000000d9000000| PB 0x00000000d9000000| Complete
[5.226s][trace][gc,heap,region] GC(13) |  58|0x00000000da000000, 0x00000000db000000, 0x00000000db000000|100%| E|CS|TAMS 0x00000000da000000| PB 0x00000000da000000| Complete
[5.226s][trace][gc,heap,region] GC(13) |  59|0x00000000db000000, 0x00000000dc000000, 0x00000000dc000000|100%| E|CS|TAMS 0x00000000db000000| PB 0x00000000db000000| Complete
[5.226s][trace][gc,heap,region] GC(13) |  60|0x00000000dc000000, 0x00000000dd000000, 0x00000000dd000000|100%| E|CS|TAMS 0x00000000dc000000| PB 0x00000000dc000000| Complete
[5.226s][trace][gc,heap,region] GC(13) |  61|0x00000000dd000000, 0x00000000de000000, 0x00000000de000000|100%| E|CS|TAMS 0x00000000dd000000| PB 0x00000000dd000000| Complete
[5.226s][trace][gc,heap,region] GC(13) |  62|0x00000000de000000, 0x00000000df000000, 0x00000000df000000|100%| E|  |TAMS 0x00000000de000000| PB 0x00000000de000000| Complete
[5.226s][trace][gc,heap,region] GC(13) |  63|0x00000000df000000, 0x00000000e0000000, 0x00000000e0000000|100%| E|CS|TAMS 0x00000000df000000| PB 0x00000000df000000| Complete
[5.231s][trace][gc,heap,region] GC(13) Heap Regions: E=young(eden), S=young(survivor), O=old, HS=humongous(starts), HC=humongous(continues), CS=collection set, F=free, TAMS=top-at-mark-start, PB=parsable bottom
[5.231s][trace][gc,heap,region] GC(13) |   0|0x00000000a0000000, 0x00000000a0000000, 0x00000000a1000000|  0%| F|  |TAMS 0x00000000a0000000| PB 0x00000000a0000000| Untracked
[5.231s][trace][gc,heap,region] GC(13) |   1|0x00000000a1000000, 0x00000000a1000000, 0x00000000a2000000|  0%| F|  |TAMS 0x00000000a1000000| PB 0x00000000a1000000| Untracked
[5.231s][trace][gc,heap,region] GC(13) |   2|0x00000000a2000000, 0x00000000a2000000, 0x00000000a3000000|  0%| F|  |TAMS 0x00000000a2000000| PB 0x00000000a2000000| Untracked
[5.231s][trace][gc,heap,region] GC(13) |   3|0x00000000a3000000, 0x00000000a39c7038, 0x00000000a4000000| 61%| O|  |TAMS 0x00000000a3000000| PB 0x00000000a3000000| Untracked
[5.231s][trace][gc,heap,region] GC(13) |   4|0x00000000a4000000, 0x00000000a4000000, 0x00000000a5000000|  0%| F|  |TAMS 0x00000000a4000000| PB 0x00000000a4000000| Untracked
[5.231s][trace][gc,heap,region] GC(13) |   5|0x00000000a5000000, 0x00000000a5000000, 0x00000000a6000000|  0%| F|  |TAMS 0x00000000a5000000| PB 0x00000000a5000000| Untracked
[5.231s][trace][gc,heap,region] GC(13) |   6|0x00000000a6000000, 0x00000000a6000000, 0x00000000a7000000|  0%| F|  |TAMS 0x00000000a6000000| PB 0x00000000a6000000| Untracked
[5.231s][trace][gc,heap,region] GC(13) |   7|0x00000000a7000000, 0x00000000a7000000, 0x00000000a8000000|  0%| F|  |TAMS 0x00000000a7000000| PB 0x00000000a7000000| Untracked
[5.231s][trace][gc,heap,region] GC(13) |   8|0x00000000a8000000, 0x00000000a8000000, 0x00000000a9000000|  0%| F|  |TAMS 0x00000000a8000000| PB 0x00000000a8000000| Untracked
[5.231s][trace][gc,heap,region] GC(13) |   9|0x00000000a9000000, 0x00000000a9000000, 0x00000000aa000000|  0%| F|  |TAMS 0x00000000a9000000| PB 0x00000000a9000000| Untracked
[5.231s][trace][gc,heap,region] GC(13) |  10|0x00000000aa000000, 0x00000000aa000000, 0x00000000ab000000|  0%| F|  |TAMS 0x00000000aa000000| PB 0x00000000aa000000| Untracked
[5.231s][trace][gc,heap,region] GC(13) |  11|0x00000000ab000000, 0x00000000ab000000, 0x00000000ac000000|  0%| F|  |TAMS 0x00000000ab000000| PB 0x00000000ab000000| Untracked
[5.231s][trace][gc,heap,region] GC(13) |  12|0x00000000ac000000, 0x00000000ac000000, 0x00000000ad000000|  0%| F|  |TAMS 0x00000000ac000000| PB 0x00000000ac000000| Untracked
[5.231s][trace][gc,heap,region] GC(13) |  13|0x00000000ad000000, 0x00000000ad000000, 0x00000000ae000000|  0%| F|  |TAMS 0x00000000ad000000| PB 0x00000000ad000000| Untracked
[5.231s][trace][gc,heap,region] GC(13) |  14|0x00000000ae000000, 0x00000000ae000000, 0x00000000af000000|  0%| F|  |TAMS 0x00000000ae000000| PB 0x00000000ae000000| Untracked
[5.231s][trace][gc,heap,region] GC(13) |  15|0x00000000af000000, 0x00000000af000000, 0x00000000b0000000|  0%| F|  |TAMS 0x00000000af000000| PB 0x00000000af000000| Untracked
[5.231s][trace][gc,heap,region] GC(13) |  16|0x00000000b0000000, 0x00000000b0000000, 0x00000000b1000000|  0%| F|  |TAMS 0x00000000b0000000| PB 0x00000000b0000000| Untracked
[5.231s][trace][gc,heap,region] GC(13) |  17|0x00000000b1000000, 0x00000000b1000000, 0x00000000b2000000|  0%| F|  |TAMS 0x00000000b1000000| PB 0x00000000b1000000| Untracked
[5.231s][trace][gc,heap,region] GC(13) |  18|0x00000000b2000000, 0x00000000b2000000, 0x00000000b3000000|  0%| F|  |TAMS 0x00000000b2000000| PB 0x00000000b2000000| Untracked
[5.231s][trace][gc,heap,region] GC(13) |  19|0x00000000b3000000, 0x00000000b3000000, 0x00000000b4000000|  0%| F|  |TAMS 0x00000000b3000000| PB 0x00000000b3000000| Untracked
[5.231s][trace][gc,heap,region] GC(13) |  20|0x00000000b4000000, 0x00000000b4000000, 0x00000000b5000000|  0%| F|  |TAMS 0x00000000b4000000| PB 0x00000000b4000000| Untracked
[5.231s][trace][gc,heap,region] GC(13) |  21|0x00000000b5000000, 0x00000000b5000000, 0x00000000b6000000|  0%| F|  |TAMS 0x00000000b5000000| PB 0x00000000b5000000| Untracked
[5.231s][trace][gc,heap,region] GC(13) |  22|0x00000000b6000000, 0x00000000b6000000, 0x00000000b7000000|  0%| F|  |TAMS 0x00000000b6000000| PB 0x00000000b6000000| Untracked
[5.231s][trace][gc,heap,region] GC(13) |  23|0x00000000b7000000, 0x00000000b7000000, 0x00000000b8000000|  0%| F|  |TAMS 0x00000000b7000000| PB 0x00000000b7000000| Untracked
[5.231s][trace][gc,heap,region] GC(13) |  24|0x00000000b8000000, 0x00000000b8000000, 0x00000000b9000000|  0%| F|  |TAMS 0x00000000b8000000| PB 0x00000000b8000000| Untracked
[5.231s][trace][gc,heap,region] GC(13) |  25|0x00000000b9000000, 0x00000000b9000000, 0x00000000ba000000|  0%| F|  |TAMS 0x00000000b9000000| PB 0x00000000b9000000| Untracked
[5.231s][trace][gc,heap,region] GC(13) |  26|0x00000000ba000000, 0x00000000ba9669c8, 0x00000000bb000000| 58%| S|CS|TAMS 0x00000000ba000000| PB 0x00000000ba000000| Complete
[5.231s][trace][gc,heap,region] GC(13) |  27|0x00000000bb000000, 0x00000000bb000000, 0x00000000bc000000|  0%| F|  |TAMS 0x00000000bb000000| PB 0x00000000bb000000| Untracked
[5.231s][trace][gc,heap,region] GC(13) |  28|0x00000000bc000000, 0x00000000bc000000, 0x00000000bd000000|  0%| F|  |TAMS 0x00000000bc000000| PB 0x00000000bc000000| Untracked
[5.231s][trace][gc,heap,region] GC(13) |  29|0x00000000bd000000, 0x00000000bd000000, 0x00000000be000000|  0%| F|  |TAMS 0x00000000bd000000| PB 0x00000000bd000000| Untracked
[5.231s][trace][gc,heap,region] GC(13) |  30|0x00000000be000000, 0x00000000be000000, 0x00000000bf000000|  0%| F|  |TAMS 0x00000000be000000| PB 0x00000000be000000| Untracked
[5.231s][trace][gc,heap,region] GC(13) |  31|0x00000000bf000000, 0x00000000bf000000, 0x00000000c0000000|  0%| F|  |TAMS 0x00000000bf000000| PB 0x00000000bf000000| Untracked
[5.231s][trace][gc,heap,region] GC(13) |  32|0x00000000c0000000, 0x00000000c0000000, 0x00000000c1000000|  0%| F|  |TAMS 0x00000000c0000000| PB 0x00000000c0000000| Untracked
[5.231s][trace][gc,heap,region] GC(13) |  33|0x00000000c1000000, 0x00000000c1000000, 0x00000000c2000000|  0%| F|  |TAMS 0x00000000c1000000| PB 0x00000000c1000000| Untracked
[5.231s][trace][gc,heap,region] GC(13) |  34|0x00000000c2000000, 0x00000000c2000000, 0x00000000c3000000|  0%| F|  |TAMS 0x00000000c2000000| PB 0x00000000c2000000| Untracked
[5.231s][trace][gc,heap,region] GC(13) |  35|0x00000000c3000000, 0x00000000c3000000, 0x00000000c4000000|  0%| F|  |TAMS 0x00000000c3000000| PB 0x00000000c3000000| Untracked
[5.231s][trace][gc,heap,region] GC(13) |  36|0x00000000c4000000, 0x00000000c4000000, 0x00000000c5000000|  0%| F|  |TAMS 0x00000000c4000000| PB 0x00000000c4000000| Untracked
[5.231s][trace][gc,heap,region] GC(13) |  37|0x00000000c5000000, 0x00000000c5000000, 0x00000000c6000000|  0%| F|  |TAMS 0x00000000c5000000| PB 0x00000000c5000000| Untracked
[5.231s][trace][gc,heap,region] GC(13) |  38|0x00000000c6000000, 0x00000000c6000000, 0x00000000c7000000|  0%| F|  |TAMS 0x00000000c6000000| PB 0x00000000c6000000| Untracked
[5.231s][trace][gc,heap,region] GC(13) |  39|0x00000000c7000000, 0x00000000c7000000, 0x00000000c8000000|  0%| F|  |TAMS 0x00000000c7000000| PB 0x00000000c7000000| Untracked
[5.231s][trace][gc,heap,region] GC(13) |  40|0x00000000c8000000, 0x00000000c8000000, 0x00000000c9000000|  0%| F|  |TAMS 0x00000000c8000000| PB 0x00000000c8000000| Untracked
[5.231s][trace][gc,heap,region] GC(13) |  41|0x00000000c9000000, 0x00000000c9000000, 0x00000000ca000000|  0%| F|  |TAMS 0x00000000c9000000| PB 0x00000000c9000000| Untracked
[5.231s][trace][gc,heap,region] GC(13) |  42|0x00000000ca000000, 0x00000000ca000000, 0x00000000cb000000|  0%| F|  |TAMS 0x00000000ca000000| PB 0x00000000ca000000| Untracked
[5.231s][trace][gc,heap,region] GC(13) |  43|0x00000000cb000000, 0x00000000cb000000, 0x00000000cc000000|  0%| F|  |TAMS 0x00000000cb000000| PB 0x00000000cb000000| Untracked
[5.231s][trace][gc,heap,region] GC(13) |  44|0x00000000cc000000, 0x00000000cc000000, 0x00000000cd000000|  0%| F|  |TAMS 0x00000000cc000000| PB 0x00000000cc000000| Untracked
[5.231s][trace][gc,heap,region] GC(13) |  45|0x00000000cd000000, 0x00000000cd000000, 0x00000000ce000000|  0%| F|  |TAMS 0x00000000cd000000| PB 0x00000000cd000000| Untracked
[5.231s][trace][gc,heap,region] GC(13) |  46|0x00000000ce000000, 0x00000000ce000000, 0x00000000cf000000|  0%| F|  |TAMS 0x00000000ce000000| PB 0x00000000ce000000| Untracked
[5.231s][trace][gc,heap,region] GC(13) |  47|0x00000000cf000000, 0x00000000cf000000, 0x00000000d0000000|  0%| F|  |TAMS 0x00000000cf000000| PB 0x00000000cf000000| Untracked
[5.231s][trace][gc,heap,region] GC(13) |  48|0x00000000d0000000, 0x00000000d0000000, 0x00000000d1000000|  0%| F|  |TAMS 0x00000000d0000000| PB 0x00000000d0000000| Untracked
[5.231s][trace][gc,heap,region] GC(13) |  49|0x00000000d1000000, 0x00000000d1000000, 0x00000000d2000000|  0%| F|  |TAMS 0x00000000d1000000| PB 0x00000000d1000000| Untracked
[5.231s][trace][gc,heap,region] GC(13) |  50|0x00000000d2000000, 0x00000000d2000000, 0x00000000d3000000|  0%| F|  |TAMS 0x00000000d2000000| PB 0x00000000d2000000| Untracked
[5.231s][trace][gc,heap,region] GC(13) |  51|0x00000000d3000000, 0x00000000d3000000, 0x00000000d4000000|  0%| F|  |TAMS 0x00000000d3000000| PB 0x00000000d3000000| Untracked
[5.231s][trace][gc,heap,region] GC(13) |  52|0x00000000d4000000, 0x00000000d4000000, 0x00000000d5000000|  0%| F|  |TAMS 0x00000000d4000000| PB 0x00000000d4000000| Untracked
[5.231s][trace][gc,heap,region] GC(13) |  53|0x00000000d5000000, 0x00000000d5000000, 0x00000000d6000000|  0%| F|  |TAMS 0x00000000d5000000| PB 0x00000000d5000000| Untracked
[5.231s][trace][gc,heap,region] GC(13) |  54|0x00000000d6000000, 0x00000000d6000000, 0x00000000d7000000|  0%| F|  |TAMS 0x00000000d6000000| PB 0x00000000d6000000| Untracked
[5.231s][trace][gc,heap,region] GC(13) |  55|0x00000000d7000000, 0x00000000d7000000, 0x00000000d8000000|  0%| F|  |TAMS 0x00000000d7000000| PB 0x00000000d7000000| Untracked
[5.231s][trace][gc,heap,region] GC(13) |  56|0x00000000d8000000, 0x00000000d8000000, 0x00000000d9000000|  0%| F|  |TAMS 0x00000000d8000000| PB 0x00000000d8000000| Untracked
[5.231s][trace][gc,heap,region] GC(13) |  57|0x00000000d9000000, 0x00000000d9000000, 0x00000000da000000|  0%| F|  |TAMS 0x00000000d9000000| PB 0x00000000d9000000| Untracked
[5.231s][trace][gc,heap,region] GC(13) |  58|0x00000000da000000, 0x00000000da000000, 0x00000000db000000|  0%| F|  |TAMS 0x00000000da000000| PB 0x00000000da000000| Untracked
[5.231s][trace][gc,heap,region] GC(13) |  59|0x00000000db000000, 0x00000000db000000, 0x00000000dc000000|  0%| F|  |TAMS 0x00000000db000000| PB 0x00000000db000000| Untracked
[5.231s][trace][gc,heap,region] GC(13) |  60|0x00000000dc000000, 0x00000000dc000000, 0x00000000dd000000|  0%| F|  |TAMS 0x00000000dc000000| PB 0x00000000dc000000| Untracked
[5.231s][trace][gc,heap,region] GC(13) |  61|0x00000000dd000000, 0x00000000dd000000, 0x00000000de000000|  0%| F|  |TAMS 0x00000000dd000000| PB 0x00000000dd000000| Untracked
[5.231s][trace][gc,heap,region] GC(13) |  62|0x00000000de000000, 0x00000000de000000, 0x00000000df000000|  0%| F|  |TAMS 0x00000000de000000| PB 0x00000000de000000| Untracked
[5.231s][trace][gc,heap,region] GC(13) |  63|0x00000000df000000, 0x00000000df000000, 0x00000000e0000000|  0%| F|  |TAMS 0x00000000df000000| PB 0x00000000df000000| Untracked
[5.860s][trace][gc,heap,region] GC(14) Heap Regions: E=young(eden), S=young(survivor), O=old, HS=humongous(starts), HC=humongous(continues), CS=collection set, F=free, TAMS=top-at-mark-start, PB=parsable bottom
[5.860s][trace][gc,heap,region] GC(14) |   0|0x00000000a0000000, 0x00000000a0000000, 0x00000000a1000000|  0%| F|  |TAMS 0x00000000a0000000| PB 0x00000000a0000000| Untracked
[5.860s][trace][gc,heap,region] GC(14) |   1|0x00000000a1000000, 0x00000000a1000000, 0x00000000a2000000|  0%| F|  |TAMS 0x00000000a1000000| PB 0x00000000a1000000| Untracked
[5.860s][trace][gc,heap,region] GC(14) |   2|0x00000000a2000000, 0x00000000a2000000, 0x00000000a3000000|  0%| F|  |TAMS 0x00000000a2000000| PB 0x00000000a2000000| Untracked
[5.860s][trace][gc,heap,region] GC(14) |   3|0x00000000a3000000, 0x00000000a39c7038, 0x00000000a4000000| 61%| O|  |TAMS 0x00000000a3000000| PB 0x00000000a3000000| Untracked
[5.860s][trace][gc,heap,region] GC(14) |   4|0x00000000a4000000, 0x00000000a4000000, 0x00000000a5000000|  0%| F|  |TAMS 0x00000000a4000000| PB 0x00000000a4000000| Untracked
[5.860s][trace][gc,heap,region] GC(14) |   5|0x00000000a5000000, 0x00000000a5000000, 0x00000000a6000000|  0%| F|  |TAMS 0x00000000a5000000| PB 0x00000000a5000000| Untracked
[5.860s][trace][gc,heap,region] GC(14) |   6|0x00000000a6000000, 0x00000000a6000000, 0x00000000a7000000|  0%| F|  |TAMS 0x00000000a6000000| PB 0x00000000a6000000| Untracked
[5.860s][trace][gc,heap,region] GC(14) |   7|0x00000000a7000000, 0x00000000a7000000, 0x00000000a8000000|  0%| F|  |TAMS 0x00000000a7000000| PB 0x00000000a7000000| Untracked
[5.860s][trace][gc,heap,region] GC(14) |   8|0x00000000a8000000, 0x00000000a8000000, 0x00000000a9000000|  0%| F|  |TAMS 0x00000000a8000000| PB 0x00000000a8000000| Untracked
[5.860s][trace][gc,heap,region] GC(14) |   9|0x00000000a9000000, 0x00000000a9000000, 0x00000000aa000000|  0%| F|  |TAMS 0x00000000a9000000| PB 0x00000000a9000000| Untracked
[5.860s][trace][gc,heap,region] GC(14) |  10|0x00000000aa000000, 0x00000000aa000000, 0x00000000ab000000|  0%| F|  |TAMS 0x00000000aa000000| PB 0x00000000aa000000| Untracked
[5.860s][trace][gc,heap,region] GC(14) |  11|0x00000000ab000000, 0x00000000ab000000, 0x00000000ac000000|  0%| F|  |TAMS 0x00000000ab000000| PB 0x00000000ab000000| Untracked
[5.860s][trace][gc,heap,region] GC(14) |  12|0x00000000ac000000, 0x00000000ac000000, 0x00000000ad000000|  0%| F|  |TAMS 0x00000000ac000000| PB 0x00000000ac000000| Untracked
[5.860s][trace][gc,heap,region] GC(14) |  13|0x00000000ad000000, 0x00000000ad000000, 0x00000000ae000000|  0%| F|  |TAMS 0x00000000ad000000| PB 0x00000000ad000000| Untracked
[5.860s][trace][gc,heap,region] GC(14) |  14|0x00000000ae000000, 0x00000000ae000000, 0x00000000af000000|  0%| F|  |TAMS 0x00000000ae000000| PB 0x00000000ae000000| Untracked
[5.860s][trace][gc,heap,region] GC(14) |  15|0x00000000af000000, 0x00000000af000000, 0x00000000b0000000|  0%| F|  |TAMS 0x00000000af000000| PB 0x00000000af000000| Untracked
[5.860s][trace][gc,heap,region] GC(14) |  16|0x00000000b0000000, 0x00000000b0000000, 0x00000000b1000000|  0%| F|  |TAMS 0x00000000b0000000| PB 0x00000000b0000000| Untracked
[5.860s][trace][gc,heap,region] GC(14) |  17|0x00000000b1000000, 0x00000000b1000000, 0x00000000b2000000|  0%| F|  |TAMS 0x00000000b1000000| PB 0x00000000b1000000| Untracked
[5.860s][trace][gc,heap,region] GC(14) |  18|0x00000000b2000000, 0x00000000b2000000, 0x00000000b3000000|  0%| F|  |TAMS 0x00000000b2000000| PB 0x00000000b2000000| Untracked
[5.860s][trace][gc,heap,region] GC(14) |  19|0x00000000b3000000, 0x00000000b3000000, 0x00000000b4000000|  0%| F|  |TAMS 0x00000000b3000000| PB 0x00000000b3000000| Untracked
[5.860s][trace][gc,heap,region] GC(14) |  20|0x00000000b4000000, 0x00000000b4000000, 0x00000000b5000000|  0%| F|  |TAMS 0x00000000b4000000| PB 0x00000000b4000000| Untracked
[5.860s][trace][gc,heap,region] GC(14) |  21|0x00000000b5000000, 0x00000000b5000000, 0x00000000b6000000|  0%| F|  |TAMS 0x00000000b5000000| PB 0x00000000b5000000| Untracked
[5.860s][trace][gc,heap,region] GC(14) |  22|0x00000000b6000000, 0x00000000b6000000, 0x00000000b7000000|  0%| F|  |TAMS 0x00000000b6000000| PB 0x00000000b6000000| Untracked
[5.860s][trace][gc,heap,region] GC(14) |  23|0x00000000b7000000, 0x00000000b7000000, 0x00000000b8000000|  0%| F|  |TAMS 0x00000000b7000000| PB 0x00000000b7000000| Untracked
[5.860s][trace][gc,heap,region] GC(14) |  24|0x00000000b8000000, 0x00000000b8000000, 0x00000000b9000000|  0%| F|  |TAMS 0x00000000b8000000| PB 0x00000000b8000000| Untracked
[5.860s][trace][gc,heap,region] GC(14) |  25|0x00000000b9000000, 0x00000000b9000000, 0x00000000ba000000|  0%| F|  |TAMS 0x00000000b9000000| PB 0x00000000b9000000| Untracked
[5.860s][trace][gc,heap,region] GC(14) |  26|0x00000000ba000000, 0x00000000ba9669c8, 0x00000000bb000000| 58%| S|CS|TAMS 0x00000000ba000000| PB 0x00000000ba000000| Complete
[5.860s][trace][gc,heap,region] GC(14) |  27|0x00000000bb000000, 0x00000000bc000000, 0x00000000bc000000|100%| E|CS|TAMS 0x00000000bb000000| PB 0x00000000bb000000| Complete
[5.860s][trace][gc,heap,region] GC(14) |  28|0x00000000bc000000, 0x00000000bd000000, 0x00000000bd000000|100%| E|CS|TAMS 0x00000000bc000000| PB 0x00000000bc000000| Complete
[5.860s][trace][gc,heap,region] GC(14) |  29|0x00000000bd000000, 0x00000000be000000, 0x00000000be000000|100%| E|CS|TAMS 0x00000000bd000000| PB 0x00000000bd000000| Complete
[5.860s][trace][gc,heap,region] GC(14) |  30|0x00000000be000000, 0x00000000bf000000, 0x00000000bf000000|100%| E|CS|TAMS 0x00000000be000000| PB 0x00000000be000000| Complete
[5.860s][trace][gc,heap,region] GC(14) |  31|0x00000000bf000000, 0x00000000c0000000, 0x00000000c0000000|100%| E|CS|TAMS 0x00000000bf000000| PB 0x00000000bf000000| Complete
[5.860s][trace][gc,heap,region] GC(14) |  32|0x00000000c0000000, 0x00000000c1000000, 0x00000000c1000000|100%| E|CS|TAMS 0x00000000c0000000| PB 0x00000000c0000000| Complete
[5.860s][trace][gc,heap,region] GC(14) |  33|0x00000000c1000000, 0x00000000c2000000, 0x00000000c2000000|100%| E|CS|TAMS 0x00000000c1000000| PB 0x00000000c1000000| Complete
[5.860s][trace][gc,heap,region] GC(14) |  34|0x00000000c2000000, 0x00000000c3000000, 0x00000000c3000000|100%| E|CS|TAMS 0x00000000c2000000| PB 0x00000000c2000000| Complete
[5.860s][trace][gc,heap,region] GC(14) |  35|0x00000000c3000000, 0x00000000c4000000, 0x00000000c4000000|100%| E|CS|TAMS 0x00000000c3000000| PB 0x00000000c3000000| Complete
[5.860s][trace][gc,heap,region] GC(14) |  36|0x00000000c4000000, 0x00000000c5000000, 0x00000000c5000000|100%| E|CS|TAMS 0x00000000c4000000| PB 0x00000000c4000000| Complete
[5.860s][trace][gc,heap,region] GC(14) |  37|0x00000000c5000000, 0x00000000c6000000, 0x00000000c6000000|100%| E|CS|TAMS 0x00000000c5000000| PB 0x00000000c5000000| Complete
[5.860s][trace][gc,heap,region] GC(14) |  38|0x00000000c6000000, 0x00000000c7000000, 0x00000000c7000000|100%| E|CS|TAMS 0x00000000c6000000| PB 0x00000000c6000000| Complete
[5.860s][trace][gc,heap,region] GC(14) |  39|0x00000000c7000000, 0x00000000c8000000, 0x00000000c8000000|100%| E|CS|TAMS 0x00000000c7000000| PB 0x00000000c7000000| Complete
[5.860s][trace][gc,heap,region] GC(14) |  40|0x00000000c8000000, 0x00000000c9000000, 0x00000000c9000000|100%| E|CS|TAMS 0x00000000c8000000| PB 0x00000000c8000000| Complete
[5.860s][trace][gc,heap,region] GC(14) |  41|0x00000000c9000000, 0x00000000ca000000, 0x00000000ca000000|100%| E|CS|TAMS 0x00000000c9000000| PB 0x00000000c9000000| Complete
[5.860s][trace][gc,heap,region] GC(14) |  42|0x00000000ca000000, 0x00000000cb000000, 0x00000000cb000000|100%| E|CS|TAMS 0x00000000ca000000| PB 0x00000000ca000000| Complete
[5.860s][trace][gc,heap,region] GC(14) |  43|0x00000000cb000000, 0x00000000cc000000, 0x00000000cc000000|100%| E|CS|TAMS 0x00000000cb000000| PB 0x00000000cb000000| Complete
[5.860s][trace][gc,heap,region] GC(14) |  44|0x00000000cc000000, 0x00000000cd000000, 0x00000000cd000000|100%| E|CS|TAMS 0x00000000cc000000| PB 0x00000000cc000000| Complete
[5.860s][trace][gc,heap,region] GC(14) |  45|0x00000000cd000000, 0x00000000ce000000, 0x00000000ce000000|100%| E|CS|TAMS 0x00000000cd000000| PB 0x00000000cd000000| Complete
[5.860s][trace][gc,heap,region] GC(14) |  46|0x00000000ce000000, 0x00000000cf000000, 0x00000000cf000000|100%| E|CS|TAMS 0x00000000ce000000| PB 0x00000000ce000000| Complete
[5.860s][trace][gc,heap,region] GC(14) |  47|0x00000000cf000000, 0x00000000d0000000, 0x00000000d0000000|100%| E|CS|TAMS 0x00000000cf000000| PB 0x00000000cf000000| Complete
[5.860s][trace][gc,heap,region] GC(14) |  48|0x00000000d0000000, 0x00000000d1000000, 0x00000000d1000000|100%| E|CS|TAMS 0x00000000d0000000| PB 0x00000000d0000000| Complete
[5.860s][trace][gc,heap,region] GC(14) |  49|0x00000000d1000000, 0x00000000d2000000, 0x00000000d2000000|100%| E|CS|TAMS 0x00000000d1000000| PB 0x00000000d1000000| Complete
[5.860s][trace][gc,heap,region] GC(14) |  50|0x00000000d2000000, 0x00000000d3000000, 0x00000000d3000000|100%| E|CS|TAMS 0x00000000d2000000| PB 0x00000000d2000000| Complete
[5.860s][trace][gc,heap,region] GC(14) |  51|0x00000000d3000000, 0x00000000d4000000, 0x00000000d4000000|100%| E|CS|TAMS 0x00000000d3000000| PB 0x00000000d3000000| Complete
[5.860s][trace][gc,heap,region] GC(14) |  52|0x00000000d4000000, 0x00000000d5000000, 0x00000000d5000000|100%| E|CS|TAMS 0x00000000d4000000| PB 0x00000000d4000000| Complete
[5.860s][trace][gc,heap,region] GC(14) |  53|0x00000000d5000000, 0x00000000d6000000, 0x00000000d6000000|100%| E|CS|TAMS 0x00000000d5000000| PB 0x00000000d5000000| Complete
[5.860s][trace][gc,heap,region] GC(14) |  54|0x00000000d6000000, 0x00000000d7000000, 0x00000000d7000000|100%| E|CS|TAMS 0x00000000d6000000| PB 0x00000000d6000000| Complete
[5.860s][trace][gc,heap,region] GC(14) |  55|0x00000000d7000000, 0x00000000d8000000, 0x00000000d8000000|100%| E|CS|TAMS 0x00000000d7000000| PB 0x00000000d7000000| Complete
[5.860s][trace][gc,heap,region] GC(14) |  56|0x00000000d8000000, 0x00000000d9000000, 0x00000000d9000000|100%| E|CS|TAMS 0x00000000d8000000| PB 0x00000000d8000000| Complete
[5.860s][trace][gc,heap,region] GC(14) |  57|0x00000000d9000000, 0x00000000da000000, 0x00000000da000000|100%| E|CS|TAMS 0x00000000d9000000| PB 0x00000000d9000000| Complete
[5.860s][trace][gc,heap,region] GC(14) |  58|0x00000000da000000, 0x00000000db000000, 0x00000000db000000|100%| E|CS|TAMS 0x00000000da000000| PB 0x00000000da000000| Complete
[5.860s][trace][gc,heap,region] GC(14) |  59|0x00000000db000000, 0x00000000dc000000, 0x00000000dc000000|100%| E|CS|TAMS 0x00000000db000000| PB 0x00000000db000000| Complete
[5.860s][trace][gc,heap,region] GC(14) |  60|0x00000000dc000000, 0x00000000dd000000, 0x00000000dd000000|100%| E|CS|TAMS 0x00000000dc000000| PB 0x00000000dc000000| Complete
[5.860s][trace][gc,heap,region] GC(14) |  61|0x00000000dd000000, 0x00000000de000000, 0x00000000de000000|100%| E|CS|TAMS 0x00000000dd000000| PB 0x00000000dd000000| Complete
[5.860s][trace][gc,heap,region] GC(14) |  62|0x00000000de000000, 0x00000000df000000, 0x00000000df000000|100%| E|CS|TAMS 0x00000000de000000| PB 0x00000000de000000| Complete
[5.860s][trace][gc,heap,region] GC(14) |  63|0x00000000df000000, 0x00000000e0000000, 0x00000000e0000000|100%| E|CS|TAMS 0x00000000df000000| PB 0x00000000df000000| Complete
[5.865s][trace][gc,heap,region] GC(14) Heap Regions: E=young(eden), S=young(survivor), O=old, HS=humongous(starts), HC=humongous(continues), CS=collection set, F=free, TAMS=top-at-mark-start, PB=parsable bottom
[5.865s][trace][gc,heap,region] GC(14) |   0|0x00000000a0000000, 0x00000000a0000000, 0x00000000a1000000|  0%| F|  |TAMS 0x00000000a0000000| PB 0x00000000a0000000| Untracked
[5.865s][trace][gc,heap,region] GC(14) |   1|0x00000000a1000000, 0x00000000a1000000, 0x00000000a2000000|  0%| F|  |TAMS 0x00000000a1000000| PB 0x00000000a1000000| Untracked
[5.865s][trace][gc,heap,region] GC(14) |   2|0x00000000a2000000, 0x00000000a2000000, 0x00000000a3000000|  0%| F|  |TAMS 0x00000000a2000000| PB 0x00000000a2000000| Untracked
[5.865s][trace][gc,heap,region] GC(14) |   3|0x00000000a3000000, 0x00000000a39c7038, 0x00000000a4000000| 61%| O|  |TAMS 0x00000000a3000000| PB 0x00000000a3000000| Untracked
[5.865s][trace][gc,heap,region] GC(14) |   4|0x00000000a4000000, 0x00000000a4000000, 0x00000000a5000000|  0%| F|  |TAMS 0x00000000a4000000| PB 0x00000000a4000000| Untracked
[5.865s][trace][gc,heap,region] GC(14) |   5|0x00000000a5000000, 0x00000000a5000000, 0x00000000a6000000|  0%| F|  |TAMS 0x00000000a5000000| PB 0x00000000a5000000| Untracked
[5.865s][trace][gc,heap,region] GC(14) |   6|0x00000000a6000000, 0x00000000a6000000, 0x00000000a7000000|  0%| F|  |TAMS 0x00000000a6000000| PB 0x00000000a6000000| Untracked
[5.865s][trace][gc,heap,region] GC(14) |   7|0x00000000a7000000, 0x00000000a7000000, 0x00000000a8000000|  0%| F|  |TAMS 0x00000000a7000000| PB 0x00000000a7000000| Untracked
[5.865s][trace][gc,heap,region] GC(14) |   8|0x00000000a8000000, 0x00000000a8000000, 0x00000000a9000000|  0%| F|  |TAMS 0x00000000a8000000| PB 0x00000000a8000000| Untracked
[5.865s][trace][gc,heap,region] GC(14) |   9|0x00000000a9000000, 0x00000000a9000000, 0x00000000aa000000|  0%| F|  |TAMS 0x00000000a9000000| PB 0x00000000a9000000| Untracked
[5.865s][trace][gc,heap,region] GC(14) |  10|0x00000000aa000000, 0x00000000aa000000, 0x00000000ab000000|  0%| F|  |TAMS 0x00000000aa000000| PB 0x00000000aa000000| Untracked
[5.865s][trace][gc,heap,region] GC(14) |  11|0x00000000ab000000, 0x00000000ab000000, 0x00000000ac000000|  0%| F|  |TAMS 0x00000000ab000000| PB 0x00000000ab000000| Untracked
[5.865s][trace][gc,heap,region] GC(14) |  12|0x00000000ac000000, 0x00000000ac000000, 0x00000000ad000000|  0%| F|  |TAMS 0x00000000ac000000| PB 0x00000000ac000000| Untracked
[5.865s][trace][gc,heap,region] GC(14) |  13|0x00000000ad000000, 0x00000000ad000000, 0x00000000ae000000|  0%| F|  |TAMS 0x00000000ad000000| PB 0x00000000ad000000| Untracked
[5.865s][trace][gc,heap,region] GC(14) |  14|0x00000000ae000000, 0x00000000ae000000, 0x00000000af000000|  0%| F|  |TAMS 0x00000000ae000000| PB 0x00000000ae000000| Untracked
[5.865s][trace][gc,heap,region] GC(14) |  15|0x00000000af000000, 0x00000000af000000, 0x00000000b0000000|  0%| F|  |TAMS 0x00000000af000000| PB 0x00000000af000000| Untracked
[5.865s][trace][gc,heap,region] GC(14) |  16|0x00000000b0000000, 0x00000000b0000000, 0x00000000b1000000|  0%| F|  |TAMS 0x00000000b0000000| PB 0x00000000b0000000| Untracked
[5.865s][trace][gc,heap,region] GC(14) |  17|0x00000000b1000000, 0x00000000b1000000, 0x00000000b2000000|  0%| F|  |TAMS 0x00000000b1000000| PB 0x00000000b1000000| Untracked
[5.865s][trace][gc,heap,region] GC(14) |  18|0x00000000b2000000, 0x00000000b2000000, 0x00000000b3000000|  0%| F|  |TAMS 0x00000000b2000000| PB 0x00000000b2000000| Untracked
[5.865s][trace][gc,heap,region] GC(14) |  19|0x00000000b3000000, 0x00000000b3000000, 0x00000000b4000000|  0%| F|  |TAMS 0x00000000b3000000| PB 0x00000000b3000000| Untracked
[5.865s][trace][gc,heap,region] GC(14) |  20|0x00000000b4000000, 0x00000000b4000000, 0x00000000b5000000|  0%| F|  |TAMS 0x00000000b4000000| PB 0x00000000b4000000| Untracked
[5.865s][trace][gc,heap,region] GC(14) |  21|0x00000000b5000000, 0x00000000b5000000, 0x00000000b6000000|  0%| F|  |TAMS 0x00000000b5000000| PB 0x00000000b5000000| Untracked
[5.865s][trace][gc,heap,region] GC(14) |  22|0x00000000b6000000, 0x00000000b6000000, 0x00000000b7000000|  0%| F|  |TAMS 0x00000000b6000000| PB 0x00000000b6000000| Untracked
[5.865s][trace][gc,heap,region] GC(14) |  23|0x00000000b7000000, 0x00000000b7000000, 0x00000000b8000000|  0%| F|  |TAMS 0x00000000b7000000| PB 0x00000000b7000000| Untracked
[5.865s][trace][gc,heap,region] GC(14) |  24|0x00000000b8000000, 0x00000000b8000000, 0x00000000b9000000|  0%| F|  |TAMS 0x00000000b8000000| PB 0x00000000b8000000| Untracked
[5.865s][trace][gc,heap,region] GC(14) |  25|0x00000000b9000000, 0x00000000b99250c0, 0x00000000ba000000| 57%| S|CS|TAMS 0x00000000b9000000| PB 0x00000000b9000000| Complete
[5.865s][trace][gc,heap,region] GC(14) |  26|0x00000000ba000000, 0x00000000ba000000, 0x00000000bb000000|  0%| F|  |TAMS 0x00000000ba000000| PB 0x00000000ba000000| Untracked
[5.865s][trace][gc,heap,region] GC(14) |  27|0x00000000bb000000, 0x00000000bb000000, 0x00000000bc000000|  0%| F|  |TAMS 0x00000000bb000000| PB 0x00000000bb000000| Untracked
[5.865s][trace][gc,heap,region] GC(14) |  28|0x00000000bc000000, 0x00000000bc000000, 0x00000000bd000000|  0%| F|  |TAMS 0x00000000bc000000| PB 0x00000000bc000000| Untracked
[5.865s][trace][gc,heap,region] GC(14) |  29|0x00000000bd000000, 0x00000000bd000000, 0x00000000be000000|  0%| F|  |TAMS 0x00000000bd000000| PB 0x00000000bd000000| Untracked
[5.865s][trace][gc,heap,region] GC(14) |  30|0x00000000be000000, 0x00000000be000000, 0x00000000bf000000|  0%| F|  |TAMS 0x00000000be000000| PB 0x00000000be000000| Untracked
[5.865s][trace][gc,heap,region] GC(14) |  31|0x00000000bf000000, 0x00000000bf000000, 0x00000000c0000000|  0%| F|  |TAMS 0x00000000bf000000| PB 0x00000000bf000000| Untracked
[5.865s][trace][gc,heap,region] GC(14) |  32|0x00000000c0000000, 0x00000000c0000000, 0x00000000c1000000|  0%| F|  |TAMS 0x00000000c0000000| PB 0x00000000c0000000| Untracked
[5.865s][trace][gc,heap,region] GC(14) |  33|0x00000000c1000000, 0x00000000c1000000, 0x00000000c2000000|  0%| F|  |TAMS 0x00000000c1000000| PB 0x00000000c1000000| Untracked
[5.865s][trace][gc,heap,region] GC(14) |  34|0x00000000c2000000, 0x00000000c2000000, 0x00000000c3000000|  0%| F|  |TAMS 0x00000000c2000000| PB 0x00000000c2000000| Untracked
[5.865s][trace][gc,heap,region] GC(14) |  35|0x00000000c3000000, 0x00000000c3000000, 0x00000000c4000000|  0%| F|  |TAMS 0x00000000c3000000| PB 0x00000000c3000000| Untracked
[5.865s][trace][gc,heap,region] GC(14) |  36|0x00000000c4000000, 0x00000000c4000000, 0x00000000c5000000|  0%| F|  |TAMS 0x00000000c4000000| PB 0x00000000c4000000| Untracked
[5.865s][trace][gc,heap,region] GC(14) |  37|0x00000000c5000000, 0x00000000c5000000, 0x00000000c6000000|  0%| F|  |TAMS 0x00000000c5000000| PB 0x00000000c5000000| Untracked
[5.865s][trace][gc,heap,region] GC(14) |  38|0x00000000c6000000, 0x00000000c6000000, 0x00000000c7000000|  0%| F|  |TAMS 0x00000000c6000000| PB 0x00000000c6000000| Untracked
[5.865s][trace][gc,heap,region] GC(14) |  39|0x00000000c7000000, 0x00000000c7000000, 0x00000000c8000000|  0%| F|  |TAMS 0x00000000c7000000| PB 0x00000000c7000000| Untracked
[5.865s][trace][gc,heap,region] GC(14) |  40|0x00000000c8000000, 0x00000000c8000000, 0x00000000c9000000|  0%| F|  |TAMS 0x00000000c8000000| PB 0x00000000c8000000| Untracked
[5.865s][trace][gc,heap,region] GC(14) |  41|0x00000000c9000000, 0x00000000c9000000, 0x00000000ca000000|  0%| F|  |TAMS 0x00000000c9000000| PB 0x00000000c9000000| Untracked
[5.865s][trace][gc,heap,region] GC(14) |  42|0x00000000ca000000, 0x00000000ca000000, 0x00000000cb000000|  0%| F|  |TAMS 0x00000000ca000000| PB 0x00000000ca000000| Untracked
[5.865s][trace][gc,heap,region] GC(14) |  43|0x00000000cb000000, 0x00000000cb000000, 0x00000000cc000000|  0%| F|  |TAMS 0x00000000cb000000| PB 0x00000000cb000000| Untracked
[5.865s][trace][gc,heap,region] GC(14) |  44|0x00000000cc000000, 0x00000000cc000000, 0x00000000cd000000|  0%| F|  |TAMS 0x00000000cc000000| PB 0x00000000cc000000| Untracked
[5.865s][trace][gc,heap,region] GC(14) |  45|0x00000000cd000000, 0x00000000cd000000, 0x00000000ce000000|  0%| F|  |TAMS 0x00000000cd000000| PB 0x00000000cd000000| Untracked
[5.865s][trace][gc,heap,region] GC(14) |  46|0x00000000ce000000, 0x00000000ce000000, 0x00000000cf000000|  0%| F|  |TAMS 0x00000000ce000000| PB 0x00000000ce000000| Untracked
[5.865s][trace][gc,heap,region] GC(14) |  47|0x00000000cf000000, 0x00000000cf000000, 0x00000000d0000000|  0%| F|  |TAMS 0x00000000cf000000| PB 0x00000000cf000000| Untracked
[5.865s][trace][gc,heap,region] GC(14) |  48|0x00000000d0000000, 0x00000000d0000000, 0x00000000d1000000|  0%| F|  |TAMS 0x00000000d0000000| PB 0x00000000d0000000| Untracked
[5.865s][trace][gc,heap,region] GC(14) |  49|0x00000000d1000000, 0x00000000d1000000, 0x00000000d2000000|  0%| F|  |TAMS 0x00000000d1000000| PB 0x00000000d1000000| Untracked
[5.865s][trace][gc,heap,region] GC(14) |  50|0x00000000d2000000, 0x00000000d2000000, 0x00000000d3000000|  0%| F|  |TAMS 0x00000000d2000000| PB 0x00000000d2000000| Untracked
[5.865s][trace][gc,heap,region] GC(14) |  51|0x00000000d3000000, 0x00000000d3000000, 0x00000000d4000000|  0%| F|  |TAMS 0x00000000d3000000| PB 0x00000000d3000000| Untracked
[5.865s][trace][gc,heap,region] GC(14) |  52|0x00000000d4000000, 0x00000000d4000000, 0x00000000d5000000|  0%| F|  |TAMS 0x00000000d4000000| PB 0x00000000d4000000| Untracked
[5.865s][trace][gc,heap,region] GC(14) |  53|0x00000000d5000000, 0x00000000d5000000, 0x00000000d6000000|  0%| F|  |TAMS 0x00000000d5000000| PB 0x00000000d5000000| Untracked
[5.865s][trace][gc,heap,region] GC(14) |  54|0x00000000d6000000, 0x00000000d6000000, 0x00000000d7000000|  0%| F|  |TAMS 0x00000000d6000000| PB 0x00000000d6000000| Untracked
[5.865s][trace][gc,heap,region] GC(14) |  55|0x00000000d7000000, 0x00000000d7000000, 0x00000000d8000000|  0%| F|  |TAMS 0x00000000d7000000| PB 0x00000000d7000000| Untracked
[5.865s][trace][gc,heap,region] GC(14) |  56|0x00000000d8000000, 0x00000000d8000000, 0x00000000d9000000|  0%| F|  |TAMS 0x00000000d8000000| PB 0x00000000d8000000| Untracked
[5.865s][trace][gc,heap,region] GC(14) |  57|0x00000000d9000000, 0x00000000d9000000, 0x00000000da000000|  0%| F|  |TAMS 0x00000000d9000000| PB 0x00000000d9000000| Untracked
[5.865s][trace][gc,heap,region] GC(14) |  58|0x00000000da000000, 0x00000000da000000, 0x00000000db000000|  0%| F|  |TAMS 0x00000000da000000| PB 0x00000000da000000| Untracked
[5.865s][trace][gc,heap,region] GC(14) |  59|0x00000000db000000, 0x00000000db000000, 0x00000000dc000000|  0%| F|  |TAMS 0x00000000db000000| PB 0x00000000db000000| Untracked
[5.865s][trace][gc,heap,region] GC(14) |  60|0x00000000dc000000, 0x00000000dc000000, 0x00000000dd000000|  0%| F|  |TAMS 0x00000000dc000000| PB 0x00000000dc000000| Untracked
[5.865s][trace][gc,heap,region] GC(14) |  61|0x00000000dd000000, 0x00000000dd000000, 0x00000000de000000|  0%| F|  |TAMS 0x00000000dd000000| PB 0x00000000dd000000| Untracked
[5.865s][trace][gc,heap,region] GC(14) |  62|0x00000000de000000, 0x00000000de000000, 0x00000000df000000|  0%| F|  |TAMS 0x00000000de000000| PB 0x00000000de000000| Untracked
[5.865s][trace][gc,heap,region] GC(14) |  63|0x00000000df000000, 0x00000000df000000, 0x00000000e0000000|  0%| F|  |TAMS 0x00000000df000000| PB 0x00000000df000000| Untracked
[6.488s][trace][gc,heap,region] GC(15) Heap Regions: E=young(eden), S=young(survivor), O=old, HS=humongous(starts), HC=humongous(continues), CS=collection set, F=free, TAMS=top-at-mark-start, PB=parsable bottom
[6.488s][trace][gc,heap,region] GC(15) |   0|0x00000000a0000000, 0x00000000a0000000, 0x00000000a1000000|  0%| F|  |TAMS 0x00000000a0000000| PB 0x00000000a0000000| Untracked
[6.488s][trace][gc,heap,region] GC(15) |   1|0x00000000a1000000, 0x00000000a1000000, 0x00000000a2000000|  0%| F|  |TAMS 0x00000000a1000000| PB 0x00000000a1000000| Untracked
[6.488s][trace][gc,heap,region] GC(15) |   2|0x00000000a2000000, 0x00000000a2000000, 0x00000000a3000000|  0%| F|  |TAMS 0x00000000a2000000| PB 0x00000000a2000000| Untracked
[6.488s][trace][gc,heap,region] GC(15) |   3|0x00000000a3000000, 0x00000000a39c7038, 0x00000000a4000000| 61%| O|  |TAMS 0x00000000a3000000| PB 0x00000000a3000000| Untracked
[6.488s][trace][gc,heap,region] GC(15) |   4|0x00000000a4000000, 0x00000000a4000000, 0x00000000a5000000|  0%| F|  |TAMS 0x00000000a4000000| PB 0x00000000a4000000| Untracked
[6.488s][trace][gc,heap,region] GC(15) |   5|0x00000000a5000000, 0x00000000a5000000, 0x00000000a6000000|  0%| F|  |TAMS 0x00000000a5000000| PB 0x00000000a5000000| Untracked
[6.488s][trace][gc,heap,region] GC(15) |   6|0x00000000a6000000, 0x00000000a6000000, 0x00000000a7000000|  0%| F|  |TAMS 0x00000000a6000000| PB 0x00000000a6000000| Untracked
[6.488s][trace][gc,heap,region] GC(15) |   7|0x00000000a7000000, 0x00000000a7000000, 0x00000000a8000000|  0%| F|  |TAMS 0x00000000a7000000| PB 0x00000000a7000000| Untracked
[6.488s][trace][gc,heap,region] GC(15) |   8|0x00000000a8000000, 0x00000000a8000000, 0x00000000a9000000|  0%| F|  |TAMS 0x00000000a8000000| PB 0x00000000a8000000| Untracked
[6.488s][trace][gc,heap,region] GC(15) |   9|0x00000000a9000000, 0x00000000a9000000, 0x00000000aa000000|  0%| F|  |TAMS 0x00000000a9000000| PB 0x00000000a9000000| Untracked
[6.488s][trace][gc,heap,region] GC(15) |  10|0x00000000aa000000, 0x00000000aa000000, 0x00000000ab000000|  0%| F|  |TAMS 0x00000000aa000000| PB 0x00000000aa000000| Untracked
[6.488s][trace][gc,heap,region] GC(15) |  11|0x00000000ab000000, 0x00000000ab000000, 0x00000000ac000000|  0%| F|  |TAMS 0x00000000ab000000| PB 0x00000000ab000000| Untracked
[6.488s][trace][gc,heap,region] GC(15) |  12|0x00000000ac000000, 0x00000000ac000000, 0x00000000ad000000|  0%| F|  |TAMS 0x00000000ac000000| PB 0x00000000ac000000| Untracked
[6.488s][trace][gc,heap,region] GC(15) |  13|0x00000000ad000000, 0x00000000ad000000, 0x00000000ae000000|  0%| F|  |TAMS 0x00000000ad000000| PB 0x00000000ad000000| Untracked
[6.488s][trace][gc,heap,region] GC(15) |  14|0x00000000ae000000, 0x00000000ae000000, 0x00000000af000000|  0%| F|  |TAMS 0x00000000ae000000| PB 0x00000000ae000000| Untracked
[6.488s][trace][gc,heap,region] GC(15) |  15|0x00000000af000000, 0x00000000af000000, 0x00000000b0000000|  0%| F|  |TAMS 0x00000000af000000| PB 0x00000000af000000| Untracked
[6.488s][trace][gc,heap,region] GC(15) |  16|0x00000000b0000000, 0x00000000b0000000, 0x00000000b1000000|  0%| F|  |TAMS 0x00000000b0000000| PB 0x00000000b0000000| Untracked
[6.488s][trace][gc,heap,region] GC(15) |  17|0x00000000b1000000, 0x00000000b1000000, 0x00000000b2000000|  0%| F|  |TAMS 0x00000000b1000000| PB 0x00000000b1000000| Untracked
[6.488s][trace][gc,heap,region] GC(15) |  18|0x00000000b2000000, 0x00000000b2000000, 0x00000000b3000000|  0%| F|  |TAMS 0x00000000b2000000| PB 0x00000000b2000000| Untracked
[6.488s][trace][gc,heap,region] GC(15) |  19|0x00000000b3000000, 0x00000000b3000000, 0x00000000b4000000|  0%| F|  |TAMS 0x00000000b3000000| PB 0x00000000b3000000| Untracked
[6.488s][trace][gc,heap,region] GC(15) |  20|0x00000000b4000000, 0x00000000b4000000, 0x00000000b5000000|  0%| F|  |TAMS 0x00000000b4000000| PB 0x00000000b4000000| Untracked
[6.488s][trace][gc,heap,region] GC(15) |  21|0x00000000b5000000, 0x00000000b5000000, 0x00000000b6000000|  0%| F|  |TAMS 0x00000000b5000000| PB 0x00000000b5000000| Untracked
[6.488s][trace][gc,heap,region] GC(15) |  22|0x00000000b6000000, 0x00000000b6000000, 0x00000000b7000000|  0%| F|  |TAMS 0x00000000b6000000| PB 0x00000000b6000000| Untracked
[6.488s][trace][gc,heap,region] GC(15) |  23|0x00000000b7000000, 0x00000000b7000000, 0x00000000b8000000|  0%| F|  |TAMS 0x00000000b7000000| PB 0x00000000b7000000| Untracked
[6.488s][trace][gc,heap,region] GC(15) |  24|0x00000000b8000000, 0x00000000b8000000, 0x00000000b9000000|  0%| F|  |TAMS 0x00000000b8000000| PB 0x00000000b8000000| Untracked
[6.488s][trace][gc,heap,region] GC(15) |  25|0x00000000b9000000, 0x00000000b99250c0, 0x00000000ba000000| 57%| S|CS|TAMS 0x00000000b9000000| PB 0x00000000b9000000| Complete
[6.488s][trace][gc,heap,region] GC(15) |  26|0x00000000ba000000, 0x00000000ba000000, 0x00000000bb000000|  0%| F|  |TAMS 0x00000000ba000000| PB 0x00000000ba000000| Untracked
[6.488s][trace][gc,heap,region] GC(15) |  27|0x00000000bb000000, 0x00000000bc000000, 0x00000000bc000000|100%| E|CS|TAMS 0x00000000bb000000| PB 0x00000000bb000000| Complete
[6.488s][trace][gc,heap,region] GC(15) |  28|0x00000000bc000000, 0x00000000bd000000, 0x00000000bd000000|100%| E|CS|TAMS 0x00000000bc000000| PB 0x00000000bc000000| Complete
[6.488s][trace][gc,heap,region] GC(15) |  29|0x00000000bd000000, 0x00000000be000000, 0x00000000be000000|100%| E|CS|TAMS 0x00000000bd000000| PB 0x00000000bd000000| Complete
[6.488s][trace][gc,heap,region] GC(15) |  30|0x00000000be000000, 0x00000000bf000000, 0x00000000bf000000|100%| E|CS|TAMS 0x00000000be000000| PB 0x00000000be000000| Complete
[6.488s][trace][gc,heap,region] GC(15) |  31|0x00000000bf000000, 0x00000000c0000000, 0x00000000c0000000|100%| E|CS|TAMS 0x00000000bf000000| PB 0x00000000bf000000| Complete
[6.488s][trace][gc,heap,region] GC(15) |  32|0x00000000c0000000, 0x00000000c1000000, 0x00000000c1000000|100%| E|CS|TAMS 0x00000000c0000000| PB 0x00000000c0000000| Complete
[6.488s][trace][gc,heap,region] GC(15) |  33|0x00000000c1000000, 0x00000000c2000000, 0x00000000c2000000|100%| E|CS|TAMS 0x00000000c1000000| PB 0x00000000c1000000| Complete
[6.488s][trace][gc,heap,region] GC(15) |  34|0x00000000c2000000, 0x00000000c3000000, 0x00000000c3000000|100%| E|CS|TAMS 0x00000000c2000000| PB 0x00000000c2000000| Complete
[6.488s][trace][gc,heap,region] GC(15) |  35|0x00000000c3000000, 0x00000000c4000000, 0x00000000c4000000|100%| E|CS|TAMS 0x00000000c3000000| PB 0x00000000c3000000| Complete
[6.488s][trace][gc,heap,region] GC(15) |  36|0x00000000c4000000, 0x00000000c5000000, 0x00000000c5000000|100%| E|CS|TAMS 0x00000000c4000000| PB 0x00000000c4000000| Complete
[6.488s][trace][gc,heap,region] GC(15) |  37|0x00000000c5000000, 0x00000000c6000000, 0x00000000c6000000|100%| E|CS|TAMS 0x00000000c5000000| PB 0x00000000c5000000| Complete
[6.488s][trace][gc,heap,region] GC(15) |  38|0x00000000c6000000, 0x00000000c7000000, 0x00000000c7000000|100%| E|CS|TAMS 0x00000000c6000000| PB 0x00000000c6000000| Complete
[6.488s][trace][gc,heap,region] GC(15) |  39|0x00000000c7000000, 0x00000000c8000000, 0x00000000c8000000|100%| E|CS|TAMS 0x00000000c7000000| PB 0x00000000c7000000| Complete
[6.488s][trace][gc,heap,region] GC(15) |  40|0x00000000c8000000, 0x00000000c9000000, 0x00000000c9000000|100%| E|CS|TAMS 0x00000000c8000000| PB 0x00000000c8000000| Complete
[6.488s][trace][gc,heap,region] GC(15) |  41|0x00000000c9000000, 0x00000000ca000000, 0x00000000ca000000|100%| E|CS|TAMS 0x00000000c9000000| PB 0x00000000c9000000| Complete
[6.488s][trace][gc,heap,region] GC(15) |  42|0x00000000ca000000, 0x00000000cb000000, 0x00000000cb000000|100%| E|CS|TAMS 0x00000000ca000000| PB 0x00000000ca000000| Complete
[6.488s][trace][gc,heap,region] GC(15) |  43|0x00000000cb000000, 0x00000000cc000000, 0x00000000cc000000|100%| E|CS|TAMS 0x00000000cb000000| PB 0x00000000cb000000| Complete
[6.488s][trace][gc,heap,region] GC(15) |  44|0x00000000cc000000, 0x00000000cd000000, 0x00000000cd000000|100%| E|CS|TAMS 0x00000000cc000000| PB 0x00000000cc000000| Complete
[6.488s][trace][gc,heap,region] GC(15) |  45|0x00000000cd000000, 0x00000000ce000000, 0x00000000ce000000|100%| E|CS|TAMS 0x00000000cd000000| PB 0x00000000cd000000| Complete
[6.488s][trace][gc,heap,region] GC(15) |  46|0x00000000ce000000, 0x00000000cf000000, 0x00000000cf000000|100%| E|CS|TAMS 0x00000000ce000000| PB 0x00000000ce000000| Complete
[6.488s][trace][gc,heap,region] GC(15) |  47|0x00000000cf000000, 0x00000000d0000000, 0x00000000d0000000|100%| E|CS|TAMS 0x00000000cf000000| PB 0x00000000cf000000| Complete
[6.488s][trace][gc,heap,region] GC(15) |  48|0x00000000d0000000, 0x00000000d1000000, 0x00000000d1000000|100%| E|CS|TAMS 0x00000000d0000000| PB 0x00000000d0000000| Complete
[6.488s][trace][gc,heap,region] GC(15) |  49|0x00000000d1000000, 0x00000000d2000000, 0x00000000d2000000|100%| E|CS|TAMS 0x00000000d1000000| PB 0x00000000d1000000| Complete
[6.488s][trace][gc,heap,region] GC(15) |  50|0x00000000d2000000, 0x00000000d3000000, 0x00000000d3000000|100%| E|CS|TAMS 0x00000000d2000000| PB 0x00000000d2000000| Complete
[6.488s][trace][gc,heap,region] GC(15) |  51|0x00000000d3000000, 0x00000000d4000000, 0x00000000d4000000|100%| E|CS|TAMS 0x00000000d3000000| PB 0x00000000d3000000| Complete
[6.488s][trace][gc,heap,region] GC(15) |  52|0x00000000d4000000, 0x00000000d5000000, 0x00000000d5000000|100%| E|CS|TAMS 0x00000000d4000000| PB 0x00000000d4000000| Complete
[6.488s][trace][gc,heap,region] GC(15) |  53|0x00000000d5000000, 0x00000000d6000000, 0x00000000d6000000|100%| E|CS|TAMS 0x00000000d5000000| PB 0x00000000d5000000| Complete
[6.488s][trace][gc,heap,region] GC(15) |  54|0x00000000d6000000, 0x00000000d7000000, 0x00000000d7000000|100%| E|CS|TAMS 0x00000000d6000000| PB 0x00000000d6000000| Complete
[6.488s][trace][gc,heap,region] GC(15) |  55|0x00000000d7000000, 0x00000000d8000000, 0x00000000d8000000|100%| E|CS|TAMS 0x00000000d7000000| PB 0x00000000d7000000| Complete
[6.488s][trace][gc,heap,region] GC(15) |  56|0x00000000d8000000, 0x00000000d9000000, 0x00000000d9000000|100%| E|CS|TAMS 0x00000000d8000000| PB 0x00000000d8000000| Complete
[6.488s][trace][gc,heap,region] GC(15) |  57|0x00000000d9000000, 0x00000000da000000, 0x00000000da000000|100%| E|CS|TAMS 0x00000000d9000000| PB 0x00000000d9000000| Complete
[6.488s][trace][gc,heap,region] GC(15) |  58|0x00000000da000000, 0x00000000db000000, 0x00000000db000000|100%| E|CS|TAMS 0x00000000da000000| PB 0x00000000da000000| Complete
[6.488s][trace][gc,heap,region] GC(15) |  59|0x00000000db000000, 0x00000000dc000000, 0x00000000dc000000|100%| E|CS|TAMS 0x00000000db000000| PB 0x00000000db000000| Complete
[6.488s][trace][gc,heap,region] GC(15) |  60|0x00000000dc000000, 0x00000000dd000000, 0x00000000dd000000|100%| E|CS|TAMS 0x00000000dc000000| PB 0x00000000dc000000| Complete
[6.488s][trace][gc,heap,region] GC(15) |  61|0x00000000dd000000, 0x00000000de000000, 0x00000000de000000|100%| E|CS|TAMS 0x00000000dd000000| PB 0x00000000dd000000| Complete
[6.488s][trace][gc,heap,region] GC(15) |  62|0x00000000de000000, 0x00000000df000000, 0x00000000df000000|100%| E|CS|TAMS 0x00000000de000000| PB 0x00000000de000000| Complete
[6.488s][trace][gc,heap,region] GC(15) |  63|0x00000000df000000, 0x00000000e0000000, 0x00000000e0000000|100%| E|CS|TAMS 0x00000000df000000| PB 0x00000000df000000| Complete
[6.493s][trace][gc,heap,region] GC(15) Heap Regions: E=young(eden), S=young(survivor), O=old, HS=humongous(starts), HC=humongous(continues), CS=collection set, F=free, TAMS=top-at-mark-start, PB=parsable bottom
[6.493s][trace][gc,heap,region] GC(15) |   0|0x00000000a0000000, 0x00000000a0000000, 0x00000000a1000000|  0%| F|  |TAMS 0x00000000a0000000| PB 0x00000000a0000000| Untracked
[6.493s][trace][gc,heap,region] GC(15) |   1|0x00000000a1000000, 0x00000000a1000000, 0x00000000a2000000|  0%| F|  |TAMS 0x00000000a1000000| PB 0x00000000a1000000| Untracked
[6.493s][trace][gc,heap,region] GC(15) |   2|0x00000000a2000000, 0x00000000a2000000, 0x00000000a3000000|  0%| F|  |TAMS 0x00000000a2000000| PB 0x00000000a2000000| Untracked
[6.493s][trace][gc,heap,region] GC(15) |   3|0x00000000a3000000, 0x00000000a39c7038, 0x00000000a4000000| 61%| O|  |TAMS 0x00000000a3000000| PB 0x00000000a3000000| Untracked
[6.493s][trace][gc,heap,region] GC(15) |   4|0x00000000a4000000, 0x00000000a4000000, 0x00000000a5000000|  0%| F|  |TAMS 0x00000000a4000000| PB 0x00000000a4000000| Untracked
[6.493s][trace][gc,heap,region] GC(15) |   5|0x00000000a5000000, 0x00000000a5000000, 0x00000000a6000000|  0%| F|  |TAMS 0x00000000a5000000| PB 0x00000000a5000000| Untracked
[6.493s][trace][gc,heap,region] GC(15) |   6|0x00000000a6000000, 0x00000000a6000000, 0x00000000a7000000|  0%| F|  |TAMS 0x00000000a6000000| PB 0x00000000a6000000| Untracked
[6.493s][trace][gc,heap,region] GC(15) |   7|0x00000000a7000000, 0x00000000a7000000, 0x00000000a8000000|  0%| F|  |TAMS 0x00000000a7000000| PB 0x00000000a7000000| Untracked
[6.493s][trace][gc,heap,region] GC(15) |   8|0x00000000a8000000, 0x00000000a8000000, 0x00000000a9000000|  0%| F|  |TAMS 0x00000000a8000000| PB 0x00000000a8000000| Untracked
[6.493s][trace][gc,heap,region] GC(15) |   9|0x00000000a9000000, 0x00000000a9000000, 0x00000000aa000000|  0%| F|  |TAMS 0x00000000a9000000| PB 0x00000000a9000000| Untracked
[6.493s][trace][gc,heap,region] GC(15) |  10|0x00000000aa000000, 0x00000000aa000000, 0x00000000ab000000|  0%| F|  |TAMS 0x00000000aa000000| PB 0x00000000aa000000| Untracked
[6.493s][trace][gc,heap,region] GC(15) |  11|0x00000000ab000000, 0x00000000ab000000, 0x00000000ac000000|  0%| F|  |TAMS 0x00000000ab000000| PB 0x00000000ab000000| Untracked
[6.493s][trace][gc,heap,region] GC(15) |  12|0x00000000ac000000, 0x00000000ac000000, 0x00000000ad000000|  0%| F|  |TAMS 0x00000000ac000000| PB 0x00000000ac000000| Untracked
[6.493s][trace][gc,heap,region] GC(15) |  13|0x00000000ad000000, 0x00000000ad000000, 0x00000000ae000000|  0%| F|  |TAMS 0x00000000ad000000| PB 0x00000000ad000000| Untracked
[6.493s][trace][gc,heap,region] GC(15) |  14|0x00000000ae000000, 0x00000000ae000000, 0x00000000af000000|  0%| F|  |TAMS 0x00000000ae000000| PB 0x00000000ae000000| Untracked
[6.493s][trace][gc,heap,region] GC(15) |  15|0x00000000af000000, 0x00000000af000000, 0x00000000b0000000|  0%| F|  |TAMS 0x00000000af000000| PB 0x00000000af000000| Untracked
[6.493s][trace][gc,heap,region] GC(15) |  16|0x00000000b0000000, 0x00000000b0000000, 0x00000000b1000000|  0%| F|  |TAMS 0x00000000b0000000| PB 0x00000000b0000000| Untracked
[6.493s][trace][gc,heap,region] GC(15) |  17|0x00000000b1000000, 0x00000000b1000000, 0x00000000b2000000|  0%| F|  |TAMS 0x00000000b1000000| PB 0x00000000b1000000| Untracked
[6.493s][trace][gc,heap,region] GC(15) |  18|0x00000000b2000000, 0x00000000b2000000, 0x00000000b3000000|  0%| F|  |TAMS 0x00000000b2000000| PB 0x00000000b2000000| Untracked
[6.493s][trace][gc,heap,region] GC(15) |  19|0x00000000b3000000, 0x00000000b3000000, 0x00000000b4000000|  0%| F|  |TAMS 0x00000000b3000000| PB 0x00000000b3000000| Untracked
[6.493s][trace][gc,heap,region] GC(15) |  20|0x00000000b4000000, 0x00000000b4000000, 0x00000000b5000000|  0%| F|  |TAMS 0x00000000b4000000| PB 0x00000000b4000000| Untracked
[6.493s][trace][gc,heap,region] GC(15) |  21|0x00000000b5000000, 0x00000000b5000000, 0x00000000b6000000|  0%| F|  |TAMS 0x00000000b5000000| PB 0x00000000b5000000| Untracked
[6.493s][trace][gc,heap,region] GC(15) |  22|0x00000000b6000000, 0x00000000b6000000, 0x00000000b7000000|  0%| F|  |TAMS 0x00000000b6000000| PB 0x00000000b6000000| Untracked
[6.493s][trace][gc,heap,region] GC(15) |  23|0x00000000b7000000, 0x00000000b7000000, 0x00000000b8000000|  0%| F|  |TAMS 0x00000000b7000000| PB 0x00000000b7000000| Untracked
[6.493s][trace][gc,heap,region] GC(15) |  24|0x00000000b8000000, 0x00000000b8000000, 0x00000000b9000000|  0%| F|  |TAMS 0x00000000b8000000| PB 0x00000000b8000000| Untracked
[6.493s][trace][gc,heap,region] GC(15) |  25|0x00000000b9000000, 0x00000000b9000000, 0x00000000ba000000|  0%| F|  |TAMS 0x00000000b9000000| PB 0x00000000b9000000| Untracked
[6.493s][trace][gc,heap,region] GC(15) |  26|0x00000000ba000000, 0x00000000ba956e00, 0x00000000bb000000| 58%| S|CS|TAMS 0x00000000ba000000| PB 0x00000000ba000000| Complete
[6.493s][trace][gc,heap,region] GC(15) |  27|0x00000000bb000000, 0x00000000bb000000, 0x00000000bc000000|  0%| F|  |TAMS 0x00000000bb000000| PB 0x00000000bb000000| Untracked
[6.493s][trace][gc,heap,region] GC(15) |  28|0x00000000bc000000, 0x00000000bc000000, 0x00000000bd000000|  0%| F|  |TAMS 0x00000000bc000000| PB 0x00000000bc000000| Untracked
[6.493s][trace][gc,heap,region] GC(15) |  29|0x00000000bd000000, 0x00000000bd000000, 0x00000000be000000|  0%| F|  |TAMS 0x00000000bd000000| PB 0x00000000bd000000| Untracked
[6.493s][trace][gc,heap,region] GC(15) |  30|0x00000000be000000, 0x00000000be000000, 0x00000000bf000000|  0%| F|  |TAMS 0x00000000be000000| PB 0x00000000be000000| Untracked
[6.493s][trace][gc,heap,region] GC(15) |  31|0x00000000bf000000, 0x00000000bf000000, 0x00000000c0000000|  0%| F|  |TAMS 0x00000000bf000000| PB 0x00000000bf000000| Untracked
[6.493s][trace][gc,heap,region] GC(15) |  32|0x00000000c0000000, 0x00000000c0000000, 0x00000000c1000000|  0%| F|  |TAMS 0x00000000c0000000| PB 0x00000000c0000000| Untracked
[6.493s][trace][gc,heap,region] GC(15) |  33|0x00000000c1000000, 0x00000000c1000000, 0x00000000c2000000|  0%| F|  |TAMS 0x00000000c1000000| PB 0x00000000c1000000| Untracked
[6.493s][trace][gc,heap,region] GC(15) |  34|0x00000000c2000000, 0x00000000c2000000, 0x00000000c3000000|  0%| F|  |TAMS 0x00000000c2000000| PB 0x00000000c2000000| Untracked
[6.493s][trace][gc,heap,region] GC(15) |  35|0x00000000c3000000, 0x00000000c3000000, 0x00000000c4000000|  0%| F|  |TAMS 0x00000000c3000000| PB 0x00000000c3000000| Untracked
[6.493s][trace][gc,heap,region] GC(15) |  36|0x00000000c4000000, 0x00000000c4000000, 0x00000000c5000000|  0%| F|  |TAMS 0x00000000c4000000| PB 0x00000000c4000000| Untracked
[6.493s][trace][gc,heap,region] GC(15) |  37|0x00000000c5000000, 0x00000000c5000000, 0x00000000c6000000|  0%| F|  |TAMS 0x00000000c5000000| PB 0x00000000c5000000| Untracked
[6.493s][trace][gc,heap,region] GC(15) |  38|0x00000000c6000000, 0x00000000c6000000, 0x00000000c7000000|  0%| F|  |TAMS 0x00000000c6000000| PB 0x00000000c6000000| Untracked
[6.493s][trace][gc,heap,region] GC(15) |  39|0x00000000c7000000, 0x00000000c7000000, 0x00000000c8000000|  0%| F|  |TAMS 0x00000000c7000000| PB 0x00000000c7000000| Untracked
[6.493s][trace][gc,heap,region] GC(15) |  40|0x00000000c8000000, 0x00000000c8000000, 0x00000000c9000000|  0%| F|  |TAMS 0x00000000c8000000| PB 0x00000000c8000000| Untracked
[6.493s][trace][gc,heap,region] GC(15) |  41|0x00000000c9000000, 0x00000000c9000000, 0x00000000ca000000|  0%| F|  |TAMS 0x00000000c9000000| PB 0x00000000c9000000| Untracked
[6.493s][trace][gc,heap,region] GC(15) |  42|0x00000000ca000000, 0x00000000ca000000, 0x00000000cb000000|  0%| F|  |TAMS 0x00000000ca000000| PB 0x00000000ca000000| Untracked
[6.493s][trace][gc,heap,region] GC(15) |  43|0x00000000cb000000, 0x00000000cb000000, 0x00000000cc000000|  0%| F|  |TAMS 0x00000000cb000000| PB 0x00000000cb000000| Untracked
[6.493s][trace][gc,heap,region] GC(15) |  44|0x00000000cc000000, 0x00000000cc000000, 0x00000000cd000000|  0%| F|  |TAMS 0x00000000cc000000| PB 0x00000000cc000000| Untracked
[6.493s][trace][gc,heap,region] GC(15) |  45|0x00000000cd000000, 0x00000000cd000000, 0x00000000ce000000|  0%| F|  |TAMS 0x00000000cd000000| PB 0x00000000cd000000| Untracked
[6.493s][trace][gc,heap,region] GC(15) |  46|0x00000000ce000000, 0x00000000ce000000, 0x00000000cf000000|  0%| F|  |TAMS 0x00000000ce000000| PB 0x00000000ce000000| Untracked
[6.493s][trace][gc,heap,region] GC(15) |  47|0x00000000cf000000, 0x00000000cf000000, 0x00000000d0000000|  0%| F|  |TAMS 0x00000000cf000000| PB 0x00000000cf000000| Untracked
[6.493s][trace][gc,heap,region] GC(15) |  48|0x00000000d0000000, 0x00000000d0000000, 0x00000000d1000000|  0%| F|  |TAMS 0x00000000d0000000| PB 0x00000000d0000000| Untracked
[6.493s][trace][gc,heap,region] GC(15) |  49|0x00000000d1000000, 0x00000000d1000000, 0x00000000d2000000|  0%| F|  |TAMS 0x00000000d1000000| PB 0x00000000d1000000| Untracked
[6.493s][trace][gc,heap,region] GC(15) |  50|0x00000000d2000000, 0x00000000d2000000, 0x00000000d3000000|  0%| F|  |TAMS 0x00000000d2000000| PB 0x00000000d2000000| Untracked
[6.493s][trace][gc,heap,region] GC(15) |  51|0x00000000d3000000, 0x00000000d3000000, 0x00000000d4000000|  0%| F|  |TAMS 0x00000000d3000000| PB 0x00000000d3000000| Untracked
[6.493s][trace][gc,heap,region] GC(15) |  52|0x00000000d4000000, 0x00000000d4000000, 0x00000000d5000000|  0%| F|  |TAMS 0x00000000d4000000| PB 0x00000000d4000000| Untracked
[6.493s][trace][gc,heap,region] GC(15) |  53|0x00000000d5000000, 0x00000000d5000000, 0x00000000d6000000|  0%| F|  |TAMS 0x00000000d5000000| PB 0x00000000d5000000| Untracked
[6.493s][trace][gc,heap,region] GC(15) |  54|0x00000000d6000000, 0x00000000d6000000, 0x00000000d7000000|  0%| F|  |TAMS 0x00000000d6000000| PB 0x00000000d6000000| Untracked
[6.493s][trace][gc,heap,region] GC(15) |  55|0x00000000d7000000, 0x00000000d7000000, 0x00000000d8000000|  0%| F|  |TAMS 0x00000000d7000000| PB 0x00000000d7000000| Untracked
[6.493s][trace][gc,heap,region] GC(15) |  56|0x00000000d8000000, 0x00000000d8000000, 0x00000000d9000000|  0%| F|  |TAMS 0x00000000d8000000| PB 0x00000000d8000000| Untracked
[6.493s][trace][gc,heap,region] GC(15) |  57|0x00000000d9000000, 0x00000000d9000000, 0x00000000da000000|  0%| F|  |TAMS 0x00000000d9000000| PB 0x00000000d9000000| Untracked
[6.493s][trace][gc,heap,region] GC(15) |  58|0x00000000da000000, 0x00000000da000000, 0x00000000db000000|  0%| F|  |TAMS 0x00000000da000000| PB 0x00000000da000000| Untracked
[6.493s][trace][gc,heap,region] GC(15) |  59|0x00000000db000000, 0x00000000db000000, 0x00000000dc000000|  0%| F|  |TAMS 0x00000000db000000| PB 0x00000000db000000| Untracked
[6.493s][trace][gc,heap,region] GC(15) |  60|0x00000000dc000000, 0x00000000dc000000, 0x00000000dd000000|  0%| F|  |TAMS 0x00000000dc000000| PB 0x00000000dc000000| Untracked
[6.493s][trace][gc,heap,region] GC(15) |  61|0x00000000dd000000, 0x00000000dd000000, 0x00000000de000000|  0%| F|  |TAMS 0x00000000dd000000| PB 0x00000000dd000000| Untracked
[6.493s][trace][gc,heap,region] GC(15) |  62|0x00000000de000000, 0x00000000de000000, 0x00000000df000000|  0%| F|  |TAMS 0x00000000de000000| PB 0x00000000de000000| Untracked
[6.493s][trace][gc,heap,region] GC(15) |  63|0x00000000df000000, 0x00000000df000000, 0x00000000e0000000|  0%| F|  |TAMS 0x00000000df000000| PB 0x00000000df000000| Untracked
[7.121s][trace][gc,heap,region] GC(16) Heap Regions: E=young(eden), S=young(survivor), O=old, HS=humongous(starts), HC=humongous(continues), CS=collection set, F=free, TAMS=top-at-mark-start, PB=parsable bottom
[7.122s][trace][gc,heap,region] GC(16) |   0|0x00000000a0000000, 0x00000000a0000000, 0x00000000a1000000|  0%| F|  |TAMS 0x00000000a0000000| PB 0x00000000a0000000| Untracked
[7.122s][trace][gc,heap,region] GC(16) |   1|0x00000000a1000000, 0x00000000a1000000, 0x00000000a2000000|  0%| F|  |TAMS 0x00000000a1000000| PB 0x00000000a1000000| Untracked
[7.122s][trace][gc,heap,region] GC(16) |   2|0x00000000a2000000, 0x00000000a2000000, 0x00000000a3000000|  0%| F|  |TAMS 0x00000000a2000000| PB 0x00000000a2000000| Untracked
[7.122s][trace][gc,heap,region] GC(16) |   3|0x00000000a3000000, 0x00000000a39c7038, 0x00000000a4000000| 61%| O|  |TAMS 0x00000000a3000000| PB 0x00000000a3000000| Untracked
[7.122s][trace][gc,heap,region] GC(16) |   4|0x00000000a4000000, 0x00000000a4000000, 0x00000000a5000000|  0%| F|  |TAMS 0x00000000a4000000| PB 0x00000000a4000000| Untracked
[7.122s][trace][gc,heap,region] GC(16) |   5|0x00000000a5000000, 0x00000000a5000000, 0x00000000a6000000|  0%| F|  |TAMS 0x00000000a5000000| PB 0x00000000a5000000| Untracked
[7.122s][trace][gc,heap,region] GC(16) |   6|0x00000000a6000000, 0x00000000a6000000, 0x00000000a7000000|  0%| F|  |TAMS 0x00000000a6000000| PB 0x00000000a6000000| Untracked
[7.122s][trace][gc,heap,region] GC(16) |   7|0x00000000a7000000, 0x00000000a7000000, 0x00000000a8000000|  0%| F|  |TAMS 0x00000000a7000000| PB 0x00000000a7000000| Untracked
[7.122s][trace][gc,heap,region] GC(16) |   8|0x00000000a8000000, 0x00000000a8000000, 0x00000000a9000000|  0%| F|  |TAMS 0x00000000a8000000| PB 0x00000000a8000000| Untracked
[7.122s][trace][gc,heap,region] GC(16) |   9|0x00000000a9000000, 0x00000000a9000000, 0x00000000aa000000|  0%| F|  |TAMS 0x00000000a9000000| PB 0x00000000a9000000| Untracked
[7.122s][trace][gc,heap,region] GC(16) |  10|0x00000000aa000000, 0x00000000aa000000, 0x00000000ab000000|  0%| F|  |TAMS 0x00000000aa000000| PB 0x00000000aa000000| Untracked
[7.122s][trace][gc,heap,region] GC(16) |  11|0x00000000ab000000, 0x00000000ab000000, 0x00000000ac000000|  0%| F|  |TAMS 0x00000000ab000000| PB 0x00000000ab000000| Untracked
[7.122s][trace][gc,heap,region] GC(16) |  12|0x00000000ac000000, 0x00000000ac000000, 0x00000000ad000000|  0%| F|  |TAMS 0x00000000ac000000| PB 0x00000000ac000000| Untracked
[7.122s][trace][gc,heap,region] GC(16) |  13|0x00000000ad000000, 0x00000000ad000000, 0x00000000ae000000|  0%| F|  |TAMS 0x00000000ad000000| PB 0x00000000ad000000| Untracked
[7.122s][trace][gc,heap,region] GC(16) |  14|0x00000000ae000000, 0x00000000ae000000, 0x00000000af000000|  0%| F|  |TAMS 0x00000000ae000000| PB 0x00000000ae000000| Untracked
[7.122s][trace][gc,heap,region] GC(16) |  15|0x00000000af000000, 0x00000000af000000, 0x00000000b0000000|  0%| F|  |TAMS 0x00000000af000000| PB 0x00000000af000000| Untracked
[7.122s][trace][gc,heap,region] GC(16) |  16|0x00000000b0000000, 0x00000000b0000000, 0x00000000b1000000|  0%| F|  |TAMS 0x00000000b0000000| PB 0x00000000b0000000| Untracked
[7.122s][trace][gc,heap,region] GC(16) |  17|0x00000000b1000000, 0x00000000b1000000, 0x00000000b2000000|  0%| F|  |TAMS 0x00000000b1000000| PB 0x00000000b1000000| Untracked
[7.122s][trace][gc,heap,region] GC(16) |  18|0x00000000b2000000, 0x00000000b2000000, 0x00000000b3000000|  0%| F|  |TAMS 0x00000000b2000000| PB 0x00000000b2000000| Untracked
[7.122s][trace][gc,heap,region] GC(16) |  19|0x00000000b3000000, 0x00000000b3000000, 0x00000000b4000000|  0%| F|  |TAMS 0x00000000b3000000| PB 0x00000000b3000000| Untracked
[7.122s][trace][gc,heap,region] GC(16) |  20|0x00000000b4000000, 0x00000000b4000000, 0x00000000b5000000|  0%| F|  |TAMS 0x00000000b4000000| PB 0x00000000b4000000| Untracked
[7.122s][trace][gc,heap,region] GC(16) |  21|0x00000000b5000000, 0x00000000b5000000, 0x00000000b6000000|  0%| F|  |TAMS 0x00000000b5000000| PB 0x00000000b5000000| Untracked
[7.122s][trace][gc,heap,region] GC(16) |  22|0x00000000b6000000, 0x00000000b6000000, 0x00000000b7000000|  0%| F|  |TAMS 0x00000000b6000000| PB 0x00000000b6000000| Untracked
[7.122s][trace][gc,heap,region] GC(16) |  23|0x00000000b7000000, 0x00000000b7000000, 0x00000000b8000000|  0%| F|  |TAMS 0x00000000b7000000| PB 0x00000000b7000000| Untracked
[7.122s][trace][gc,heap,region] GC(16) |  24|0x00000000b8000000, 0x00000000b8000000, 0x00000000b9000000|  0%| F|  |TAMS 0x00000000b8000000| PB 0x00000000b8000000| Untracked
[7.122s][trace][gc,heap,region] GC(16) |  25|0x00000000b9000000, 0x00000000b9000000, 0x00000000ba000000|  0%| F|  |TAMS 0x00000000b9000000| PB 0x00000000b9000000| Untracked
[7.122s][trace][gc,heap,region] GC(16) |  26|0x00000000ba000000, 0x00000000ba956e00, 0x00000000bb000000| 58%| S|CS|TAMS 0x00000000ba000000| PB 0x00000000ba000000| Complete
[7.122s][trace][gc,heap,region] GC(16) |  27|0x00000000bb000000, 0x00000000bc000000, 0x00000000bc000000|100%| E|CS|TAMS 0x00000000bb000000| PB 0x00000000bb000000| Complete
[7.122s][trace][gc,heap,region] GC(16) |  28|0x00000000bc000000, 0x00000000bd000000, 0x00000000bd000000|100%| E|CS|TAMS 0x00000000bc000000| PB 0x00000000bc000000| Complete
[7.122s][trace][gc,heap,region] GC(16) |  29|0x00000000bd000000, 0x00000000be000000, 0x00000000be000000|100%| E|CS|TAMS 0x00000000bd000000| PB 0x00000000bd000000| Complete
[7.122s][trace][gc,heap,region] GC(16) |  30|0x00000000be000000, 0x00000000bf000000, 0x00000000bf000000|100%| E|  |TAMS 0x00000000be000000| PB 0x00000000be000000| Complete
[7.122s][trace][gc,heap,region] GC(16) |  31|0x00000000bf000000, 0x00000000c0000000, 0x00000000c0000000|100%| E|CS|TAMS 0x00000000bf000000| PB 0x00000000bf000000| Complete
[7.122s][trace][gc,heap,region] GC(16) |  32|0x00000000c0000000, 0x00000000c1000000, 0x00000000c1000000|100%| E|CS|TAMS 0x00000000c0000000| PB 0x00000000c0000000| Complete
[7.122s][trace][gc,heap,region] GC(16) |  33|0x00000000c1000000, 0x00000000c2000000, 0x00000000c2000000|100%| E|CS|TAMS 0x00000000c1000000| PB 0x00000000c1000000| Complete
[7.122s][trace][gc,heap,region] GC(16) |  34|0x00000000c2000000, 0x00000000c3000000, 0x00000000c3000000|100%| E|CS|TAMS 0x00000000c2000000| PB 0x00000000c2000000| Complete
[7.122s][trace][gc,heap,region] GC(16) |  35|0x00000000c3000000, 0x00000000c4000000, 0x00000000c4000000|100%| E|CS|TAMS 0x00000000c3000000| PB 0x00000000c3000000| Complete
[7.122s][trace][gc,heap,region] GC(16) |  36|0x00000000c4000000, 0x00000000c5000000, 0x00000000c5000000|100%| E|CS|TAMS 0x00000000c4000000| PB 0x00000000c4000000| Complete
[7.122s][trace][gc,heap,region] GC(16) |  37|0x00000000c5000000, 0x00000000c6000000, 0x00000000c6000000|100%| E|CS|TAMS 0x00000000c5000000| PB 0x00000000c5000000| Complete
[7.122s][trace][gc,heap,region] GC(16) |  38|0x00000000c6000000, 0x00000000c7000000, 0x00000000c7000000|100%| E|CS|TAMS 0x00000000c6000000| PB 0x00000000c6000000| Complete
[7.122s][trace][gc,heap,region] GC(16) |  39|0x00000000c7000000, 0x00000000c8000000, 0x00000000c8000000|100%| E|CS|TAMS 0x00000000c7000000| PB 0x00000000c7000000| Complete
[7.122s][trace][gc,heap,region] GC(16) |  40|0x00000000c8000000, 0x00000000c9000000, 0x00000000c9000000|100%| E|CS|TAMS 0x00000000c8000000| PB 0x00000000c8000000| Complete
[7.122s][trace][gc,heap,region] GC(16) |  41|0x00000000c9000000, 0x00000000ca000000, 0x00000000ca000000|100%| E|CS|TAMS 0x00000000c9000000| PB 0x00000000c9000000| Complete
[7.122s][trace][gc,heap,region] GC(16) |  42|0x00000000ca000000, 0x00000000cb000000, 0x00000000cb000000|100%| E|CS|TAMS 0x00000000ca000000| PB 0x00000000ca000000| Complete
[7.122s][trace][gc,heap,region] GC(16) |  43|0x00000000cb000000, 0x00000000cc000000, 0x00000000cc000000|100%| E|CS|TAMS 0x00000000cb000000| PB 0x00000000cb000000| Complete
[7.122s][trace][gc,heap,region] GC(16) |  44|0x00000000cc000000, 0x00000000cd000000, 0x00000000cd000000|100%| E|CS|TAMS 0x00000000cc000000| PB 0x00000000cc000000| Complete
[7.122s][trace][gc,heap,region] GC(16) |  45|0x00000000cd000000, 0x00000000ce000000, 0x00000000ce000000|100%| E|CS|TAMS 0x00000000cd000000| PB 0x00000000cd000000| Complete
[7.122s][trace][gc,heap,region] GC(16) |  46|0x00000000ce000000, 0x00000000cf000000, 0x00000000cf000000|100%| E|CS|TAMS 0x00000000ce000000| PB 0x00000000ce000000| Complete
[7.122s][trace][gc,heap,region] GC(16) |  47|0x00000000cf000000, 0x00000000d0000000, 0x00000000d0000000|100%| E|CS|TAMS 0x00000000cf000000| PB 0x00000000cf000000| Complete
[7.122s][trace][gc,heap,region] GC(16) |  48|0x00000000d0000000, 0x00000000d1000000, 0x00000000d1000000|100%| E|CS|TAMS 0x00000000d0000000| PB 0x00000000d0000000| Complete
[7.122s][trace][gc,heap,region] GC(16) |  49|0x00000000d1000000, 0x00000000d2000000, 0x00000000d2000000|100%| E|CS|TAMS 0x00000000d1000000| PB 0x00000000d1000000| Complete
[7.122s][trace][gc,heap,region] GC(16) |  50|0x00000000d2000000, 0x00000000d3000000, 0x00000000d3000000|100%| E|CS|TAMS 0x00000000d2000000| PB 0x00000000d2000000| Complete
[7.122s][trace][gc,heap,region] GC(16) |  51|0x00000000d3000000, 0x00000000d4000000, 0x00000000d4000000|100%| E|CS|TAMS 0x00000000d3000000| PB 0x00000000d3000000| Complete
[7.122s][trace][gc,heap,region] GC(16) |  52|0x00000000d4000000, 0x00000000d5000000, 0x00000000d5000000|100%| E|CS|TAMS 0x00000000d4000000| PB 0x00000000d4000000| Complete
[7.122s][trace][gc,heap,region] GC(16) |  53|0x00000000d5000000, 0x00000000d6000000, 0x00000000d6000000|100%| E|CS|TAMS 0x00000000d5000000| PB 0x00000000d5000000| Complete
[7.122s][trace][gc,heap,region] GC(16) |  54|0x00000000d6000000, 0x00000000d7000000, 0x00000000d7000000|100%| E|CS|TAMS 0x00000000d6000000| PB 0x00000000d6000000| Complete
[7.122s][trace][gc,heap,region] GC(16) |  55|0x00000000d7000000, 0x00000000d8000000, 0x00000000d8000000|100%| E|CS|TAMS 0x00000000d7000000| PB 0x00000000d7000000| Complete
[7.122s][trace][gc,heap,region] GC(16) |  56|0x00000000d8000000, 0x00000000d9000000, 0x00000000d9000000|100%| E|CS|TAMS 0x00000000d8000000| PB 0x00000000d8000000| Complete
[7.122s][trace][gc,heap,region] GC(16) |  57|0x00000000d9000000, 0x00000000da000000, 0x00000000da000000|100%| E|CS|TAMS 0x00000000d9000000| PB 0x00000000d9000000| Complete
[7.122s][trace][gc,heap,region] GC(16) |  58|0x00000000da000000, 0x00000000db000000, 0x00000000db000000|100%| E|CS|TAMS 0x00000000da000000| PB 0x00000000da000000| Complete
[7.122s][trace][gc,heap,region] GC(16) |  59|0x00000000db000000, 0x00000000dc000000, 0x00000000dc000000|100%| E|CS|TAMS 0x00000000db000000| PB 0x00000000db000000| Complete
[7.122s][trace][gc,heap,region] GC(16) |  60|0x00000000dc000000, 0x00000000dd000000, 0x00000000dd000000|100%| E|CS|TAMS 0x00000000dc000000| PB 0x00000000dc000000| Complete
[7.122s][trace][gc,heap,region] GC(16) |  61|0x00000000dd000000, 0x00000000de000000, 0x00000000de000000|100%| E|CS|TAMS 0x00000000dd000000| PB 0x00000000dd000000| Complete
[7.122s][trace][gc,heap,region] GC(16) |  62|0x00000000de000000, 0x00000000df000000, 0x00000000df000000|100%| E|CS|TAMS 0x00000000de000000| PB 0x00000000de000000| Complete
[7.122s][trace][gc,heap,region] GC(16) |  63|0x00000000df000000, 0x00000000e0000000, 0x00000000e0000000|100%| E|CS|TAMS 0x00000000df000000| PB 0x00000000df000000| Complete
[7.126s][trace][gc,heap,region] GC(16) Heap Regions: E=young(eden), S=young(survivor), O=old, HS=humongous(starts), HC=humongous(continues), CS=collection set, F=free, TAMS=top-at-mark-start, PB=parsable bottom
[7.126s][trace][gc,heap,region] GC(16) |   0|0x00000000a0000000, 0x00000000a0000000, 0x00000000a1000000|  0%| F|  |TAMS 0x00000000a0000000| PB 0x00000000a0000000| Untracked
[7.126s][trace][gc,heap,region] GC(16) |   1|0x00000000a1000000, 0x00000000a1000000, 0x00000000a2000000|  0%| F|  |TAMS 0x00000000a1000000| PB 0x00000000a1000000| Untracked
[7.126s][trace][gc,heap,region] GC(16) |   2|0x00000000a2000000, 0x00000000a2000000, 0x00000000a3000000|  0%| F|  |TAMS 0x00000000a2000000| PB 0x00000000a2000000| Untracked
[7.127s][trace][gc,heap,region] GC(16) |   3|0x00000000a3000000, 0x00000000a39c7038, 0x00000000a4000000| 61%| O|  |TAMS 0x00000000a3000000| PB 0x00000000a3000000| Untracked
[7.127s][trace][gc,heap,region] GC(16) |   4|0x00000000a4000000, 0x00000000a4000000, 0x00000000a5000000|  0%| F|  |TAMS 0x00000000a4000000| PB 0x00000000a4000000| Untracked
[7.127s][trace][gc,heap,region] GC(16) |   5|0x00000000a5000000, 0x00000000a5000000, 0x00000000a6000000|  0%| F|  |TAMS 0x00000000a5000000| PB 0x00000000a5000000| Untracked
[7.127s][trace][gc,heap,region] GC(16) |   6|0x00000000a6000000, 0x00000000a6000000, 0x00000000a7000000|  0%| F|  |TAMS 0x00000000a6000000| PB 0x00000000a6000000| Untracked
[7.127s][trace][gc,heap,region] GC(16) |   7|0x00000000a7000000, 0x00000000a7000000, 0x00000000a8000000|  0%| F|  |TAMS 0x00000000a7000000| PB 0x00000000a7000000| Untracked
[7.127s][trace][gc,heap,region] GC(16) |   8|0x00000000a8000000, 0x00000000a8000000, 0x00000000a9000000|  0%| F|  |TAMS 0x00000000a8000000| PB 0x00000000a8000000| Untracked
[7.127s][trace][gc,heap,region] GC(16) |   9|0x00000000a9000000, 0x00000000a9000000, 0x00000000aa000000|  0%| F|  |TAMS 0x00000000a9000000| PB 0x00000000a9000000| Untracked
[7.127s][trace][gc,heap,region] GC(16) |  10|0x00000000aa000000, 0x00000000aa000000, 0x00000000ab000000|  0%| F|  |TAMS 0x00000000aa000000| PB 0x00000000aa000000| Untracked
[7.127s][trace][gc,heap,region] GC(16) |  11|0x00000000ab000000, 0x00000000ab000000, 0x00000000ac000000|  0%| F|  |TAMS 0x00000000ab000000| PB 0x00000000ab000000| Untracked
[7.127s][trace][gc,heap,region] GC(16) |  12|0x00000000ac000000, 0x00000000ac000000, 0x00000000ad000000|  0%| F|  |TAMS 0x00000000ac000000| PB 0x00000000ac000000| Untracked
[7.127s][trace][gc,heap,region] GC(16) |  13|0x00000000ad000000, 0x00000000ad000000, 0x00000000ae000000|  0%| F|  |TAMS 0x00000000ad000000| PB 0x00000000ad000000| Untracked
[7.127s][trace][gc,heap,region] GC(16) |  14|0x00000000ae000000, 0x00000000ae000000, 0x00000000af000000|  0%| F|  |TAMS 0x00000000ae000000| PB 0x00000000ae000000| Untracked
[7.127s][trace][gc,heap,region] GC(16) |  15|0x00000000af000000, 0x00000000af000000, 0x00000000b0000000|  0%| F|  |TAMS 0x00000000af000000| PB 0x00000000af000000| Untracked
[7.127s][trace][gc,heap,region] GC(16) |  16|0x00000000b0000000, 0x00000000b0000000, 0x00000000b1000000|  0%| F|  |TAMS 0x00000000b0000000| PB 0x00000000b0000000| Untracked
[7.127s][trace][gc,heap,region] GC(16) |  17|0x00000000b1000000, 0x00000000b1000000, 0x00000000b2000000|  0%| F|  |TAMS 0x00000000b1000000| PB 0x00000000b1000000| Untracked
[7.127s][trace][gc,heap,region] GC(16) |  18|0x00000000b2000000, 0x00000000b2000000, 0x00000000b3000000|  0%| F|  |TAMS 0x00000000b2000000| PB 0x00000000b2000000| Untracked
[7.127s][trace][gc,heap,region] GC(16) |  19|0x00000000b3000000, 0x00000000b3000000, 0x00000000b4000000|  0%| F|  |TAMS 0x00000000b3000000| PB 0x00000000b3000000| Untracked
[7.127s][trace][gc,heap,region] GC(16) |  20|0x00000000b4000000, 0x00000000b4000000, 0x00000000b5000000|  0%| F|  |TAMS 0x00000000b4000000| PB 0x00000000b4000000| Untracked
[7.127s][trace][gc,heap,region] GC(16) |  21|0x00000000b5000000, 0x00000000b5000000, 0x00000000b6000000|  0%| F|  |TAMS 0x00000000b5000000| PB 0x00000000b5000000| Untracked
[7.127s][trace][gc,heap,region] GC(16) |  22|0x00000000b6000000, 0x00000000b6000000, 0x00000000b7000000|  0%| F|  |TAMS 0x00000000b6000000| PB 0x00000000b6000000| Untracked
[7.127s][trace][gc,heap,region] GC(16) |  23|0x00000000b7000000, 0x00000000b7000000, 0x00000000b8000000|  0%| F|  |TAMS 0x00000000b7000000| PB 0x00000000b7000000| Untracked
[7.127s][trace][gc,heap,region] GC(16) |  24|0x00000000b8000000, 0x00000000b8000000, 0x00000000b9000000|  0%| F|  |TAMS 0x00000000b8000000| PB 0x00000000b8000000| Untracked
[7.127s][trace][gc,heap,region] GC(16) |  25|0x00000000b9000000, 0x00000000b9938210, 0x00000000ba000000| 57%| S|CS|TAMS 0x00000000b9000000| PB 0x00000000b9000000| Complete
[7.127s][trace][gc,heap,region] GC(16) |  26|0x00000000ba000000, 0x00000000ba000000, 0x00000000bb000000|  0%| F|  |TAMS 0x00000000ba000000| PB 0x00000000ba000000| Untracked
[7.127s][trace][gc,heap,region] GC(16) |  27|0x00000000bb000000, 0x00000000bb000000, 0x00000000bc000000|  0%| F|  |TAMS 0x00000000bb000000| PB 0x00000000bb000000| Untracked
[7.127s][trace][gc,heap,region] GC(16) |  28|0x00000000bc000000, 0x00000000bc000000, 0x00000000bd000000|  0%| F|  |TAMS 0x00000000bc000000| PB 0x00000000bc000000| Untracked
[7.127s][trace][gc,heap,region] GC(16) |  29|0x00000000bd000000, 0x00000000bd000000, 0x00000000be000000|  0%| F|  |TAMS 0x00000000bd000000| PB 0x00000000bd000000| Untracked
[7.127s][trace][gc,heap,region] GC(16) |  30|0x00000000be000000, 0x00000000be000000, 0x00000000bf000000|  0%| F|  |TAMS 0x00000000be000000| PB 0x00000000be000000| Untracked
[7.127s][trace][gc,heap,region] GC(16) |  31|0x00000000bf000000, 0x00000000bf000000, 0x00000000c0000000|  0%| F|  |TAMS 0x00000000bf000000| PB 0x00000000bf000000| Untracked
[7.127s][trace][gc,heap,region] GC(16) |  32|0x00000000c0000000, 0x00000000c0000000, 0x00000000c1000000|  0%| F|  |TAMS 0x00000000c0000000| PB 0x00000000c0000000| Untracked
[7.127s][trace][gc,heap,region] GC(16) |  33|0x00000000c1000000, 0x00000000c1000000, 0x00000000c2000000|  0%| F|  |TAMS 0x00000000c1000000| PB 0x00000000c1000000| Untracked
[7.127s][trace][gc,heap,region] GC(16) |  34|0x00000000c2000000, 0x00000000c2000000, 0x00000000c3000000|  0%| F|  |TAMS 0x00000000c2000000| PB 0x00000000c2000000| Untracked
[7.127s][trace][gc,heap,region] GC(16) |  35|0x00000000c3000000, 0x00000000c3000000, 0x00000000c4000000|  0%| F|  |TAMS 0x00000000c3000000| PB 0x00000000c3000000| Untracked
[7.127s][trace][gc,heap,region] GC(16) |  36|0x00000000c4000000, 0x00000000c4000000, 0x00000000c5000000|  0%| F|  |TAMS 0x00000000c4000000| PB 0x00000000c4000000| Untracked
[7.127s][trace][gc,heap,region] GC(16) |  37|0x00000000c5000000, 0x00000000c5000000, 0x00000000c6000000|  0%| F|  |TAMS 0x00000000c5000000| PB 0x00000000c5000000| Untracked
[7.127s][trace][gc,heap,region] GC(16) |  38|0x00000000c6000000, 0x00000000c6000000, 0x00000000c7000000|  0%| F|  |TAMS 0x00000000c6000000| PB 0x00000000c6000000| Untracked
[7.127s][trace][gc,heap,region] GC(16) |  39|0x00000000c7000000, 0x00000000c7000000, 0x00000000c8000000|  0%| F|  |TAMS 0x00000000c7000000| PB 0x00000000c7000000| Untracked
[7.127s][trace][gc,heap,region] GC(16) |  40|0x00000000c8000000, 0x00000000c8000000, 0x00000000c9000000|  0%| F|  |TAMS 0x00000000c8000000| PB 0x00000000c8000000| Untracked
[7.127s][trace][gc,heap,region] GC(16) |  41|0x00000000c9000000, 0x00000000c9000000, 0x00000000ca000000|  0%| F|  |TAMS 0x00000000c9000000| PB 0x00000000c9000000| Untracked
[7.127s][trace][gc,heap,region] GC(16) |  42|0x00000000ca000000, 0x00000000ca000000, 0x00000000cb000000|  0%| F|  |TAMS 0x00000000ca000000| PB 0x00000000ca000000| Untracked
[7.127s][trace][gc,heap,region] GC(16) |  43|0x00000000cb000000, 0x00000000cb000000, 0x00000000cc000000|  0%| F|  |TAMS 0x00000000cb000000| PB 0x00000000cb000000| Untracked
[7.127s][trace][gc,heap,region] GC(16) |  44|0x00000000cc000000, 0x00000000cc000000, 0x00000000cd000000|  0%| F|  |TAMS 0x00000000cc000000| PB 0x00000000cc000000| Untracked
[7.127s][trace][gc,heap,region] GC(16) |  45|0x00000000cd000000, 0x00000000cd000000, 0x00000000ce000000|  0%| F|  |TAMS 0x00000000cd000000| PB 0x00000000cd000000| Untracked
[7.127s][trace][gc,heap,region] GC(16) |  46|0x00000000ce000000, 0x00000000ce000000, 0x00000000cf000000|  0%| F|  |TAMS 0x00000000ce000000| PB 0x00000000ce000000| Untracked
[7.127s][trace][gc,heap,region] GC(16) |  47|0x00000000cf000000, 0x00000000cf000000, 0x00000000d0000000|  0%| F|  |TAMS 0x00000000cf000000| PB 0x00000000cf000000| Untracked
[7.127s][trace][gc,heap,region] GC(16) |  48|0x00000000d0000000, 0x00000000d0000000, 0x00000000d1000000|  0%| F|  |TAMS 0x00000000d0000000| PB 0x00000000d0000000| Untracked
[7.127s][trace][gc,heap,region] GC(16) |  49|0x00000000d1000000, 0x00000000d1000000, 0x00000000d2000000|  0%| F|  |TAMS 0x00000000d1000000| PB 0x00000000d1000000| Untracked
[7.127s][trace][gc,heap,region] GC(16) |  50|0x00000000d2000000, 0x00000000d2000000, 0x00000000d3000000|  0%| F|  |TAMS 0x00000000d2000000| PB 0x00000000d2000000| Untracked
[7.127s][trace][gc,heap,region] GC(16) |  51|0x00000000d3000000, 0x00000000d3000000, 0x00000000d4000000|  0%| F|  |TAMS 0x00000000d3000000| PB 0x00000000d3000000| Untracked
[7.127s][trace][gc,heap,region] GC(16) |  52|0x00000000d4000000, 0x00000000d4000000, 0x00000000d5000000|  0%| F|  |TAMS 0x00000000d4000000| PB 0x00000000d4000000| Untracked
[7.127s][trace][gc,heap,region] GC(16) |  53|0x00000000d5000000, 0x00000000d5000000, 0x00000000d6000000|  0%| F|  |TAMS 0x00000000d5000000| PB 0x00000000d5000000| Untracked
[7.127s][trace][gc,heap,region] GC(16) |  54|0x00000000d6000000, 0x00000000d6000000, 0x00000000d7000000|  0%| F|  |TAMS 0x00000000d6000000| PB 0x00000000d6000000| Untracked
[7.127s][trace][gc,heap,region] GC(16) |  55|0x00000000d7000000, 0x00000000d7000000, 0x00000000d8000000|  0%| F|  |TAMS 0x00000000d7000000| PB 0x00000000d7000000| Untracked
[7.127s][trace][gc,heap,region] GC(16) |  56|0x00000000d8000000, 0x00000000d8000000, 0x00000000d9000000|  0%| F|  |TAMS 0x00000000d8000000| PB 0x00000000d8000000| Untracked
[7.127s][trace][gc,heap,region] GC(16) |  57|0x00000000d9000000, 0x00000000d9000000, 0x00000000da000000|  0%| F|  |TAMS 0x00000000d9000000| PB 0x00000000d9000000| Untracked
[7.127s][trace][gc,heap,region] GC(16) |  58|0x00000000da000000, 0x00000000da000000, 0x00000000db000000|  0%| F|  |TAMS 0x00000000da000000| PB 0x00000000da000000| Untracked
[7.127s][trace][gc,heap,region] GC(16) |  59|0x00000000db000000, 0x00000000db000000, 0x00000000dc000000|  0%| F|  |TAMS 0x00000000db000000| PB 0x00000000db000000| Untracked
[7.127s][trace][gc,heap,region] GC(16) |  60|0x00000000dc000000, 0x00000000dc000000, 0x00000000dd000000|  0%| F|  |TAMS 0x00000000dc000000| PB 0x00000000dc000000| Untracked
[7.127s][trace][gc,heap,region] GC(16) |  61|0x00000000dd000000, 0x00000000dd000000, 0x00000000de000000|  0%| F|  |TAMS 0x00000000dd000000| PB 0x00000000dd000000| Untracked
[7.127s][trace][gc,heap,region] GC(16) |  62|0x00000000de000000, 0x00000000de000000, 0x00000000df000000|  0%| F|  |TAMS 0x00000000de000000| PB 0x00000000de000000| Untracked
[7.127s][trace][gc,heap,region] GC(16) |  63|0x00000000df000000, 0x00000000df000000, 0x00000000e0000000|  0%| F|  |TAMS 0x00000000df000000| PB 0x00000000df000000| Untracked
[7.753s][trace][gc,heap,region] GC(17) Heap Regions: E=young(eden), S=young(survivor), O=old, HS=humongous(starts), HC=humongous(continues), CS=collection set, F=free, TAMS=top-at-mark-start, PB=parsable bottom
[7.753s][trace][gc,heap,region] GC(17) |   0|0x00000000a0000000, 0x00000000a0000000, 0x00000000a1000000|  0%| F|  |TAMS 0x00000000a0000000| PB 0x00000000a0000000| Untracked
[7.753s][trace][gc,heap,region] GC(17) |   1|0x00000000a1000000, 0x00000000a1000000, 0x00000000a2000000|  0%| F|  |TAMS 0x00000000a1000000| PB 0x00000000a1000000| Untracked
[7.753s][trace][gc,heap,region] GC(17) |   2|0x00000000a2000000, 0x00000000a2000000, 0x00000000a3000000|  0%| F|  |TAMS 0x00000000a2000000| PB 0x00000000a2000000| Untracked
[7.753s][trace][gc,heap,region] GC(17) |   3|0x00000000a3000000, 0x00000000a39c7038, 0x00000000a4000000| 61%| O|  |TAMS 0x00000000a3000000| PB 0x00000000a3000000| Untracked
[7.753s][trace][gc,heap,region] GC(17) |   4|0x00000000a4000000, 0x00000000a4000000, 0x00000000a5000000|  0%| F|  |TAMS 0x00000000a4000000| PB 0x00000000a4000000| Untracked
[7.753s][trace][gc,heap,region] GC(17) |   5|0x00000000a5000000, 0x00000000a5000000, 0x00000000a6000000|  0%| F|  |TAMS 0x00000000a5000000| PB 0x00000000a5000000| Untracked
[7.753s][trace][gc,heap,region] GC(17) |   6|0x00000000a6000000, 0x00000000a6000000, 0x00000000a7000000|  0%| F|  |TAMS 0x00000000a6000000| PB 0x00000000a6000000| Untracked
[7.753s][trace][gc,heap,region] GC(17) |   7|0x00000000a7000000, 0x00000000a7000000, 0x00000000a8000000|  0%| F|  |TAMS 0x00000000a7000000| PB 0x00000000a7000000| Untracked
[7.753s][trace][gc,heap,region] GC(17) |   8|0x00000000a8000000, 0x00000000a8000000, 0x00000000a9000000|  0%| F|  |TAMS 0x00000000a8000000| PB 0x00000000a8000000| Untracked
[7.753s][trace][gc,heap,region] GC(17) |   9|0x00000000a9000000, 0x00000000a9000000, 0x00000000aa000000|  0%| F|  |TAMS 0x00000000a9000000| PB 0x00000000a9000000| Untracked
[7.753s][trace][gc,heap,region] GC(17) |  10|0x00000000aa000000, 0x00000000aa000000, 0x00000000ab000000|  0%| F|  |TAMS 0x00000000aa000000| PB 0x00000000aa000000| Untracked
[7.753s][trace][gc,heap,region] GC(17) |  11|0x00000000ab000000, 0x00000000ab000000, 0x00000000ac000000|  0%| F|  |TAMS 0x00000000ab000000| PB 0x00000000ab000000| Untracked
[7.753s][trace][gc,heap,region] GC(17) |  12|0x00000000ac000000, 0x00000000ac000000, 0x00000000ad000000|  0%| F|  |TAMS 0x00000000ac000000| PB 0x00000000ac000000| Untracked
[7.753s][trace][gc,heap,region] GC(17) |  13|0x00000000ad000000, 0x00000000ad000000, 0x00000000ae000000|  0%| F|  |TAMS 0x00000000ad000000| PB 0x00000000ad000000| Untracked
[7.753s][trace][gc,heap,region] GC(17) |  14|0x00000000ae000000, 0x00000000ae000000, 0x00000000af000000|  0%| F|  |TAMS 0x00000000ae000000| PB 0x00000000ae000000| Untracked
[7.753s][trace][gc,heap,region] GC(17) |  15|0x00000000af000000, 0x00000000af000000, 0x00000000b0000000|  0%| F|  |TAMS 0x00000000af000000| PB 0x00000000af000000| Untracked
[7.753s][trace][gc,heap,region] GC(17) |  16|0x00000000b0000000, 0x00000000b0000000, 0x00000000b1000000|  0%| F|  |TAMS 0x00000000b0000000| PB 0x00000000b0000000| Untracked
[7.753s][trace][gc,heap,region] GC(17) |  17|0x00000000b1000000, 0x00000000b1000000, 0x00000000b2000000|  0%| F|  |TAMS 0x00000000b1000000| PB 0x00000000b1000000| Untracked
[7.753s][trace][gc,heap,region] GC(17) |  18|0x00000000b2000000, 0x00000000b2000000, 0x00000000b3000000|  0%| F|  |TAMS 0x00000000b2000000| PB 0x00000000b2000000| Untracked
[7.753s][trace][gc,heap,region] GC(17) |  19|0x00000000b3000000, 0x00000000b3000000, 0x00000000b4000000|  0%| F|  |TAMS 0x00000000b3000000| PB 0x00000000b3000000| Untracked
[7.753s][trace][gc,heap,region] GC(17) |  20|0x00000000b4000000, 0x00000000b4000000, 0x00000000b5000000|  0%| F|  |TAMS 0x00000000b4000000| PB 0x00000000b4000000| Untracked
[7.753s][trace][gc,heap,region] GC(17) |  21|0x00000000b5000000, 0x00000000b5000000, 0x00000000b6000000|  0%| F|  |TAMS 0x00000000b5000000| PB 0x00000000b5000000| Untracked
[7.753s][trace][gc,heap,region] GC(17) |  22|0x00000000b6000000, 0x00000000b6000000, 0x00000000b7000000|  0%| F|  |TAMS 0x00000000b6000000| PB 0x00000000b6000000| Untracked
[7.753s][trace][gc,heap,region] GC(17) |  23|0x00000000b7000000, 0x00000000b7000000, 0x00000000b8000000|  0%| F|  |TAMS 0x00000000b7000000| PB 0x00000000b7000000| Untracked
[7.753s][trace][gc,heap,region] GC(17) |  24|0x00000000b8000000, 0x00000000b8000000, 0x00000000b9000000|  0%| F|  |TAMS 0x00000000b8000000| PB 0x00000000b8000000| Untracked
[7.753s][trace][gc,heap,region] GC(17) |  25|0x00000000b9000000, 0x00000000b9938210, 0x00000000ba000000| 57%| S|CS|TAMS 0x00000000b9000000| PB 0x00000000b9000000| Complete
[7.753s][trace][gc,heap,region] GC(17) |  26|0x00000000ba000000, 0x00000000ba000000, 0x00000000bb000000|  0%| F|  |TAMS 0x00000000ba000000| PB 0x00000000ba000000| Untracked
[7.753s][trace][gc,heap,region] GC(17) |  27|0x00000000bb000000, 0x00000000bc000000, 0x00000000bc000000|100%| E|CS|TAMS 0x00000000bb000000| PB 0x00000000bb000000| Complete
[7.753s][trace][gc,heap,region] GC(17) |  28|0x00000000bc000000, 0x00000000bd000000, 0x00000000bd000000|100%| E|CS|TAMS 0x00000000bc000000| PB 0x00000000bc000000| Complete
[7.753s][trace][gc,heap,region] GC(17) |  29|0x00000000bd000000, 0x00000000be000000, 0x00000000be000000|100%| E|CS|TAMS 0x00000000bd000000| PB 0x00000000bd000000| Complete
[7.753s][trace][gc,heap,region] GC(17) |  30|0x00000000be000000, 0x00000000bf000000, 0x00000000bf000000|100%| E|CS|TAMS 0x00000000be000000| PB 0x00000000be000000| Complete
[7.753s][trace][gc,heap,region] GC(17) |  31|0x00000000bf000000, 0x00000000c0000000, 0x00000000c0000000|100%| E|CS|TAMS 0x00000000bf000000| PB 0x00000000bf000000| Complete
[7.753s][trace][gc,heap,region] GC(17) |  32|0x00000000c0000000, 0x00000000c1000000, 0x00000000c1000000|100%| E|CS|TAMS 0x00000000c0000000| PB 0x00000000c0000000| Complete
[7.753s][trace][gc,heap,region] GC(17) |  33|0x00000000c1000000, 0x00000000c2000000, 0x00000000c2000000|100%| E|CS|TAMS 0x00000000c1000000| PB 0x00000000c1000000| Complete
[7.753s][trace][gc,heap,region] GC(17) |  34|0x00000000c2000000, 0x00000000c3000000, 0x00000000c3000000|100%| E|CS|TAMS 0x00000000c2000000| PB 0x00000000c2000000| Complete
[7.753s][trace][gc,heap,region] GC(17) |  35|0x00000000c3000000, 0x00000000c4000000, 0x00000000c4000000|100%| E|CS|TAMS 0x00000000c3000000| PB 0x00000000c3000000| Complete
[7.753s][trace][gc,heap,region] GC(17) |  36|0x00000000c4000000, 0x00000000c5000000, 0x00000000c5000000|100%| E|CS|TAMS 0x00000000c4000000| PB 0x00000000c4000000| Complete
[7.753s][trace][gc,heap,region] GC(17) |  37|0x00000000c5000000, 0x00000000c6000000, 0x00000000c6000000|100%| E|CS|TAMS 0x00000000c5000000| PB 0x00000000c5000000| Complete
[7.753s][trace][gc,heap,region] GC(17) |  38|0x00000000c6000000, 0x00000000c7000000, 0x00000000c7000000|100%| E|CS|TAMS 0x00000000c6000000| PB 0x00000000c6000000| Complete
[7.753s][trace][gc,heap,region] GC(17) |  39|0x00000000c7000000, 0x00000000c8000000, 0x00000000c8000000|100%| E|CS|TAMS 0x00000000c7000000| PB 0x00000000c7000000| Complete
[7.753s][trace][gc,heap,region] GC(17) |  40|0x00000000c8000000, 0x00000000c9000000, 0x00000000c9000000|100%| E|CS|TAMS 0x00000000c8000000| PB 0x00000000c8000000| Complete
[7.753s][trace][gc,heap,region] GC(17) |  41|0x00000000c9000000, 0x00000000ca000000, 0x00000000ca000000|100%| E|CS|TAMS 0x00000000c9000000| PB 0x00000000c9000000| Complete
[7.753s][trace][gc,heap,region] GC(17) |  42|0x00000000ca000000, 0x00000000cb000000, 0x00000000cb000000|100%| E|CS|TAMS 0x00000000ca000000| PB 0x00000000ca000000| Complete
[7.753s][trace][gc,heap,region] GC(17) |  43|0x00000000cb000000, 0x00000000cc000000, 0x00000000cc000000|100%| E|CS|TAMS 0x00000000cb000000| PB 0x00000000cb000000| Complete
[7.753s][trace][gc,heap,region] GC(17) |  44|0x00000000cc000000, 0x00000000cd000000, 0x00000000cd000000|100%| E|CS|TAMS 0x00000000cc000000| PB 0x00000000cc000000| Complete
[7.753s][trace][gc,heap,region] GC(17) |  45|0x00000000cd000000, 0x00000000ce000000, 0x00000000ce000000|100%| E|CS|TAMS 0x00000000cd000000| PB 0x00000000cd000000| Complete
[7.753s][trace][gc,heap,region] GC(17) |  46|0x00000000ce000000, 0x00000000cf000000, 0x00000000cf000000|100%| E|CS|TAMS 0x00000000ce000000| PB 0x00000000ce000000| Complete
[7.753s][trace][gc,heap,region] GC(17) |  47|0x00000000cf000000, 0x00000000d0000000, 0x00000000d0000000|100%| E|CS|TAMS 0x00000000cf000000| PB 0x00000000cf000000| Complete
[7.753s][trace][gc,heap,region] GC(17) |  48|0x00000000d0000000, 0x00000000d1000000, 0x00000000d1000000|100%| E|CS|TAMS 0x00000000d0000000| PB 0x00000000d0000000| Complete
[7.753s][trace][gc,heap,region] GC(17) |  49|0x00000000d1000000, 0x00000000d2000000, 0x00000000d2000000|100%| E|CS|TAMS 0x00000000d1000000| PB 0x00000000d1000000| Complete
[7.753s][trace][gc,heap,region] GC(17) |  50|0x00000000d2000000, 0x00000000d3000000, 0x00000000d3000000|100%| E|CS|TAMS 0x00000000d2000000| PB 0x00000000d2000000| Complete
[7.753s][trace][gc,heap,region] GC(17) |  51|0x00000000d3000000, 0x00000000d4000000, 0x00000000d4000000|100%| E|CS|TAMS 0x00000000d3000000| PB 0x00000000d3000000| Complete
[7.753s][trace][gc,heap,region] GC(17) |  52|0x00000000d4000000, 0x00000000d5000000, 0x00000000d5000000|100%| E|CS|TAMS 0x00000000d4000000| PB 0x00000000d4000000| Complete
[7.753s][trace][gc,heap,region] GC(17) |  53|0x00000000d5000000, 0x00000000d6000000, 0x00000000d6000000|100%| E|CS|TAMS 0x00000000d5000000| PB 0x00000000d5000000| Complete
[7.753s][trace][gc,heap,region] GC(17) |  54|0x00000000d6000000, 0x00000000d7000000, 0x00000000d7000000|100%| E|CS|TAMS 0x00000000d6000000| PB 0x00000000d6000000| Complete
[7.753s][trace][gc,heap,region] GC(17) |  55|0x00000000d7000000, 0x00000000d8000000, 0x00000000d8000000|100%| E|CS|TAMS 0x00000000d7000000| PB 0x00000000d7000000| Complete
[7.753s][trace][gc,heap,region] GC(17) |  56|0x00000000d8000000, 0x00000000d9000000, 0x00000000d9000000|100%| E|CS|TAMS 0x00000000d8000000| PB 0x00000000d8000000| Complete
[7.753s][trace][gc,heap,region] GC(17) |  57|0x00000000d9000000, 0x00000000da000000, 0x00000000da000000|100%| E|CS|TAMS 0x00000000d9000000| PB 0x00000000d9000000| Complete
[7.753s][trace][gc,heap,region] GC(17) |  58|0x00000000da000000, 0x00000000db000000, 0x00000000db000000|100%| E|CS|TAMS 0x00000000da000000| PB 0x00000000da000000| Complete
[7.753s][trace][gc,heap,region] GC(17) |  59|0x00000000db000000, 0x00000000dc000000, 0x00000000dc000000|100%| E|CS|TAMS 0x00000000db000000| PB 0x00000000db000000| Complete
[7.753s][trace][gc,heap,region] GC(17) |  60|0x00000000dc000000, 0x00000000dd000000, 0x00000000dd000000|100%| E|CS|TAMS 0x00000000dc000000| PB 0x00000000dc000000| Complete
[7.753s][trace][gc,heap,region] GC(17) |  61|0x00000000dd000000, 0x00000000de000000, 0x00000000de000000|100%| E|CS|TAMS 0x00000000dd000000| PB 0x00000000dd000000| Complete
[7.753s][trace][gc,heap,region] GC(17) |  62|0x00000000de000000, 0x00000000df000000, 0x00000000df000000|100%| E|CS|TAMS 0x00000000de000000| PB 0x00000000de000000| Complete
[7.753s][trace][gc,heap,region] GC(17) |  63|0x00000000df000000, 0x00000000e0000000, 0x00000000e0000000|100%| E|CS|TAMS 0x00000000df000000| PB 0x00000000df000000| Complete
[7.758s][trace][gc,heap,region] GC(17) Heap Regions: E=young(eden), S=young(survivor), O=old, HS=humongous(starts), HC=humongous(continues), CS=collection set, F=free, TAMS=top-at-mark-start, PB=parsable bottom
[7.758s][trace][gc,heap,region] GC(17) |   0|0x00000000a0000000, 0x00000000a0000000, 0x00000000a1000000|  0%| F|  |TAMS 0x00000000a0000000| PB 0x00000000a0000000| Untracked
[7.758s][trace][gc,heap,region] GC(17) |   1|0x00000000a1000000, 0x00000000a1000000, 0x00000000a2000000|  0%| F|  |TAMS 0x00000000a1000000| PB 0x00000000a1000000| Untracked
[7.758s][trace][gc,heap,region] GC(17) |   2|0x00000000a2000000, 0x00000000a2000000, 0x00000000a3000000|  0%| F|  |TAMS 0x00000000a2000000| PB 0x00000000a2000000| Untracked
[7.758s][trace][gc,heap,region] GC(17) |   3|0x00000000a3000000, 0x00000000a39c7038, 0x00000000a4000000| 61%| O|  |TAMS 0x00000000a3000000| PB 0x00000000a3000000| Untracked
[7.758s][trace][gc,heap,region] GC(17) |   4|0x00000000a4000000, 0x00000000a4000000, 0x00000000a5000000|  0%| F|  |TAMS 0x00000000a4000000| PB 0x00000000a4000000| Untracked
[7.758s][trace][gc,heap,region] GC(17) |   5|0x00000000a5000000, 0x00000000a5000000, 0x00000000a6000000|  0%| F|  |TAMS 0x00000000a5000000| PB 0x00000000a5000000| Untracked
[7.758s][trace][gc,heap,region] GC(17) |   6|0x00000000a6000000, 0x00000000a6000000, 0x00000000a7000000|  0%| F|  |TAMS 0x00000000a6000000| PB 0x00000000a6000000| Untracked
[7.758s][trace][gc,heap,region] GC(17) |   7|0x00000000a7000000, 0x00000000a7000000, 0x00000000a8000000|  0%| F|  |TAMS 0x00000000a7000000| PB 0x00000000a7000000| Untracked
[7.758s][trace][gc,heap,region] GC(17) |   8|0x00000000a8000000, 0x00000000a8000000, 0x00000000a9000000|  0%| F|  |TAMS 0x00000000a8000000| PB 0x00000000a8000000| Untracked
[7.758s][trace][gc,heap,region] GC(17) |   9|0x00000000a9000000, 0x00000000a9000000, 0x00000000aa000000|  0%| F|  |TAMS 0x00000000a9000000| PB 0x00000000a9000000| Untracked
[7.758s][trace][gc,heap,region] GC(17) |  10|0x00000000aa000000, 0x00000000aa000000, 0x00000000ab000000|  0%| F|  |TAMS 0x00000000aa000000| PB 0x00000000aa000000| Untracked
[7.758s][trace][gc,heap,region] GC(17) |  11|0x00000000ab000000, 0x00000000ab000000, 0x00000000ac000000|  0%| F|  |TAMS 0x00000000ab000000| PB 0x00000000ab000000| Untracked
[7.758s][trace][gc,heap,region] GC(17) |  12|0x00000000ac000000, 0x00000000ac000000, 0x00000000ad000000|  0%| F|  |TAMS 0x00000000ac000000| PB 0x00000000ac000000| Untracked
[7.758s][trace][gc,heap,region] GC(17) |  13|0x00000000ad000000, 0x00000000ad000000, 0x00000000ae000000|  0%| F|  |TAMS 0x00000000ad000000| PB 0x00000000ad000000| Untracked
[7.758s][trace][gc,heap,region] GC(17) |  14|0x00000000ae000000, 0x00000000ae000000, 0x00000000af000000|  0%| F|  |TAMS 0x00000000ae000000| PB 0x00000000ae000000| Untracked
[7.758s][trace][gc,heap,region] GC(17) |  15|0x00000000af000000, 0x00000000af000000, 0x00000000b0000000|  0%| F|  |TAMS 0x00000000af000000| PB 0x00000000af000000| Untracked
[7.758s][trace][gc,heap,region] GC(17) |  16|0x00000000b0000000, 0x00000000b0000000, 0x00000000b1000000|  0%| F|  |TAMS 0x00000000b0000000| PB 0x00000000b0000000| Untracked
[7.758s][trace][gc,heap,region] GC(17) |  17|0x00000000b1000000, 0x00000000b1000000, 0x00000000b2000000|  0%| F|  |TAMS 0x00000000b1000000| PB 0x00000000b1000000| Untracked
[7.758s][trace][gc,heap,region] GC(17) |  18|0x00000000b2000000, 0x00000000b2000000, 0x00000000b3000000|  0%| F|  |TAMS 0x00000000b2000000| PB 0x00000000b2000000| Untracked
[7.758s][trace][gc,heap,region] GC(17) |  19|0x00000000b3000000, 0x00000000b3000000, 0x00000000b4000000|  0%| F|  |TAMS 0x00000000b3000000| PB 0x00000000b3000000| Untracked
[7.758s][trace][gc,heap,region] GC(17) |  20|0x00000000b4000000, 0x00000000b4000000, 0x00000000b5000000|  0%| F|  |TAMS 0x00000000b4000000| PB 0x00000000b4000000| Untracked
[7.758s][trace][gc,heap,region] GC(17) |  21|0x00000000b5000000, 0x00000000b5000000, 0x00000000b6000000|  0%| F|  |TAMS 0x00000000b5000000| PB 0x00000000b5000000| Untracked
[7.758s][trace][gc,heap,region] GC(17) |  22|0x00000000b6000000, 0x00000000b6000000, 0x00000000b7000000|  0%| F|  |TAMS 0x00000000b6000000| PB 0x00000000b6000000| Untracked
[7.758s][trace][gc,heap,region] GC(17) |  23|0x00000000b7000000, 0x00000000b7000000, 0x00000000b8000000|  0%| F|  |TAMS 0x00000000b7000000| PB 0x00000000b7000000| Untracked
[7.758s][trace][gc,heap,region] GC(17) |  24|0x00000000b8000000, 0x00000000b8000000, 0x00000000b9000000|  0%| F|  |TAMS 0x00000000b8000000| PB 0x00000000b8000000| Untracked
[7.758s][trace][gc,heap,region] GC(17) |  25|0x00000000b9000000, 0x00000000b9000000, 0x00000000ba000000|  0%| F|  |TAMS 0x00000000b9000000| PB 0x00000000b9000000| Untracked
[7.758s][trace][gc,heap,region] GC(17) |  26|0x00000000ba000000, 0x00000000ba9636b0, 0x00000000bb000000| 58%| S|CS|TAMS 0x00000000ba000000| PB 0x00000000ba000000| Complete
[7.758s][trace][gc,heap,region] GC(17) |  27|0x00000000bb000000, 0x00000000bb000000, 0x00000000bc000000|  0%| F|  |TAMS 0x00000000bb000000| PB 0x00000000bb000000| Untracked
[7.758s][trace][gc,heap,region] GC(17) |  28|0x00000000bc000000, 0x00000000bc000000, 0x00000000bd000000|  0%| F|  |TAMS 0x00000000bc000000| PB 0x00000000bc000000| Untracked
[7.758s][trace][gc,heap,region] GC(17) |  29|0x00000000bd000000, 0x00000000bd000000, 0x00000000be000000|  0%| F|  |TAMS 0x00000000bd000000| PB 0x00000000bd000000| Untracked
[7.758s][trace][gc,heap,region] GC(17) |  30|0x00000000be000000, 0x00000000be000000, 0x00000000bf000000|  0%| F|  |TAMS 0x00000000be000000| PB 0x00000000be000000| Untracked
[7.758s][trace][gc,heap,region] GC(17) |  31|0x00000000bf000000, 0x00000000bf000000, 0x00000000c0000000|  0%| F|  |TAMS 0x00000000bf000000| PB 0x00000000bf000000| Untracked
[7.758s][trace][gc,heap,region] GC(17) |  32|0x00000000c0000000, 0x00000000c0000000, 0x00000000c1000000|  0%| F|  |TAMS 0x00000000c0000000| PB 0x00000000c0000000| Untracked
[7.758s][trace][gc,heap,region] GC(17) |  33|0x00000000c1000000, 0x00000000c1000000, 0x00000000c2000000|  0%| F|  |TAMS 0x00000000c1000000| PB 0x00000000c1000000| Untracked
[7.758s][trace][gc,heap,region] GC(17) |  34|0x00000000c2000000, 0x00000000c2000000, 0x00000000c3000000|  0%| F|  |TAMS 0x00000000c2000000| PB 0x00000000c2000000| Untracked
[7.758s][trace][gc,heap,region] GC(17) |  35|0x00000000c3000000, 0x00000000c3000000, 0x00000000c4000000|  0%| F|  |TAMS 0x00000000c3000000| PB 0x00000000c3000000| Untracked
[7.758s][trace][gc,heap,region] GC(17) |  36|0x00000000c4000000, 0x00000000c4000000, 0x00000000c5000000|  0%| F|  |TAMS 0x00000000c4000000| PB 0x00000000c4000000| Untracked
[7.758s][trace][gc,heap,region] GC(17) |  37|0x00000000c5000000, 0x00000000c5000000, 0x00000000c6000000|  0%| F|  |TAMS 0x00000000c5000000| PB 0x00000000c5000000| Untracked
[7.758s][trace][gc,heap,region] GC(17) |  38|0x00000000c6000000, 0x00000000c6000000, 0x00000000c7000000|  0%| F|  |TAMS 0x00000000c6000000| PB 0x00000000c6000000| Untracked
[7.758s][trace][gc,heap,region] GC(17) |  39|0x00000000c7000000, 0x00000000c7000000, 0x00000000c8000000|  0%| F|  |TAMS 0x00000000c7000000| PB 0x00000000c7000000| Untracked
[7.758s][trace][gc,heap,region] GC(17) |  40|0x00000000c8000000, 0x00000000c8000000, 0x00000000c9000000|  0%| F|  |TAMS 0x00000000c8000000| PB 0x00000000c8000000| Untracked
[7.758s][trace][gc,heap,region] GC(17) |  41|0x00000000c9000000, 0x00000000c9000000, 0x00000000ca000000|  0%| F|  |TAMS 0x00000000c9000000| PB 0x00000000c9000000| Untracked
[7.758s][trace][gc,heap,region] GC(17) |  42|0x00000000ca000000, 0x00000000ca000000, 0x00000000cb000000|  0%| F|  |TAMS 0x00000000ca000000| PB 0x00000000ca000000| Untracked
[7.758s][trace][gc,heap,region] GC(17) |  43|0x00000000cb000000, 0x00000000cb000000, 0x00000000cc000000|  0%| F|  |TAMS 0x00000000cb000000| PB 0x00000000cb000000| Untracked
[7.758s][trace][gc,heap,region] GC(17) |  44|0x00000000cc000000, 0x00000000cc000000, 0x00000000cd000000|  0%| F|  |TAMS 0x00000000cc000000| PB 0x00000000cc000000| Untracked
[7.758s][trace][gc,heap,region] GC(17) |  45|0x00000000cd000000, 0x00000000cd000000, 0x00000000ce000000|  0%| F|  |TAMS 0x00000000cd000000| PB 0x00000000cd000000| Untracked
[7.758s][trace][gc,heap,region] GC(17) |  46|0x00000000ce000000, 0x00000000ce000000, 0x00000000cf000000|  0%| F|  |TAMS 0x00000000ce000000| PB 0x00000000ce000000| Untracked
[7.758s][trace][gc,heap,region] GC(17) |  47|0x00000000cf000000, 0x00000000cf000000, 0x00000000d0000000|  0%| F|  |TAMS 0x00000000cf000000| PB 0x00000000cf000000| Untracked
[7.758s][trace][gc,heap,region] GC(17) |  48|0x00000000d0000000, 0x00000000d0000000, 0x00000000d1000000|  0%| F|  |TAMS 0x00000000d0000000| PB 0x00000000d0000000| Untracked
[7.758s][trace][gc,heap,region] GC(17) |  49|0x00000000d1000000, 0x00000000d1000000, 0x00000000d2000000|  0%| F|  |TAMS 0x00000000d1000000| PB 0x00000000d1000000| Untracked
[7.758s][trace][gc,heap,region] GC(17) |  50|0x00000000d2000000, 0x00000000d2000000, 0x00000000d3000000|  0%| F|  |TAMS 0x00000000d2000000| PB 0x00000000d2000000| Untracked
[7.758s][trace][gc,heap,region] GC(17) |  51|0x00000000d3000000, 0x00000000d3000000, 0x00000000d4000000|  0%| F|  |TAMS 0x00000000d3000000| PB 0x00000000d3000000| Untracked
[7.758s][trace][gc,heap,region] GC(17) |  52|0x00000000d4000000, 0x00000000d4000000, 0x00000000d5000000|  0%| F|  |TAMS 0x00000000d4000000| PB 0x00000000d4000000| Untracked
[7.758s][trace][gc,heap,region] GC(17) |  53|0x00000000d5000000, 0x00000000d5000000, 0x00000000d6000000|  0%| F|  |TAMS 0x00000000d5000000| PB 0x00000000d5000000| Untracked
[7.758s][trace][gc,heap,region] GC(17) |  54|0x00000000d6000000, 0x00000000d6000000, 0x00000000d7000000|  0%| F|  |TAMS 0x00000000d6000000| PB 0x00000000d6000000| Untracked
[7.758s][trace][gc,heap,region] GC(17) |  55|0x00000000d7000000, 0x00000000d7000000, 0x00000000d8000000|  0%| F|  |TAMS 0x00000000d7000000| PB 0x00000000d7000000| Untracked
[7.758s][trace][gc,heap,region] GC(17) |  56|0x00000000d8000000, 0x00000000d8000000, 0x00000000d9000000|  0%| F|  |TAMS 0x00000000d8000000| PB 0x00000000d8000000| Untracked
[7.758s][trace][gc,heap,region] GC(17) |  57|0x00000000d9000000, 0x00000000d9000000, 0x00000000da000000|  0%| F|  |TAMS 0x00000000d9000000| PB 0x00000000d9000000| Untracked
[7.758s][trace][gc,heap,region] GC(17) |  58|0x00000000da000000, 0x00000000da000000, 0x00000000db000000|  0%| F|  |TAMS 0x00000000da000000| PB 0x00000000da000000| Untracked
[7.758s][trace][gc,heap,region] GC(17) |  59|0x00000000db000000, 0x00000000db000000, 0x00000000dc000000|  0%| F|  |TAMS 0x00000000db000000| PB 0x00000000db000000| Untracked
[7.758s][trace][gc,heap,region] GC(17) |  60|0x00000000dc000000, 0x00000000dc000000, 0x00000000dd000000|  0%| F|  |TAMS 0x00000000dc000000| PB 0x00000000dc000000| Untracked
[7.758s][trace][gc,heap,region] GC(17) |  61|0x00000000dd000000, 0x00000000dd000000, 0x00000000de000000|  0%| F|  |TAMS 0x00000000dd000000| PB 0x00000000dd000000| Untracked
[7.758s][trace][gc,heap,region] GC(17) |  62|0x00000000de000000, 0x00000000de000000, 0x00000000df000000|  0%| F|  |TAMS 0x00000000de000000| PB 0x00000000de000000| Untracked
[7.758s][trace][gc,heap,region] GC(17) |  63|0x00000000df000000, 0x00000000df000000, 0x00000000e0000000|  0%| F|  |TAMS 0x00000000df000000| PB 0x00000000df000000| Untracked
